Archive member included to satisfy reference by file (symbol)

c:/program files (x86)/atmel/studio/7.0/toolchain/arm/arm-gnu-toolchain/bin/../lib/gcc/arm-none-eabi/6.3.1/../../../../arm-none-eabi/lib/thumb/v7-m\libc.a(lib_a-atoi.o)
                              src/Kernel/shellcmd.o (atoi)
c:/program files (x86)/atmel/studio/7.0/toolchain/arm/arm-gnu-toolchain/bin/../lib/gcc/arm-none-eabi/6.3.1/../../../../arm-none-eabi/lib/thumb/v7-m\libc.a(lib_a-exit.o)
                              c:/program files (x86)/atmel/studio/7.0/toolchain/arm/arm-gnu-toolchain/bin/../lib/gcc/arm-none-eabi/6.3.1/../../../../arm-none-eabi/lib/thumb/v7-m/crt0.o (exit)
c:/program files (x86)/atmel/studio/7.0/toolchain/arm/arm-gnu-toolchain/bin/../lib/gcc/arm-none-eabi/6.3.1/../../../../arm-none-eabi/lib/thumb/v7-m\libc.a(lib_a-impure.o)
                              c:/program files (x86)/atmel/studio/7.0/toolchain/arm/arm-gnu-toolchain/bin/../lib/gcc/arm-none-eabi/6.3.1/../../../../arm-none-eabi/lib/thumb/v7-m\libc.a(lib_a-exit.o) (_global_impure_ptr)
c:/program files (x86)/atmel/studio/7.0/toolchain/arm/arm-gnu-toolchain/bin/../lib/gcc/arm-none-eabi/6.3.1/../../../../arm-none-eabi/lib/thumb/v7-m\libc.a(lib_a-init.o)
                              c:/program files (x86)/atmel/studio/7.0/toolchain/arm/arm-gnu-toolchain/bin/../lib/gcc/arm-none-eabi/6.3.1/../../../../arm-none-eabi/lib/thumb/v7-m/crt0.o (__libc_init_array)
c:/program files (x86)/atmel/studio/7.0/toolchain/arm/arm-gnu-toolchain/bin/../lib/gcc/arm-none-eabi/6.3.1/../../../../arm-none-eabi/lib/thumb/v7-m\libc.a(lib_a-memcpy.o)
                              src/ASF/common/drivers/nvm/sam/sam_nvm.o (memcpy)
c:/program files (x86)/atmel/studio/7.0/toolchain/arm/arm-gnu-toolchain/bin/../lib/gcc/arm-none-eabi/6.3.1/../../../../arm-none-eabi/lib/thumb/v7-m\libc.a(lib_a-memset.o)
                              c:/program files (x86)/atmel/studio/7.0/toolchain/arm/arm-gnu-toolchain/bin/../lib/gcc/arm-none-eabi/6.3.1/../../../../arm-none-eabi/lib/thumb/v7-m/crt0.o (memset)
c:/program files (x86)/atmel/studio/7.0/toolchain/arm/arm-gnu-toolchain/bin/../lib/gcc/arm-none-eabi/6.3.1/../../../../arm-none-eabi/lib/thumb/v7-m\libc.a(lib_a-sprintf.o)
                              src/Kernel/shell.o (sprintf)
c:/program files (x86)/atmel/studio/7.0/toolchain/arm/arm-gnu-toolchain/bin/../lib/gcc/arm-none-eabi/6.3.1/../../../../arm-none-eabi/lib/thumb/v7-m\libc.a(lib_a-strlen-stub.o)
                              src/Kernel/shell.o (strlen)
c:/program files (x86)/atmel/studio/7.0/toolchain/arm/arm-gnu-toolchain/bin/../lib/gcc/arm-none-eabi/6.3.1/../../../../arm-none-eabi/lib/thumb/v7-m\libc.a(lib_a-strtok.o)
                              src/Kernel/shell.o (strtok)
c:/program files (x86)/atmel/studio/7.0/toolchain/arm/arm-gnu-toolchain/bin/../lib/gcc/arm-none-eabi/6.3.1/../../../../arm-none-eabi/lib/thumb/v7-m\libc.a(lib_a-strtok_r.o)
                              c:/program files (x86)/atmel/studio/7.0/toolchain/arm/arm-gnu-toolchain/bin/../lib/gcc/arm-none-eabi/6.3.1/../../../../arm-none-eabi/lib/thumb/v7-m\libc.a(lib_a-strtok.o) (__strtok_r)
c:/program files (x86)/atmel/studio/7.0/toolchain/arm/arm-gnu-toolchain/bin/../lib/gcc/arm-none-eabi/6.3.1/../../../../arm-none-eabi/lib/thumb/v7-m\libc.a(lib_a-strtol.o)
                              c:/program files (x86)/atmel/studio/7.0/toolchain/arm/arm-gnu-toolchain/bin/../lib/gcc/arm-none-eabi/6.3.1/../../../../arm-none-eabi/lib/thumb/v7-m\libc.a(lib_a-atoi.o) (_strtol_r)
c:/program files (x86)/atmel/studio/7.0/toolchain/arm/arm-gnu-toolchain/bin/../lib/gcc/arm-none-eabi/6.3.1/../../../../arm-none-eabi/lib/thumb/v7-m\libc.a(lib_a-svfprintf.o)
                              c:/program files (x86)/atmel/studio/7.0/toolchain/arm/arm-gnu-toolchain/bin/../lib/gcc/arm-none-eabi/6.3.1/../../../../arm-none-eabi/lib/thumb/v7-m\libc.a(lib_a-sprintf.o) (_svfprintf_r)
c:/program files (x86)/atmel/studio/7.0/toolchain/arm/arm-gnu-toolchain/bin/../lib/gcc/arm-none-eabi/6.3.1/../../../../arm-none-eabi/lib/thumb/v7-m\libc.a(lib_a-__call_atexit.o)
                              c:/program files (x86)/atmel/studio/7.0/toolchain/arm/arm-gnu-toolchain/bin/../lib/gcc/arm-none-eabi/6.3.1/../../../../arm-none-eabi/lib/thumb/v7-m\libc.a(lib_a-exit.o) (__call_exitprocs)
c:/program files (x86)/atmel/studio/7.0/toolchain/arm/arm-gnu-toolchain/bin/../lib/gcc/arm-none-eabi/6.3.1/../../../../arm-none-eabi/lib/thumb/v7-m\libc.a(lib_a-atexit.o)
                              c:/program files (x86)/atmel/studio/7.0/toolchain/arm/arm-gnu-toolchain/bin/../lib/gcc/arm-none-eabi/6.3.1/../../../../arm-none-eabi/lib/thumb/v7-m\libc.a(lib_a-__call_atexit.o) (atexit)
c:/program files (x86)/atmel/studio/7.0/toolchain/arm/arm-gnu-toolchain/bin/../lib/gcc/arm-none-eabi/6.3.1/../../../../arm-none-eabi/lib/thumb/v7-m\libc.a(lib_a-dtoa.o)
[...]
Memory Configuration

Name             Origin             Length             Attributes
flash0           0x00080000         0x00020000         w !xr
flash1           0x00100000         0x00020000         w !xr
sram0            0x20000000         0x00008000         w !xr
sram1            0x20080000         0x00004000         w !xr
rom              0x000e0000         0x00040000         xr
ram              0x20078000         0x0000c000         xrw
*default*        0x00000000         0xffffffff

Linker script and memory map

LOAD c:/program files (x86)/atmel/studio/7.0/toolchain/arm/arm-gnu-toolchain/bin/../lib/gcc/arm-none-eabi/6.3.1/thumb/v7-m/crti.o
LOAD c:/program files (x86)/atmel/studio/7.0/toolchain/arm/arm-gnu-toolchain/bin/../lib/gcc/arm-none-eabi/6.3.1/thumb/v7-m/crtbegin.o
LOAD c:/program files (x86)/atmel/studio/7.0/toolchain/arm/arm-gnu-toolchain/bin/../lib/gcc/arm-none-eabi/6.3.1/../../../../arm-none-eabi/lib/thumb/v7-m/crt0.o
LOAD src/ASF/sam/drivers/pio/pio_handler.o
LOAD src/Kernel/CRC16MODBUS.o
LOAD src/Kernel/error.o
LOAD src/Kernel/shell.o
LOAD src/Kernel/shellcmd.o
LOAD src/Kernel/shellcom.o
LOAD src/Kernel/taskman.o
LOAD src/Sources files/main.o
LOAD src/Sources files/menu.o
LOAD src/ASF/common/services/delay/sam/cycle_counter.o
LOAD src/ASF/common/services/clock/sam3u/sysclk.o
LOAD src/ASF/common/drivers/nvm/sam/sam_nvm.o
LOAD src/ASF/sam/drivers/efc/efc.o
LOAD src/ASF/sam/drivers/pio/pio.o
LOAD src/ASF/sam/drivers/pmc/pmc.o
LOAD src/ASF/sam/drivers/rtc/rtc.o
LOAD src/ASF/sam/drivers/tc/tc.o
LOAD src/ASF/sam/services/flash_efc/flash_efc.o
LOAD src/ASF/sam/drivers/pmc/sleep.o
LOAD src/ASF/common/boards/user_board/init.o
LOAD src/ASF/common/utils/interrupt/interrupt_sam_nvic.o
LOAD src/ASF/sam/utils/cmsis/sam3u/source/templates/exceptions.o
LOAD src/ASF/sam/utils/cmsis/sam3u/source/templates/gcc/startup_sam3u.o
LOAD src/ASF/sam/utils/cmsis/sam3u/source/templates/system_sam3u.o
LOAD src/ASF/sam/utils/syscalls/gcc/syscalls.o
START GROUP
LOAD ../src/ASF/thirdparty/CMSIS/Lib/GCC\libarm_cortexM3l_math.a
LOAD c:/program files (x86)/atmel/studio/7.0/toolchain/arm/arm-gnu-toolchain/bin/../lib/gcc/arm-none-eabi/6.3.1/../../../../arm-none-eabi/lib/thumb/v7-m\libm.a
END GROUP
START GROUP
LOAD c:/program files (x86)/atmel/studio/7.0/toolchain/arm/arm-gnu-toolchain/bin/../lib/gcc/arm-none-eabi/6.3.1/thumb/v7-m\libgcc.a
LOAD c:/program files (x86)/atmel/studio/7.0/toolchain/arm/arm-gnu-toolchain/bin/../lib/gcc/arm-none-eabi/6.3.1/../../../../arm-none-eabi/lib/thumb/v7-m\libc.a
END GROUP
LOAD c:/program files (x86)/atmel/studio/7.0/toolchain/arm/arm-gnu-toolchain/bin/../lib/gcc/arm-none-eabi/6.3.1/thumb/v7-m/crtend.o
LOAD c:/program files (x86)/atmel/studio/7.0/toolchain/arm/arm-gnu-toolchain/bin/../lib/gcc/arm-none-eabi/6.3.1/thumb/v7-m/crtn.o
                0x00004000                __stack_size__ = DEFINED (__stack_size__)?__stack_size__:0x4000
                0x20083ffc                __ram_end__ = ((ORIGIN (ram) + LENGTH (ram)) - 0x4)

.text           0x00080000     0x68fc
                0x00080000                . = ALIGN (0x4)
                0x00080000                _sfixed = .
 *(.vectors .vectors.*)
 .vectors       0x00080000       0xbc src/ASF/sam/utils/cmsis/sam3u/source/templates/gcc/startup_sam3u.o
                0x00080000                exception_table
 *(.text .text.* .gnu.linkonce.t.*)
 .text          0x000800bc       0x6c c:/program files (x86)/atmel/studio/7.0/toolchain/arm/arm-gnu-toolchain/bin/../lib/gcc/arm-none-eabi/6.3.1/thumb/v7-m/crtbegin.o
 .text.pio_handler_process
                0x00080128       0x50 src/ASF/sam/drivers/pio/pio_handler.o
                0x00080128                pio_handler_process
 .text.pio_handler_set
                0x00080178       0x70 src/ASF/sam/drivers/pio/pio_handler.o
                0x00080178                pio_handler_set
 .text.PIOA_Handler
                0x000801e8       0x14 src/ASF/sam/drivers/pio/pio_handler.o
                0x000801e8                PIOA_Handler
 .text.PIOB_Handler
                0x000801fc       0x14 src/ASF/sam/drivers/pio/pio_handler.o
                0x000801fc                PIOB_Handler
 .text.CRC16MODBUSFRAME
                0x00080210       0x34 src/Kernel/CRC16MODBUS.o
                0x00080210                CRC16MODBUSFRAME
 .text.ErrorLed
                0x00080244       0xac src/Kernel/error.o
                0x00080244                ErrorLed
 .text.RTC_Handler
                0x000802f0       0x20 src/Kernel/shell.o
                0x000802f0                RTC_Handler
 .text.__RTCdayByDate
                0x00080310       0xa4 src/Kernel/shell.o
                0x00080310                __RTCdayByDate
 .text.Shell    0x000803b4      0x458 src/Kernel/shell.o
                0x000803b4                Shell
 .text._cmd_set
                0x0008080c      0x118 src/Kernel/shellcmd.o
                0x0008080c                _cmd_set
 .text._cmd_show
                0x00080924       0x74 src/Kernel/shellcmd.o
                0x00080924                _cmd_show
 .text._cmd_menu
                0x00080998       0x64 src/Kernel/shellcmd.o
                0x00080998                _cmd_menu
 .text.Shellcom
                0x000809fc      0x10c src/Kernel/shellcom.o
                0x000809fc                Shellcom
 .text.usart0_Handler
                0x00080b08        0x6 src/Kernel/shellcom.o
                0x00080b08                usart0_Handler
 *fill*         0x00080b0e        0x2 
 .text.Taskman  0x00080b10      0x1e0 src/Kernel/taskman.o
                0x00080b10                Taskman
 .text.TC0_Handler
                0x00080cf0       0x20 src/Kernel/taskman.o
                0x00080cf0                TC0_Handler
 .text.main     0x00080d10       0x4c src/Sources files/main.o
                0x00080d10                main
 .text.Menu     0x00080d5c      0x1b8 src/Sources files/menu.o
                0x00080d5c                Menu
 .text.ButtonSwitch_ISR_Handler
                0x00080f14       0x20 src/Sources files/menu.o
                0x00080f14                ButtonSwitch_ISR_Handler
 .text.ButtonSelect_ISR_Handler
                0x00080f34       0x20 src/Sources files/menu.o
                0x00080f34                ButtonSelect_ISR_Handler
 .text.sysclk_init
                0x00080f54       0x7c src/ASF/common/services/clock/sam3u/sysclk.o
                0x00080f54                sysclk_init
 .text.nvm_init
                0x00080fd0        0xc src/ASF/common/drivers/nvm/sam/sam_nvm.o
                0x00080fd0                nvm_init
 .text.nvm_read
                0x00080fdc       0x1c src/ASF/common/drivers/nvm/sam/sam_nvm.o
                0x00080fdc                nvm_read
 .text.nvm_write
                0x00080ff8       0x28 src/ASF/common/drivers/nvm/sam/sam_nvm.o
                0x00080ff8                nvm_write
 .text.efc_get_wait_state
                0x00081020        0x8 src/ASF/sam/drivers/efc/efc.o
                0x00081020                efc_get_wait_state
 .text.efc_set_wait_state
                0x00081028       0x1c src/ASF/sam/drivers/efc/efc.o
                0x00081028                efc_set_wait_state
 .text.efc_perform_command
                0x00081044       0x5c src/ASF/sam/drivers/efc/efc.o
                0x00081044                efc_perform_command
 .text.pio_set_peripheral
                0x000810a0       0x3e src/ASF/sam/drivers/pio/pio.o
                0x000810a0                pio_set_peripheral
 .text.pio_set_input
                0x000810de       0x32 src/ASF/sam/drivers/pio/pio.o
                0x000810de                pio_set_input
 .text.pio_set_output
                0x00081110       0x26 src/ASF/sam/drivers/pio/pio.o
                0x00081110                pio_set_output
 .text.pio_configure_interrupt
                0x00081136       0x2e src/ASF/sam/drivers/pio/pio.o
                0x00081136                pio_configure_interrupt
 .text.pio_enable_interrupt
                0x00081164        0x4 src/ASF/sam/drivers/pio/pio.o
                0x00081164                pio_enable_interrupt
 .text.pio_get_interrupt_status
                0x00081168        0x4 src/ASF/sam/drivers/pio/pio.o
                0x00081168                pio_get_interrupt_status
 .text.pio_get_interrupt_mask
                0x0008116c        0x4 src/ASF/sam/drivers/pio/pio.o
                0x0008116c                pio_get_interrupt_mask
 .text.pio_set_pin_high
                0x00081170       0x1a src/ASF/sam/drivers/pio/pio.o
                0x00081170                pio_set_pin_high
 .text.pio_set_pin_low
                0x0008118a       0x1a src/ASF/sam/drivers/pio/pio.o
                0x0008118a                pio_set_pin_low
 .text.pio_toggle_pin
                0x000811a4       0x20 src/ASF/sam/drivers/pio/pio.o
                0x000811a4                pio_toggle_pin
 .text.pio_configure_pin
                0x000811c4       0xd0 src/ASF/sam/drivers/pio/pio.o
                0x000811c4                pio_configure_pin
 .text.pmc_switch_mck_to_pllack
                0x00081294       0x64 src/ASF/sam/drivers/pmc/pmc.o
                0x00081294                pmc_switch_mck_to_pllack
 .text.pmc_osc_enable_main_xtal
                0x000812f8       0x28 src/ASF/sam/drivers/pmc/pmc.o
                0x000812f8                pmc_osc_enable_main_xtal
 .text.pmc_osc_is_ready_main_xtal
                0x00081320       0x10 src/ASF/sam/drivers/pmc/pmc.o
                0x00081320                pmc_osc_is_ready_main_xtal
 .text.pmc_osc_is_ready_mainck
                0x00081330       0x10 src/ASF/sam/drivers/pmc/pmc.o
                0x00081330                pmc_osc_is_ready_mainck
 .text.pmc_mainck_osc_select
                0x00081340       0x20 src/ASF/sam/drivers/pmc/pmc.o
                0x00081340                pmc_mainck_osc_select
 .text.pmc_disable_pllack
                0x00081360       0x10 src/ASF/sam/drivers/pmc/pmc.o
                0x00081360                pmc_disable_pllack
 .text.pmc_is_locked_pllack
                0x00081370       0x10 src/ASF/sam/drivers/pmc/pmc.o
                0x00081370                pmc_is_locked_pllack
 .text.pmc_enable_periph_clk
                0x00081380       0x34 src/ASF/sam/drivers/pmc/pmc.o
                0x00081380                pmc_enable_periph_clk
 .text.rtc_set_hour_mode
                0x000813b4       0x16 src/ASF/sam/drivers/rtc/rtc.o
                0x000813b4                rtc_set_hour_mode
 .text.rtc_enable_interrupt
                0x000813ca        0x4 src/ASF/sam/drivers/rtc/rtc.o
                0x000813ca                rtc_enable_interrupt
 .text.rtc_get_time
                0x000813ce       0x5a src/ASF/sam/drivers/rtc/rtc.o
                0x000813ce                rtc_get_time
 .text.rtc_set_time
                0x00081428       0x94 src/ASF/sam/drivers/rtc/rtc.o
                0x00081428                rtc_set_time
 .text.rtc_get_date
                0x000814bc       0x72 src/ASF/sam/drivers/rtc/rtc.o
                0x000814bc                rtc_get_date
 *fill*         0x0008152e        0x2 
 .text.rtc_set_date
                0x00081530       0xb8 src/ASF/sam/drivers/rtc/rtc.o
                0x00081530                rtc_set_date
 .text.tc_init  0x000815e8       0x18 src/ASF/sam/drivers/tc/tc.o
                0x000815e8                tc_init
 .text.tc_start
                0x00081600        0x8 src/ASF/sam/drivers/tc/tc.o
                0x00081600                tc_start
 .text.tc_write_ra
                0x00081608        0x8 src/ASF/sam/drivers/tc/tc.o
                0x00081608                tc_write_ra
 .text.tc_write_rc
                0x00081610        0x8 src/ASF/sam/drivers/tc/tc.o
                0x00081610                tc_write_rc
 .text.tc_enable_interrupt
                0x00081618        0x8 src/ASF/sam/drivers/tc/tc.o
                0x00081618                tc_enable_interrupt
 .text.tc_get_status
                0x00081620        0x8 src/ASF/sam/drivers/tc/tc.o
                0x00081620                tc_get_status
 .text.translate_address
                0x00081628       0x3c src/ASF/sam/services/flash_efc/flash_efc.o
 .text.flash_write
                0x00081664      0x100 src/ASF/sam/services/flash_efc/flash_efc.o
                0x00081664                flash_write
 .text.board_init
                0x00081764        0x2 src/ASF/common/boards/user_board/init.o
                0x00081764                board_init
 *fill*         0x00081766        0x2 
 .text.cpu_irq_enter_critical
                0x00081768       0x3c src/ASF/common/utils/interrupt/interrupt_sam_nvic.o
                0x00081768                cpu_irq_enter_critical
 .text.cpu_irq_leave_critical
                0x000817a4       0x2c src/ASF/common/utils/interrupt/interrupt_sam_nvic.o
                0x000817a4                cpu_irq_leave_critical
 .text.Dummy_Handler
                0x000817d0        0x2 src/ASF/sam/utils/cmsis/sam3u/source/templates/exceptions.o
                0x000817d0                DebugMon_Handler
                0x000817d0                DMAC_Handler
                0x000817d0                HardFault_Handler
                0x000817d0                TC2_Handler
                0x000817d0                SPI_Handler
                0x000817d0                SysTick_Handler
                0x000817d0                TWI1_Handler
                0x000817d0                PendSV_Handler
                0x000817d0                NMI_Handler
                0x000817d0                ADC_Handler
                0x000817d0                SMC_Handler
                0x000817d0                RTT_Handler
                0x000817d0                EFC1_Handler
                0x000817d0                UDPHS_Handler
                0x000817d0                ADC12B_Handler
                0x000817d0                UsageFault_Handler
                0x000817d0                WDT_Handler
                0x000817d0                TC1_Handler
                0x000817d0                HSMCI_Handler
                0x000817d0                usart1_Handler
                0x000817d0                Dummy_Handler
                0x000817d0                TWI0_Handler
                0x000817d0                SSC_Handler
                0x000817d0                EFC0_Handler
                0x000817d0                PMC_Handler
                0x000817d0                PWM_Handler
                0x000817d0                usart2_Handler
                0x000817d0                MemManage_Handler
                0x000817d0                SUPC_Handler
                0x000817d0                SVC_Handler
                0x000817d0                UART_Handler
                0x000817d0                BusFault_Handler
                0x000817d0                RSTC_Handler
 *fill*         0x000817d2        0x2 
 .text.Reset_Handler
                0x000817d4       0x98 src/ASF/sam/utils/cmsis/sam3u/source/templates/gcc/startup_sam3u.o
                0x000817d4                Reset_Handler
 .text.SystemCoreClockUpdate
                0x0008186c      0x118 src/ASF/sam/utils/cmsis/sam3u/source/templates/system_sam3u.o
                0x0008186c                SystemCoreClockUpdate
 .text._sbrk    0x00081984       0x38 src/ASF/sam/utils/syscalls/gcc/syscalls.o
                0x00081984                _sbrk
 .text.atoi     0x000819bc        0x8 c:/program files (x86)/atmel/studio/7.0/toolchain/arm/arm-gnu-toolchain/bin/../lib/gcc/arm-none-eabi/6.3.1/../../../../arm-none-eabi/lib/thumb/v7-m\libc.a(lib_a-atoi.o)
                0x000819bc                atoi
 .text.__libc_init_array
                0x000819c4       0x50 c:/program files (x86)/atmel/studio/7.0/toolchain/arm/arm-gnu-toolchain/bin/../lib/gcc/arm-none-eabi/6.3.1/../../../../arm-none-eabi/lib/thumb/v7-m\libc.a(lib_a-init.o)
                0x000819c4                __libc_init_array
 .text          0x00081a14       0xec c:/program files (x86)/atmel/studio/7.0/toolchain/arm/arm-gnu-toolchain/bin/../lib/gcc/arm-none-eabi/6.3.1/../../../../arm-none-eabi/lib/thumb/v7-m\libc.a(lib_a-memcpy.o)
                0x00081a14                memcpy
 .text.memset   0x00081b00       0x9c c:/program files (x86)/atmel/studio/7.0/toolchain/arm/arm-gnu-toolchain/bin/../lib/gcc/arm-none-eabi/6.3.1/../../../../arm-none-eabi/lib/thumb/v7-m\libc.a(lib_a-memset.o)
                0x00081b00                memset
 .text.sprintf  0x00081b9c       0x4c c:/program files (x86)/atmel/studio/7.0/toolchain/arm/arm-gnu-toolchain/bin/../lib/gcc/arm-none-eabi/6.3.1/../../../../arm-none-eabi/lib/thumb/v7-m\libc.a(lib_a-sprintf.o)
                0x00081b9c                sprintf
 .text.strlen   0x00081be8       0x5c c:/program files (x86)/atmel/studio/7.0/toolchain/arm/arm-gnu-toolchain/bin/../lib/gcc/arm-none-eabi/6.3.1/../../../../arm-none-eabi/lib/thumb/v7-m\libc.a(lib_a-strlen-stub.o)
                0x00081be8                strlen
 .text.strtok   0x00081c44       0x10 c:/program files (x86)/atmel/studio/7.0/toolchain/arm/arm-gnu-toolchain/bin/../lib/gcc/arm-none-eabi/6.3.1/../../../../arm-none-eabi/lib/thumb/v7-m\libc.a(lib_a-strtok.o)
                0x00081c44                strtok
 .text.__strtok_r
                0x00081c54       0x64 c:/program files (x86)/atmel/studio/7.0/toolchain/arm/arm-gnu-toolchain/bin/../lib/gcc/arm-none-eabi/6.3.1/../../../../arm-none-eabi/lib/thumb/v7-m\libc.a(lib_a-strtok_r.o)
                0x00081c54                __strtok_r
 .text._strtol_l.isra.0
                0x00081cb8      0x128 c:/program files (x86)/atmel/studio/7.0/toolchain/arm/arm-gnu-toolchain/bin/../lib/gcc/arm-none-eabi/6.3.1/../../../../arm-none-eabi/lib/thumb/v7-m\libc.a(lib_a-strtol.o)
 .text.strtol   0x00081de0       0x2c c:/program files (x86)/atmel/studio/7.0/toolchain/arm/arm-gnu-toolchain/bin/../lib/gcc/arm-none-eabi/6.3.1/../../../../arm-none-eabi/lib/thumb/v7-m\libc.a(lib_a-strtol.o)
                0x00081de0                strtol
 .text._svfprintf_r
                0x00081e0c     0x1500 c:/program files (x86)/atmel/studio/7.0/toolchain/arm/arm-gnu-toolchain/bin/../lib/gcc/arm-none-eabi/6.3.1/../../../../arm-none-eabi/lib/thumb/v7-m\libc.a(lib_a-svfprintf.o)
                0x00081e0c                _svfprintf_r
 .text.startup.register_fini
                0x0008330c       0x14 c:/program files (x86)/atmel/studio/7.0/toolchain/arm/arm-gnu-toolchain/bin/../lib/gcc/arm-none-eabi/6.3.1/../../../../arm-none-eabi/lib/thumb/v7-m\libc.a(lib_a-__call_atexit.o)
 .text.atexit   0x00083320        0xc c:/program files (x86)/atmel/studio/7.0/toolchain/arm/arm-gnu-toolchain/bin/../lib/gcc/arm-none-eabi/6.3.1/../../../../arm-none-eabi/lib/thumb/v7-m\libc.a(lib_a-atexit.o)
                0x00083320                atexit
 .text.quorem   0x0008332c      0x128 c:/program files (x86)/atmel/studio/7.0/toolchain/arm/arm-gnu-toolchain/bin/../lib/gcc/arm-none-eabi/6.3.1/../../../../arm-none-eabi/lib/thumb/v7-m\libc.a(lib_a-dtoa.o)
 *fill*         0x00083454        0x4 
 .text._dtoa_r  0x00083458      0xe44 c:/program files (x86)/atmel/studio/7.0/toolchain/arm/arm-gnu-toolchain/bin/../lib/gcc/arm-none-eabi/6.3.1/../../../../arm-none-eabi/lib/thumb/v7-m\libc.a(lib_a-dtoa.o)
                0x00083458                _dtoa_r
 .text.__libc_fini_array
                0x0008429c       0x34 c:/program files (x86)/atmel/studio/7.0/toolchain/arm/arm-gnu-toolchain/bin/../lib/gcc/arm-none-eabi/6.3.1/../../../../arm-none-eabi/lib/thumb/v7-m\libc.a(lib_a-fini.o)
                0x0008429c                __libc_fini_array
 .text.__locale_ctype_ptr_l
                0x000842d0        0x8 c:/program files (x86)/atmel/studio/7.0/toolchain/arm/arm-gnu-toolchain/bin/../lib/gcc/arm-none-eabi/6.3.1/../../../../arm-none-eabi/lib/thumb/v7-m\libc.a(lib_a-locale.o)
                0x000842d0                __locale_ctype_ptr_l
 .text._localeconv_r
                0x000842d8       0x1c c:/program files (x86)/atmel/studio/7.0/toolchain/arm/arm-gnu-toolchain/bin/../lib/gcc/arm-none-eabi/6.3.1/../../../../arm-none-eabi/lib/thumb/v7-m\libc.a(lib_a-localeconv.o)
                0x000842d8                _localeconv_r
 .text.__retarget_lock_acquire_recursive
                0x000842f4        0x4 c:/program files (x86)/atmel/studio/7.0/toolchain/arm/arm-gnu-toolchain/bin/../lib/gcc/arm-none-eabi/6.3.1/../../../../arm-none-eabi/lib/thumb/v7-m\libc.a(lib_a-lock.o)
                0x000842f4                __retarget_lock_acquire_recursive
 .text.__retarget_lock_release_recursive
                0x000842f8        0x4 c:/program files (x86)/atmel/studio/7.0/toolchain/arm/arm-gnu-toolchain/bin/../lib/gcc/arm-none-eabi/6.3.1/../../../../arm-none-eabi/lib/thumb/v7-m\libc.a(lib_a-lock.o)
                0x000842f8                __retarget_lock_release_recursive
 .text._malloc_r
                0x000842fc      0x544 c:/program files (x86)/atmel/studio/7.0/toolchain/arm/arm-gnu-toolchain/bin/../lib/gcc/arm-none-eabi/6.3.1/../../../../arm-none-eabi/lib/thumb/v7-m\libc.a(lib_a-mallocr.o)
                0x000842fc                _malloc_r
 .text.__ascii_mbtowc
                0x00084840       0x2c c:/program files (x86)/atmel/studio/7.0/toolchain/arm/arm-gnu-toolchain/bin/../lib/gcc/arm-none-eabi/6.3.1/../../../../arm-none-eabi/lib/thumb/v7-m\libc.a(lib_a-mbtowc_r.o)
                0x00084840                __ascii_mbtowc
 .text.memchr   0x0008486c       0x8c c:/program files (x86)/atmel/studio/7.0/toolchain/arm/arm-gnu-toolchain/bin/../lib/gcc/arm-none-eabi/6.3.1/../../../../arm-none-eabi/lib/thumb/v7-m\libc.a(lib_a-memchr-stub.o)
                0x0008486c                memchr
 .text.__malloc_lock
                0x000848f8        0xc c:/program files (x86)/atmel/studio/7.0/toolchain/arm/arm-gnu-toolchain/bin/../lib/gcc/arm-none-eabi/6.3.1/../../../../arm-none-eabi/lib/thumb/v7-m\libc.a(lib_a-mlock.o)
                0x000848f8                __malloc_lock
 .text.__malloc_unlock
                0x00084904        0xc c:/program files (x86)/atmel/studio/7.0/toolchain/arm/arm-gnu-toolchain/bin/../lib/gcc/arm-none-eabi/6.3.1/../../../../arm-none-eabi/lib/thumb/v7-m\libc.a(lib_a-mlock.o)
                0x00084904                __malloc_unlock
 .text._Balloc  0x00084910       0x4c c:/program files (x86)/atmel/studio/7.0/toolchain/arm/arm-gnu-toolchain/bin/../lib/gcc/arm-none-eabi/6.3.1/../../../../arm-none-eabi/lib/thumb/v7-m\libc.a(lib_a-mprec.o)
                0x00084910                _Balloc
 .text._Bfree   0x0008495c       0x14 c:/program files (x86)/atmel/studio/7.0/toolchain/arm/arm-gnu-toolchain/bin/../lib/gcc/arm-none-eabi/6.3.1/../../../../arm-none-eabi/lib/thumb/v7-m\libc.a(lib_a-mprec.o)
                0x0008495c                _Bfree
 .text.__multadd
                0x00084970       0x84 c:/program files (x86)/atmel/studio/7.0/toolchain/arm/arm-gnu-toolchain/bin/../lib/gcc/arm-none-eabi/6.3.1/../../../../arm-none-eabi/lib/thumb/v7-m\libc.a(lib_a-mprec.o)
                0x00084970                __multadd
 .text.__hi0bits
                0x000849f4       0x40 c:/program files (x86)/atmel/studio/7.0/toolchain/arm/arm-gnu-toolchain/bin/../lib/gcc/arm-none-eabi/6.3.1/../../../../arm-none-eabi/lib/thumb/v7-m\libc.a(lib_a-mprec.o)
                0x000849f4                __hi0bits
 .text.__lo0bits
                0x00084a34       0x60 c:/program files (x86)/atmel/studio/7.0/toolchain/arm/arm-gnu-toolchain/bin/../lib/gcc/arm-none-eabi/6.3.1/../../../../arm-none-eabi/lib/thumb/v7-m\libc.a(lib_a-mprec.o)
                0x00084a34                __lo0bits
 .text.__i2b    0x00084a94       0x14 c:/program files (x86)/atmel/studio/7.0/toolchain/arm/arm-gnu-toolchain/bin/../lib/gcc/arm-none-eabi/6.3.1/../../../../arm-none-eabi/lib/thumb/v7-m\libc.a(lib_a-mprec.o)
                0x00084a94                __i2b
 .text.__multiply
                0x00084aa8      0x124 c:/program files (x86)/atmel/studio/7.0/toolchain/arm/arm-gnu-toolchain/bin/../lib/gcc/arm-none-eabi/6.3.1/../../../../arm-none-eabi/lib/thumb/v7-m\libc.a(lib_a-mprec.o)
                0x00084aa8                __multiply
 .text.__pow5mult
                0x00084bcc       0xa0 c:/program files (x86)/atmel/studio/7.0/toolchain/arm/arm-gnu-toolchain/bin/../lib/gcc/arm-none-eabi/6.3.1/../../../../arm-none-eabi/lib/thumb/v7-m\libc.a(lib_a-mprec.o)
                0x00084bcc                __pow5mult
 .text.__lshift
                0x00084c6c       0xa0 c:/program files (x86)/atmel/studio/7.0/toolchain/arm/arm-gnu-toolchain/bin/../lib/gcc/arm-none-eabi/6.3.1/../../../../arm-none-eabi/lib/thumb/v7-m\libc.a(lib_a-mprec.o)
                0x00084c6c                __lshift
 .text.__mcmp   0x00084d0c       0x38 c:/program files (x86)/atmel/studio/7.0/toolchain/arm/arm-gnu-toolchain/bin/../lib/gcc/arm-none-eabi/6.3.1/../../../../arm-none-eabi/lib/thumb/v7-m\libc.a(lib_a-mprec.o)
                0x00084d0c                __mcmp
 .text.__mdiff  0x00084d44      0x11c c:/program files (x86)/atmel/studio/7.0/toolchain/arm/arm-gnu-toolchain/bin/../lib/gcc/arm-none-eabi/6.3.1/../../../../arm-none-eabi/lib/thumb/v7-m\libc.a(lib_a-mprec.o)
                0x00084d44                __mdiff
 .text.__d2b    0x00084e60       0xa8 c:/program files (x86)/atmel/studio/7.0/toolchain/arm/arm-gnu-toolchain/bin/../lib/gcc/arm-none-eabi/6.3.1/../../../../arm-none-eabi/lib/thumb/v7-m\libc.a(lib_a-mprec.o)
                0x00084e60                __d2b
 .text._sbrk_r  0x00084f08       0x24 c:/program files (x86)/atmel/studio/7.0/toolchain/arm/arm-gnu-toolchain/bin/../lib/gcc/arm-none-eabi/6.3.1/../../../../arm-none-eabi/lib/thumb/v7-m\libc.a(lib_a-sbrkr.o)
                0x00084f08                _sbrk_r
 .text.__ssprint_r
                0x00084f2c       0xfc c:/program files (x86)/atmel/studio/7.0/toolchain/arm/arm-gnu-toolchain/bin/../lib/gcc/arm-none-eabi/6.3.1/../../../../arm-none-eabi/lib/thumb/v7-m\libc.a(lib_a-svfiprintf.o)
                0x00084f2c                __ssprint_r
 .text.__ascii_wctomb
                0x00085028       0x18 c:/program files (x86)/atmel/studio/7.0/toolchain/arm/arm-gnu-toolchain/bin/../lib/gcc/arm-none-eabi/6.3.1/../../../../arm-none-eabi/lib/thumb/v7-m\libc.a(lib_a-wctomb_r.o)
                0x00085028                __ascii_wctomb
 .text.__register_exitproc
                0x00085040       0xc4 c:/program files (x86)/atmel/studio/7.0/toolchain/arm/arm-gnu-toolchain/bin/../lib/gcc/arm-none-eabi/6.3.1/../../../../arm-none-eabi/lib/thumb/v7-m\libc.a(lib_a-__atexit.o)
                0x00085040                __register_exitproc
 .text._calloc_r
                0x00085104       0x60 c:/program files (x86)/atmel/studio/7.0/toolchain/arm/arm-gnu-toolchain/bin/../lib/gcc/arm-none-eabi/6.3.1/../../../../arm-none-eabi/lib/thumb/v7-m\libc.a(lib_a-callocr.o)
                0x00085104                _calloc_r
 .text._malloc_trim_r
                0x00085164       0xa0 c:/program files (x86)/atmel/studio/7.0/toolchain/arm/arm-gnu-toolchain/bin/../lib/gcc/arm-none-eabi/6.3.1/../../../../arm-none-eabi/lib/thumb/v7-m\libc.a(lib_a-freer.o)
                0x00085164                _malloc_trim_r
 .text._free_r  0x00085204      0x1cc c:/program files (x86)/atmel/studio/7.0/toolchain/arm/arm-gnu-toolchain/bin/../lib/gcc/arm-none-eabi/6.3.1/../../../../arm-none-eabi/lib/thumb/v7-m\libc.a(lib_a-freer.o)
                0x00085204                _free_r
 .text.memmove  0x000853d0       0xc8 c:/program files (x86)/atmel/studio/7.0/toolchain/arm/arm-gnu-toolchain/bin/../lib/gcc/arm-none-eabi/6.3.1/../../../../arm-none-eabi/lib/thumb/v7-m\libc.a(lib_a-memmove.o)
                0x000853d0                memmove
 .text._realloc_r
                0x00085498      0x36c c:/program files (x86)/atmel/studio/7.0/toolchain/arm/arm-gnu-toolchain/bin/../lib/gcc/arm-none-eabi/6.3.1/../../../../arm-none-eabi/lib/thumb/v7-m\libc.a(lib_a-reallocr.o)
                0x00085498                _realloc_r
 .text          0x00085804      0x370 c:/program files (x86)/atmel/studio/7.0/toolchain/arm/arm-gnu-toolchain/bin/../lib/gcc/arm-none-eabi/6.3.1/thumb/v7-m\libgcc.a(_arm_addsubdf3.o)
                0x00085804                __aeabi_drsub
                0x0008580c                __aeabi_dsub
                0x0008580c                __subdf3
                0x00085810                __aeabi_dadd
                0x00085810                __adddf3
                0x00085a88                __floatunsidf
                0x00085a88                __aeabi_ui2d
                0x00085aa8                __floatsidf
                0x00085aa8                __aeabi_i2d
                0x00085acc                __aeabi_f2d
                0x00085acc                __extendsfdf2
                0x00085b08                __floatundidf
                0x00085b08                __aeabi_ul2d
                0x00085b18                __floatdidf
                0x00085b18                __aeabi_l2d
 .text          0x00085b74      0x424 c:/program files (x86)/atmel/studio/7.0/toolchain/arm/arm-gnu-toolchain/bin/../lib/gcc/arm-none-eabi/6.3.1/thumb/v7-m\libgcc.a(_arm_muldivdf3.o)
                0x00085b74                __aeabi_dmul
                0x00085b74                __muldf3
                0x00085dc8                __divdf3
                0x00085dc8                __aeabi_ddiv
 .text          0x00085f98      0x110 c:/program files (x86)/atmel/studio/7.0/toolchain/arm/arm-gnu-toolchain/bin/../lib/gcc/arm-none-eabi/6.3.1/thumb/v7-m\libgcc.a(_arm_cmpdf2.o)
                0x00085f98                __gtdf2
                0x00085f98                __gedf2
                0x00085fa0                __ltdf2
                0x00085fa0                __ledf2
                0x00085fa8                __nedf2
                0x00085fa8                __eqdf2
                0x00085fa8                __cmpdf2
                0x00086024                __aeabi_cdrcmple
                0x00086034                __aeabi_cdcmpeq
                0x00086034                __aeabi_cdcmple
                0x00086044                __aeabi_dcmpeq
                0x00086058                __aeabi_dcmplt
                0x0008606c                __aeabi_dcmple
                0x00086080                __aeabi_dcmpge
                0x00086094                __aeabi_dcmpgt
 .text          0x000860a8       0x2c c:/program files (x86)/atmel/studio/7.0/toolchain/arm/arm-gnu-toolchain/bin/../lib/gcc/arm-none-eabi/6.3.1/thumb/v7-m\libgcc.a(_arm_unorddf2.o)
                0x000860a8                __unorddf2
                0x000860a8                __aeabi_dcmpun
 .text          0x000860d4       0x50 c:/program files (x86)/atmel/studio/7.0/toolchain/arm/arm-gnu-toolchain/bin/../lib/gcc/arm-none-eabi/6.3.1/thumb/v7-m\libgcc.a(_arm_fixdfsi.o)
                0x000860d4                __aeabi_d2iz
                0x000860d4                __fixdfsi
 .text          0x00086124       0x30 c:/program files (x86)/atmel/studio/7.0/toolchain/arm/arm-gnu-toolchain/bin/../lib/gcc/arm-none-eabi/6.3.1/thumb/v7-m\libgcc.a(_aeabi_uldivmod.o)
                0x00086124                __aeabi_uldivmod
 .text          0x00086154      0x2dc c:/program files (x86)/atmel/studio/7.0/toolchain/arm/arm-gnu-toolchain/bin/../lib/gcc/arm-none-eabi/6.3.1/thumb/v7-m\libgcc.a(_udivmoddi4.o)
                0x00086154                __udivmoddi4
 .text          0x00086430        0x4 c:/program files (x86)/atmel/studio/7.0/toolchain/arm/arm-gnu-toolchain/bin/../lib/gcc/arm-none-eabi/6.3.1/thumb/v7-m\libgcc.a(_dvmd_tls.o)
                0x00086430                __aeabi_idiv0
                0x00086430                __aeabi_ldiv0
 *(.glue_7t)
 .glue_7t       0x00086434        0x0 linker stubs
 *(.glue_7)
 .glue_7        0x00086434        0x0 linker stubs
 *(.rodata .rodata* .gnu.linkonce.r.*)
 .rodata.Shell.str1.4
                0x00086434       0x40 src/Kernel/shell.o
 .rodata.flashSequ
                0x00086474       0x14 src/Kernel/shell.o
                0x00086474                flashSequ
 .rodata.str1.4
                0x00086488       0xb9 src/Kernel/shell.o
                                 0xbd (size before relaxing)
 *fill*         0x00086541        0x3 
 .rodata._cmdEntries
                0x00086544       0x20 src/Kernel/shellcmd.o
                0x00086544                _cmdEntries
 .rodata._cmd_set.str1.4
                0x00086564        0x6 src/Kernel/shellcmd.o
                                 0x22 (size before relaxing)
 *fill*         0x0008656a        0x2 
 .rodata._cmd_show.str1.4
                0x0008656c       0x45 src/Kernel/shellcmd.o
 *fill*         0x000865b1        0x3 
 .rodata.Menu.str1.4
                0x000865b4       0x9a src/Sources files/menu.o
 *fill*         0x0008664e        0x2 
 .rodata._global_impure_ptr
                0x00086650        0x4 c:/program files (x86)/atmel/studio/7.0/toolchain/arm/arm-gnu-toolchain/bin/../lib/gcc/arm-none-eabi/6.3.1/../../../../arm-none-eabi/lib/thumb/v7-m\libc.a(lib_a-impure.o)
                0x00086650                _global_impure_ptr
 .rodata._svfprintf_r.str1.4
                0x00086654       0x42 c:/program files (x86)/atmel/studio/7.0/toolchain/arm/arm-gnu-toolchain/bin/../lib/gcc/arm-none-eabi/6.3.1/../../../../arm-none-eabi/lib/thumb/v7-m\libc.a(lib_a-svfprintf.o)
 *fill*         0x00086696        0x2 
 .rodata.blanks.7223
                0x00086698       0x10 c:/program files (x86)/atmel/studio/7.0/toolchain/arm/arm-gnu-toolchain/bin/../lib/gcc/arm-none-eabi/6.3.1/../../../../arm-none-eabi/lib/thumb/v7-m\libc.a(lib_a-svfprintf.o)
 .rodata.zeroes.7224
                0x000866a8       0x10 c:/program files (x86)/atmel/studio/7.0/toolchain/arm/arm-gnu-toolchain/bin/../lib/gcc/arm-none-eabi/6.3.1/../../../../arm-none-eabi/lib/thumb/v7-m\libc.a(lib_a-svfprintf.o)
 .rodata._dtoa_r.str1.4
                0x000866b8       0x10 c:/program files (x86)/atmel/studio/7.0/toolchain/arm/arm-gnu-toolchain/bin/../lib/gcc/arm-none-eabi/6.3.1/../../../../arm-none-eabi/lib/thumb/v7-m\libc.a(lib_a-dtoa.o)
                                 0x12 (size before relaxing)
 .rodata._setlocale_r.str1.4
                0x000866c8        0xa c:/program files (x86)/atmel/studio/7.0/toolchain/arm/arm-gnu-toolchain/bin/../lib/gcc/arm-none-eabi/6.3.1/../../../../arm-none-eabi/lib/thumb/v7-m\libc.a(lib_a-locale.o)
                                  0xd (size before relaxing)
 *fill*         0x000866d2        0x2 
 .rodata.str1.4
                0x000866d4        0x4 c:/program files (x86)/atmel/studio/7.0/toolchain/arm/arm-gnu-toolchain/bin/../lib/gcc/arm-none-eabi/6.3.1/../../../../arm-none-eabi/lib/thumb/v7-m\libc.a(lib_a-locale.o)
                                  0x2 (size before relaxing)
 .rodata.__mprec_bigtens
                0x000866d8       0x28 c:/program files (x86)/atmel/studio/7.0/toolchain/arm/arm-gnu-toolchain/bin/../lib/gcc/arm-none-eabi/6.3.1/../../../../arm-none-eabi/lib/thumb/v7-m\libc.a(lib_a-mprec.o)
                0x000866d8                __mprec_bigtens
 .rodata.__mprec_tens
                0x00086700       0xc8 c:/program files (x86)/atmel/studio/7.0/toolchain/arm/arm-gnu-toolchain/bin/../lib/gcc/arm-none-eabi/6.3.1/../../../../arm-none-eabi/lib/thumb/v7-m\libc.a(lib_a-mprec.o)
                0x00086700                __mprec_tens
 .rodata.p05.6055
                0x000867c8        0xc c:/program files (x86)/atmel/studio/7.0/toolchain/arm/arm-gnu-toolchain/bin/../lib/gcc/arm-none-eabi/6.3.1/../../../../arm-none-eabi/lib/thumb/v7-m\libc.a(lib_a-mprec.o)
 .rodata._ctype_
                0x000867d4      0x101 c:/program files (x86)/atmel/studio/7.0/toolchain/arm/arm-gnu-toolchain/bin/../lib/gcc/arm-none-eabi/6.3.1/../../../../arm-none-eabi/lib/thumb/v7-m\libc.a(lib_a-ctype_.o)
                0x000867d4                _ctype_
 *(.ARM.extab* .gnu.linkonce.armextab.*)
                0x000868d8                . = ALIGN (0x4)
 *fill*         0x000868d5        0x3 
 *(.init)
 .init          0x000868d8        0x4 c:/program files (x86)/atmel/studio/7.0/toolchain/arm/arm-gnu-toolchain/bin/../lib/gcc/arm-none-eabi/6.3.1/thumb/v7-m/crti.o
                0x000868d8                _init
 .init          0x000868dc        0x8 c:/program files (x86)/atmel/studio/7.0/toolchain/arm/arm-gnu-toolchain/bin/../lib/gcc/arm-none-eabi/6.3.1/thumb/v7-m/crtn.o
                0x000868e4                . = ALIGN (0x4)
                0x000868e4                __preinit_array_start = .
 *(.preinit_array)
                0x000868e4                __preinit_array_end = .
                0x000868e4                . = ALIGN (0x4)
                0x000868e4                __init_array_start = .
 *(SORT(.init_array.*))
 .init_array.00000
                0x000868e4        0x4 c:/program files (x86)/atmel/studio/7.0/toolchain/arm/arm-gnu-toolchain/bin/../lib/gcc/arm-none-eabi/6.3.1/../../../../arm-none-eabi/lib/thumb/v7-m\libc.a(lib_a-__call_atexit.o)
 *(.init_array)
 .init_array    0x000868e8        0x4 c:/program files (x86)/atmel/studio/7.0/toolchain/arm/arm-gnu-toolchain/bin/../lib/gcc/arm-none-eabi/6.3.1/thumb/v7-m/crtbegin.o
                0x000868ec                __init_array_end = .
                0x000868ec                . = ALIGN (0x4)
 *crtbegin.o(.ctors)
 *(EXCLUDE_FILE(*crtend.o) .ctors)
 *(SORT(.ctors.*))
 *crtend.o(.ctors)
                0x000868ec                . = ALIGN (0x4)
 *(.fini)
 .fini          0x000868ec        0x4 c:/program files (x86)/atmel/studio/7.0/toolchain/arm/arm-gnu-toolchain/bin/../lib/gcc/arm-none-eabi/6.3.1/thumb/v7-m/crti.o
                0x000868ec                _fini
 .fini          0x000868f0        0x8 c:/program files (x86)/atmel/studio/7.0/toolchain/arm/arm-gnu-toolchain/bin/../lib/gcc/arm-none-eabi/6.3.1/thumb/v7-m/crtn.o
                0x000868f8                . = ALIGN (0x4)
                0x000868f8                __fini_array_start = .
 *(.fini_array)
 .fini_array    0x000868f8        0x4 c:/program files (x86)/atmel/studio/7.0/toolchain/arm/arm-gnu-toolchain/bin/../lib/gcc/arm-none-eabi/6.3.1/thumb/v7-m/crtbegin.o
 *(SORT(.fini_array.*))
                0x000868fc                __fini_array_end = .
 *crtbegin.o(.dtors)
 *(EXCLUDE_FILE(*crtend.o) .dtors)
 *(SORT(.dtors.*))
 *crtend.o(.dtors)
                0x000868fc                . = ALIGN (0x4)
                0x000868fc                _efixed = .
                [!provide]                PROVIDE (__exidx_start, .)

.vfp11_veneer   0x000868fc        0x0
 .vfp11_veneer  0x000868fc        0x0 linker stubs

.v4_bx          0x000868fc        0x0
 .v4_bx         0x000868fc        0x0 linker stubs

.iplt           0x000868fc        0x0
 .iplt          0x000868fc        0x0 c:/program files (x86)/atmel/studio/7.0/toolchain/arm/arm-gnu-toolchain/bin/../lib/gcc/arm-none-eabi/6.3.1/thumb/v7-m/crtbegin.o

.ARM.exidx      0x000868fc        0x8
 *(.ARM.exidx* .gnu.linkonce.armexidx.*)
 .ARM.exidx     0x000868fc        0x8 c:/program files (x86)/atmel/studio/7.0/toolchain/arm/arm-gnu-toolchain/bin/../lib/gcc/arm-none-eabi/6.3.1/thumb/v7-m\libgcc.a(_udivmoddi4.o)
                [!provide]                PROVIDE (__exidx_end, .)

.eh_frame       0x00086904        0x0
 .eh_frame      0x00086904        0x0 c:/program files (x86)/atmel/studio/7.0/toolchain/arm/arm-gnu-toolchain/bin/../lib/gcc/arm-none-eabi/6.3.1/thumb/v7-m/crtbegin.o

.rel.dyn        0x00086904        0x0
 .rel.iplt      0x00086904        0x0 c:/program files (x86)/atmel/studio/7.0/toolchain/arm/arm-gnu-toolchain/bin/../lib/gcc/arm-none-eabi/6.3.1/thumb/v7-m/crtbegin.o

.jcr            0x00086904        0x0
 .jcr           0x00086904        0x0 c:/program files (x86)/atmel/studio/7.0/toolchain/arm/arm-gnu-toolchain/bin/../lib/gcc/arm-none-eabi/6.3.1/thumb/v7-m/crtbegin.o

.igot.plt       0x00086904        0x0
 .igot.plt      0x00086904        0x0 c:/program files (x86)/atmel/studio/7.0/toolchain/arm/arm-gnu-toolchain/bin/../lib/gcc/arm-none-eabi/6.3.1/thumb/v7-m/crtbegin.o
                0x00086904                . = ALIGN (0x4)
                0x00086904                _etext = .

.relocate       0x20000000      0xfc0 load address 0x00086904
                0x20000000                . = ALIGN (0x4)
                0x20000000                _srelocate = .
 *(.ramfunc .ramfunc.*)
 .ramfunc       0x20000000        0xa src/ASF/common/services/delay/sam/cycle_counter.o
                0x20000000                portable_delay_cycles
 *fill*         0x2000000a        0x2 
 .ramfunc       0x2000000c       0x98 src/ASF/sam/drivers/efc/efc.o
                0x2000000c                efc_perform_read_sequence
                0x20000084                efc_write_fmr
                0x20000088                efc_perform_fcr
 .ramfunc       0x200000a4      0x118 src/ASF/sam/utils/cmsis/sam3u/source/templates/system_sam3u.o
                0x200000a4                SystemInit
                0x2000014c                system_init_flash
 *(.data .data.*)
 .data.wCRCTable
                0x200001bc      0x400 src/Kernel/CRC16MODBUS.o
                0x200001bc                wCRCTable
 .data.pErrorFunc
                0x200005bc        0x4 src/Kernel/error.o
                0x200005bc                pErrorFunc
 .data.daysOfWeek
                0x200005c0       0x1c src/Kernel/shell.o
                0x200005c0                daysOfWeek
 .data.months   0x200005dc       0x30 src/Kernel/shell.o
                0x200005dc                months
 .data.g_interrupt_enabled
                0x2000060c        0x1 src/ASF/common/utils/interrupt/interrupt_sam_nvic.o
                0x2000060c                g_interrupt_enabled
 *fill*         0x2000060d        0x3 
 .data.SystemCoreClock
                0x20000610        0x4 src/ASF/sam/utils/cmsis/sam3u/source/templates/system_sam3u.o
                0x20000610                SystemCoreClock
 .data._impure_ptr
                0x20000614        0x4 c:/program files (x86)/atmel/studio/7.0/toolchain/arm/arm-gnu-toolchain/bin/../lib/gcc/arm-none-eabi/6.3.1/../../../../arm-none-eabi/lib/thumb/v7-m\libc.a(lib_a-impure.o)
                0x20000614                _impure_ptr
 .data.impure_data
                0x20000618      0x428 c:/program files (x86)/atmel/studio/7.0/toolchain/arm/arm-gnu-toolchain/bin/../lib/gcc/arm-none-eabi/6.3.1/../../../../arm-none-eabi/lib/thumb/v7-m\libc.a(lib_a-impure.o)
 .data.__atexit_recursive_mutex
                0x20000a40        0x4 c:/program files (x86)/atmel/studio/7.0/toolchain/arm/arm-gnu-toolchain/bin/../lib/gcc/arm-none-eabi/6.3.1/../../../../arm-none-eabi/lib/thumb/v7-m\libc.a(lib_a-__call_atexit.o)
                0x20000a40                __atexit_recursive_mutex
 .data.__global_locale
                0x20000a44      0x16c c:/program files (x86)/atmel/studio/7.0/toolchain/arm/arm-gnu-toolchain/bin/../lib/gcc/arm-none-eabi/6.3.1/../../../../arm-none-eabi/lib/thumb/v7-m\libc.a(lib_a-locale.o)
                0x20000a44                __global_locale
 .data.__malloc_av_
                0x20000bb0      0x408 c:/program files (x86)/atmel/studio/7.0/toolchain/arm/arm-gnu-toolchain/bin/../lib/gcc/arm-none-eabi/6.3.1/../../../../arm-none-eabi/lib/thumb/v7-m\libc.a(lib_a-mallocr.o)
                0x20000bb0                __malloc_av_
 .data.__malloc_sbrk_base
                0x20000fb8        0x4 c:/program files (x86)/atmel/studio/7.0/toolchain/arm/arm-gnu-toolchain/bin/../lib/gcc/arm-none-eabi/6.3.1/../../../../arm-none-eabi/lib/thumb/v7-m\libc.a(lib_a-mallocr.o)
                0x20000fb8                __malloc_sbrk_base
 .data.__malloc_trim_threshold
                0x20000fbc        0x4 c:/program files (x86)/atmel/studio/7.0/toolchain/arm/arm-gnu-toolchain/bin/../lib/gcc/arm-none-eabi/6.3.1/../../../../arm-none-eabi/lib/thumb/v7-m\libc.a(lib_a-mallocr.o)
                0x20000fbc                __malloc_trim_threshold
                0x20000fc0                . = ALIGN (0x4)
                0x20000fc0                _erelocate = .

.bss            0x20000fc0      0x6bc load address 0x000878c4
                0x20000fc0                . = ALIGN (0x4)
                0x20000fc0                _sbss = .
                0x20000fc0                _szero = .
 *(.bss .bss.*)
 .bss           0x20000fc0       0x1c c:/program files (x86)/atmel/studio/7.0/toolchain/arm/arm-gnu-toolchain/bin/../lib/gcc/arm-none-eabi/6.3.1/thumb/v7-m/crtbegin.o
 .bss.gs_interrupt_sources
                0x20000fdc       0x70 src/ASF/sam/drivers/pio/pio_handler.o
 .bss.gs_ul_nb_sources
                0x2000104c        0x4 src/ASF/sam/drivers/pio/pio_handler.o
 .bss.gs_ul_page_buffer
                0x20001050      0x100 src/ASF/sam/services/flash_efc/flash_efc.o
 .bss.cpu_irq_critical_section_counter
                0x20001150        0x4 src/ASF/common/utils/interrupt/interrupt_sam_nvic.o
 .bss.cpu_irq_prev_interrupt_state
                0x20001154        0x1 src/ASF/common/utils/interrupt/interrupt_sam_nvic.o
 *fill*         0x20001155        0x3 
 .bss.heap.5297
                0x20001158        0x4 src/ASF/sam/utils/syscalls/gcc/syscalls.o
 .bss.__malloc_current_mallinfo
                0x2000115c       0x28 c:/program files (x86)/atmel/studio/7.0/toolchain/arm/arm-gnu-toolchain/bin/../lib/gcc/arm-none-eabi/6.3.1/../../../../arm-none-eabi/lib/thumb/v7-m\libc.a(lib_a-mallocr.o)
                0x2000115c                __malloc_current_mallinfo
 .bss.__malloc_max_sbrked_mem
                0x20001184        0x4 c:/program files (x86)/atmel/studio/7.0/toolchain/arm/arm-gnu-toolchain/bin/../lib/gcc/arm-none-eabi/6.3.1/../../../../arm-none-eabi/lib/thumb/v7-m\libc.a(lib_a-mallocr.o)
                0x20001184                __malloc_max_sbrked_mem
 .bss.__malloc_max_total_mem
                0x20001188        0x4 c:/program files (x86)/atmel/studio/7.0/toolchain/arm/arm-gnu-toolchain/bin/../lib/gcc/arm-none-eabi/6.3.1/../../../../arm-none-eabi/lib/thumb/v7-m\libc.a(lib_a-mallocr.o)
                0x20001188                __malloc_max_total_mem
 .bss.__malloc_top_pad
                0x2000118c        0x4 c:/program files (x86)/atmel/studio/7.0/toolchain/arm/arm-gnu-toolchain/bin/../lib/gcc/arm-none-eabi/6.3.1/../../../../arm-none-eabi/lib/thumb/v7-m\libc.a(lib_a-mallocr.o)
                0x2000118c                __malloc_top_pad
 *(COMMON)
 COMMON         0x20001190      0x128 src/Kernel/shell.o
                0x20001190                shell
                0x200011a8                shellBuf
                0x200012a8                shellEscSeq
 COMMON         0x200012b8      0x108 src/Kernel/shellcom.o
                0x200012b8                shellcom
                0x200012c0                shellcomTxBuf
 COMMON         0x200013c0      0x148 src/Kernel/taskman.o
                0x200013c0                tasks
                0x20001460                taskman
                0x20001468                dTasks
 COMMON         0x20001508      0x100 src/Sources files/main.o
                0x20001508                buf
 COMMON         0x20001608       0x4c src/Sources files/menu.o
                0x20001608                menuParam
                0x20001614                tabl
 COMMON         0x20001654       0x21 c:/program files (x86)/atmel/studio/7.0/toolchain/arm/arm-gnu-toolchain/bin/../lib/gcc/arm-none-eabi/6.3.1/../../../../arm-none-eabi/lib/thumb/v7-m\libc.a(lib_a-lock.o)
                0x20001654                __lock___atexit_recursive_mutex
                0x20001658                __lock___arc4random_mutex
                0x2000165c                __lock___env_recursive_mutex
                0x20001660                __lock___sinit_recursive_mutex
                0x20001664                __lock___malloc_recursive_mutex
                0x20001668                __lock___at_quick_exit_mutex
                0x2000166c                __lock___dd_hash_mutex
                0x20001670                __lock___tz_mutex
                0x20001674                __lock___sfp_recursive_mutex
 *fill*         0x20001675        0x3 
 COMMON         0x20001678        0x4 c:/program files (x86)/atmel/studio/7.0/toolchain/arm/arm-gnu-toolchain/bin/../lib/gcc/arm-none-eabi/6.3.1/../../../../arm-none-eabi/lib/thumb/v7-m\libc.a(lib_a-reent.o)
                0x20001678                errno
                0x2000167c                . = ALIGN (0x4)
                0x2000167c                _ebss = .
                0x2000167c                _ezero = .

.stack          0x20080000     0x4000
                0x20080000                . = ALIGN (0x8)
                0x20080000                _sstack = .
                0x20084000                . = (. + __stack_size__)
 *fill*         0x20080000     0x4000 
                0x20084000                . = ALIGN (0x8)
                0x20084000                _estack = .
                0x20084000                . = ALIGN (0x4)
                0x20084000                _end = .
OUTPUT(A2S-Kernell.elf elf32-littlearm)

.ARM.attributes
                0x00000000       0x29
 .ARM.attributes
                0x00000000       0x1d c:/program files (x86)/atmel/studio/7.0/toolchain/arm/arm-gnu-toolchain/bin/../lib/gcc/arm-none-eabi/6.3.1/thumb/v7-m/crti.o
 .ARM.attributes
                0x0000001d       0x2d c:/program files (x86)/atmel/studio/7.0/toolchain/arm/arm-gnu-toolchain/bin/../lib/gcc/arm-none-eabi/6.3.1/thumb/v7-m/crtbegin.o
 .ARM.attributes
                0x0000004a       0x33 src/ASF/sam/drivers/pio/pio_handler.o
 .ARM.attributes
                0x0000007d       0x33 src/Kernel/CRC16MODBUS.o
 .ARM.attributes
                0x000000b0       0x33 src/Kernel/error.o
 .ARM.attributes
                0x000000e3       0x33 src/Kernel/shell.o
 .ARM.attributes
                0x00000116       0x33 src/Kernel/shellcmd.o
 .ARM.attributes
                0x00000149       0x33 src/Kernel/shellcom.o
 .ARM.attributes
                0x0000017c       0x33 src/Kernel/taskman.o
 .ARM.attributes
                0x000001af       0x33 src/Sources files/main.o
 .ARM.attributes
                0x000001e2       0x33 src/Sources files/menu.o
 .ARM.attributes
                0x00000215       0x33 src/ASF/common/services/delay/sam/cycle_counter.o
 .ARM.attributes
                0x00000248       0x33 src/ASF/common/services/clock/sam3u/sysclk.o
 .ARM.attributes
                0x0000027b       0x33 src/ASF/common/drivers/nvm/sam/sam_nvm.o
 .ARM.attributes
                0x000002ae       0x33 src/ASF/sam/drivers/efc/efc.o
 .ARM.attributes
                0x000002e1       0x33 src/ASF/sam/drivers/pio/pio.o
 .ARM.attributes
                0x00000314       0x33 src/ASF/sam/drivers/pmc/pmc.o
 .ARM.attributes
                0x00000347       0x33 src/ASF/sam/drivers/rtc/rtc.o
 .ARM.attributes
                0x0000037a       0x33 src/ASF/sam/drivers/tc/tc.o
 .ARM.attributes
                0x000003ad       0x33 src/ASF/sam/services/flash_efc/flash_efc.o
 .ARM.attributes
                0x000003e0       0x33 src/ASF/common/boards/user_board/init.o
 .ARM.attributes
                0x00000413       0x33 src/ASF/common/utils/interrupt/interrupt_sam_nvic.o
 .ARM.attributes
                0x00000446       0x33 src/ASF/sam/utils/cmsis/sam3u/source/templates/exceptions.o
 .ARM.attributes
                0x00000479       0x33 src/ASF/sam/utils/cmsis/sam3u/source/templates/gcc/startup_sam3u.o
 .ARM.attributes
                0x000004ac       0x33 src/ASF/sam/utils/cmsis/sam3u/source/templates/system_sam3u.o
 .ARM.attributes
                0x000004df       0x33 src/ASF/sam/utils/syscalls/gcc/syscalls.o
 .ARM.attributes
                0x00000512       0x2d c:/program files (x86)/atmel/studio/7.0/toolchain/arm/arm-gnu-toolchain/bin/../lib/gcc/arm-none-eabi/6.3.1/../../../../arm-none-eabi/lib/thumb/v7-m\libc.a(lib_a-atoi.o)
 .ARM.attributes
                0x0000053f       0x2d c:/program files (x86)/atmel/studio/7.0/toolchain/arm/arm-gnu-toolchain/bin/../lib/gcc/arm-none-eabi/6.3.1/../../../../arm-none-eabi/lib/thumb/v7-m\libc.a(lib_a-impure.o)
 .ARM.attributes
                0x0000056c       0x2d c:/program files (x86)/atmel/studio/7.0/toolchain/arm/arm-gnu-toolchain/bin/../lib/gcc/arm-none-eabi/6.3.1/../../../../arm-none-eabi/lib/thumb/v7-m\libc.a(lib_a-init.o)
 .ARM.attributes
                0x00000599       0x1b c:/program files (x86)/atmel/studio/7.0/toolchain/arm/arm-gnu-toolchain/bin/../lib/gcc/arm-none-eabi/6.3.1/../../../../arm-none-eabi/lib/thumb/v7-m\libc.a(lib_a-memcpy.o)
 .ARM.attributes
                0x000005b4       0x2d c:/program files (x86)/atmel/studio/7.0/toolchain/arm/arm-gnu-toolchain/bin/../lib/gcc/arm-none-eabi/6.3.1/../../../../arm-none-eabi/lib/thumb/v7-m\libc.a(lib_a-memset.o)
 .ARM.attributes
                0x000005e1       0x2d c:/program files (x86)/atmel/studio/7.0/toolchain/arm/arm-gnu-toolchain/bin/../lib/gcc/arm-none-eabi/6.3.1/../../../../arm-none-eabi/lib/thumb/v7-m\libc.a(lib_a-sprintf.o)
 .ARM.attributes
                0x0000060e       0x2d c:/program files (x86)/atmel/studio/7.0/toolchain/arm/arm-gnu-toolchain/bin/../lib/gcc/arm-none-eabi/6.3.1/../../../../arm-none-eabi/lib/thumb/v7-m\libc.a(lib_a-strlen-stub.o)
 .ARM.attributes
                0x0000063b       0x2d c:/program files (x86)/atmel/studio/7.0/toolchain/arm/arm-gnu-toolchain/bin/../lib/gcc/arm-none-eabi/6.3.1/../../../../arm-none-eabi/lib/thumb/v7-m\libc.a(lib_a-strtok.o)
 .ARM.attributes
                0x00000668       0x2d c:/program files (x86)/atmel/studio/7.0/toolchain/arm/arm-gnu-toolchain/bin/../lib/gcc/arm-none-eabi/6.3.1/../../../../arm-none-eabi/lib/thumb/v7-m\libc.a(lib_a-strtok_r.o)
 .ARM.attributes
                0x00000695       0x2d c:/program files (x86)/atmel/studio/7.0/toolchain/arm/arm-gnu-toolchain/bin/../lib/gcc/arm-none-eabi/6.3.1/../../../../arm-none-eabi/lib/thumb/v7-m\libc.a(lib_a-strtol.o)
 .ARM.attributes
                0x000006c2       0x2d c:/program files (x86)/atmel/studio/7.0/toolchain/arm/arm-gnu-toolchain/bin/../lib/gcc/arm-none-eabi/6.3.1/../../../../arm-none-eabi/lib/thumb/v7-m\libc.a(lib_a-svfprintf.o)
 .ARM.attributes
                0x000006ef       0x2d c:/program files (x86)/atmel/studio/7.0/toolchain/arm/arm-gnu-toolchain/bin/../lib/gcc/arm-none-eabi/6.3.1/../../../../arm-none-eabi/lib/thumb/v7-m\libc.a(lib_a-__call_atexit.o)
 .ARM.attributes
                0x0000071c       0x2d c:/program files (x86)/atmel/studio/7.0/toolchain/arm/arm-gnu-toolchain/bin/../lib/gcc/arm-none-eabi/6.3.1/../../../../arm-none-eabi/lib/thumb/v7-m\libc.a(lib_a-atexit.o)
 .ARM.attributes
                0x00000749       0x2d c:/program files (x86)/atmel/studio/7.0/toolchain/arm/arm-gnu-toolchain/bin/../lib/gcc/arm-none-eabi/6.3.1/../../../../arm-none-eabi/lib/thumb/v7-m\libc.a(lib_a-dtoa.o)
 .ARM.attributes
                0x00000776       0x2d c:/program files (x86)/atmel/studio/7.0/toolchain/arm/arm-gnu-toolchain/bin/../lib/gcc/arm-none-eabi/6.3.1/../../../../arm-none-eabi/lib/thumb/v7-m\libc.a(lib_a-fini.o)
 .ARM.attributes
                0x000007a3       0x2d c:/program files (x86)/atmel/studio/7.0/toolchain/arm/arm-gnu-toolchain/bin/../lib/gcc/arm-none-eabi/6.3.1/../../../../arm-none-eabi/lib/thumb/v7-m\libc.a(lib_a-locale.o)
 .ARM.attributes
                0x000007d0       0x2d c:/program files (x86)/atmel/studio/7.0/toolchain/arm/arm-gnu-toolchain/bin/../lib/gcc/arm-none-eabi/6.3.1/../../../../arm-none-eabi/lib/thumb/v7-m\libc.a(lib_a-localeconv.o)
 .ARM.attributes
                0x000007fd       0x2d c:/program files (x86)/atmel/studio/7.0/toolchain/arm/arm-gnu-toolchain/bin/../lib/gcc/arm-none-eabi/6.3.1/../../../../arm-none-eabi/lib/thumb/v7-m\libc.a(lib_a-lock.o)
 .ARM.attributes
                0x0000082a       0x2d c:/program files (x86)/atmel/studio/7.0/toolchain/arm/arm-gnu-toolchain/bin/../lib/gcc/arm-none-eabi/6.3.1/../../../../arm-none-eabi/lib/thumb/v7-m\libc.a(lib_a-mallocr.o)
 .ARM.attributes
                0x00000857       0x2d c:/program files (x86)/atmel/studio/7.0/toolchain/arm/arm-gnu-toolchain/bin/../lib/gcc/arm-none-eabi/6.3.1/../../../../arm-none-eabi/lib/thumb/v7-m\libc.a(lib_a-mbtowc_r.o)
 .ARM.attributes
                0x00000884       0x2d c:/program files (x86)/atmel/studio/7.0/toolchain/arm/arm-gnu-toolchain/bin/../lib/gcc/arm-none-eabi/6.3.1/../../../../arm-none-eabi/lib/thumb/v7-m\libc.a(lib_a-memchr-stub.o)
 .ARM.attributes
                0x000008b1       0x2d c:/program files (x86)/atmel/studio/7.0/toolchain/arm/arm-gnu-toolchain/bin/../lib/gcc/arm-none-eabi/6.3.1/../../../../arm-none-eabi/lib/thumb/v7-m\libc.a(lib_a-mlock.o)
 .ARM.attributes
                0x000008de       0x2d c:/program files (x86)/atmel/studio/7.0/toolchain/arm/arm-gnu-toolchain/bin/../lib/gcc/arm-none-eabi/6.3.1/../../../../arm-none-eabi/lib/thumb/v7-m\libc.a(lib_a-mprec.o)
 .ARM.attributes
                0x0000090b       0x2d c:/program files (x86)/atmel/studio/7.0/toolchain/arm/arm-gnu-toolchain/bin/../lib/gcc/arm-none-eabi/6.3.1/../../../../arm-none-eabi/lib/thumb/v7-m\libc.a(lib_a-sbrkr.o)
 .ARM.attributes
                0x00000938       0x2d c:/program files (x86)/atmel/studio/7.0/toolchain/arm/arm-gnu-toolchain/bin/../lib/gcc/arm-none-eabi/6.3.1/../../../../arm-none-eabi/lib/thumb/v7-m\libc.a(lib_a-svfiprintf.o)
 .ARM.attributes
                0x00000965       0x2d c:/program files (x86)/atmel/studio/7.0/toolchain/arm/arm-gnu-toolchain/bin/../lib/gcc/arm-none-eabi/6.3.1/../../../../arm-none-eabi/lib/thumb/v7-m\libc.a(lib_a-wctomb_r.o)
 .ARM.attributes
                0x00000992       0x2d c:/program files (x86)/atmel/studio/7.0/toolchain/arm/arm-gnu-toolchain/bin/../lib/gcc/arm-none-eabi/6.3.1/../../../../arm-none-eabi/lib/thumb/v7-m\libc.a(lib_a-__atexit.o)
 .ARM.attributes
                0x000009bf       0x2d c:/program files (x86)/atmel/studio/7.0/toolchain/arm/arm-gnu-toolchain/bin/../lib/gcc/arm-none-eabi/6.3.1/../../../../arm-none-eabi/lib/thumb/v7-m\libc.a(lib_a-callocr.o)
 .ARM.attributes
                0x000009ec       0x2d c:/program files (x86)/atmel/studio/7.0/toolchain/arm/arm-gnu-toolchain/bin/../lib/gcc/arm-none-eabi/6.3.1/../../../../arm-none-eabi/lib/thumb/v7-m\libc.a(lib_a-ctype_.o)
 .ARM.attributes
                0x00000a19       0x2d c:/program files (x86)/atmel/studio/7.0/toolchain/arm/arm-gnu-toolchain/bin/../lib/gcc/arm-none-eabi/6.3.1/../../../../arm-none-eabi/lib/thumb/v7-m\libc.a(lib_a-freer.o)
 .ARM.attributes
                0x00000a46       0x2d c:/program files (x86)/atmel/studio/7.0/toolchain/arm/arm-gnu-toolchain/bin/../lib/gcc/arm-none-eabi/6.3.1/../../../../arm-none-eabi/lib/thumb/v7-m\libc.a(lib_a-memmove.o)
 .ARM.attributes
                0x00000a73       0x2d c:/program files (x86)/atmel/studio/7.0/toolchain/arm/arm-gnu-toolchain/bin/../lib/gcc/arm-none-eabi/6.3.1/../../../../arm-none-eabi/lib/thumb/v7-m\libc.a(lib_a-reallocr.o)
 .ARM.attributes
                0x00000aa0       0x2d c:/program files (x86)/atmel/studio/7.0/toolchain/arm/arm-gnu-toolchain/bin/../lib/gcc/arm-none-eabi/6.3.1/../../../../arm-none-eabi/lib/thumb/v7-m\libc.a(lib_a-reent.o)
 .ARM.attributes
                0x00000acd       0x1d c:/program files (x86)/atmel/studio/7.0/toolchain/arm/arm-gnu-toolchain/bin/../lib/gcc/arm-none-eabi/6.3.1/thumb/v7-m\libgcc.a(_arm_addsubdf3.o)
 .ARM.attributes
                0x00000aea       0x1d c:/program files (x86)/atmel/studio/7.0/toolchain/arm/arm-gnu-toolchain/bin/../lib/gcc/arm-none-eabi/6.3.1/thumb/v7-m\libgcc.a(_arm_muldivdf3.o)
 .ARM.attributes
                0x00000b07       0x1d c:/program files (x86)/atmel/studio/7.0/toolchain/arm/arm-gnu-toolchain/bin/../lib/gcc/arm-none-eabi/6.3.1/thumb/v7-m\libgcc.a(_arm_cmpdf2.o)
 .ARM.attributes
                0x00000b24       0x1d c:/program files (x86)/atmel/studio/7.0/toolchain/arm/arm-gnu-toolchain/bin/../lib/gcc/arm-none-eabi/6.3.1/thumb/v7-m\libgcc.a(_arm_unorddf2.o)
 .ARM.attributes
                0x00000b41       0x1d c:/program files (x86)/atmel/studio/7.0/toolchain/arm/arm-gnu-toolchain/bin/../lib/gcc/arm-none-eabi/6.3.1/thumb/v7-m\libgcc.a(_arm_fixdfsi.o)
 .ARM.attributes
                0x00000b5e       0x1d c:/program files (x86)/atmel/studio/7.0/toolchain/arm/arm-gnu-toolchain/bin/../lib/gcc/arm-none-eabi/6.3.1/thumb/v7-m\libgcc.a(_aeabi_uldivmod.o)
 .ARM.attributes
                0x00000b7b       0x2d c:/program files (x86)/atmel/studio/7.0/toolchain/arm/arm-gnu-toolchain/bin/../lib/gcc/arm-none-eabi/6.3.1/thumb/v7-m\libgcc.a(_udivmoddi4.o)
 .ARM.attributes
                0x00000ba8       0x1d c:/program files (x86)/atmel/studio/7.0/toolchain/arm/arm-gnu-toolchain/bin/../lib/gcc/arm-none-eabi/6.3.1/thumb/v7-m\libgcc.a(_dvmd_tls.o)
 .ARM.attributes
                0x00000bc5       0x1d c:/program files (x86)/atmel/studio/7.0/toolchain/arm/arm-gnu-toolchain/bin/../lib/gcc/arm-none-eabi/6.3.1/thumb/v7-m/crtn.o

.comment        0x00000000       0x59
 .comment       0x00000000       0x59 src/ASF/sam/drivers/pio/pio_handler.o
                                 0x5a (size before relaxing)
 .comment       0x00000059       0x5a src/Kernel/CRC16MODBUS.o
 .comment       0x00000059       0x5a src/Kernel/error.o
 .comment       0x00000059       0x5a src/Kernel/shell.o
 .comment       0x00000059       0x5a src/Kernel/shellcmd.o
 .comment       0x00000059       0x5a src/Kernel/shellcom.o
 .comment       0x00000059       0x5a src/Kernel/taskman.o
 .comment       0x00000059       0x5a src/Sources files/main.o
 .comment       0x00000059       0x5a src/Sources files/menu.o
 .comment       0x00000059       0x5a src/ASF/common/services/delay/sam/cycle_counter.o
 .comment       0x00000059       0x5a src/ASF/common/services/clock/sam3u/sysclk.o
 .comment       0x00000059       0x5a src/ASF/common/drivers/nvm/sam/sam_nvm.o
 .comment       0x00000059       0x5a src/ASF/sam/drivers/efc/efc.o
 .comment       0x00000059       0x5a src/ASF/sam/drivers/pio/pio.o
 .comment       0x00000059       0x5a src/ASF/sam/drivers/pmc/pmc.o
 .comment       0x00000059       0x5a src/ASF/sam/drivers/rtc/rtc.o
 .comment       0x00000059       0x5a src/ASF/sam/drivers/tc/tc.o
 .comment       0x00000059       0x5a src/ASF/sam/services/flash_efc/flash_efc.o
 .comment       0x00000059       0x5a src/ASF/common/boards/user_board/init.o
 .comment       0x00000059       0x5a src/ASF/common/utils/interrupt/interrupt_sam_nvic.o
 .comment       0x00000059       0x5a src/ASF/sam/utils/cmsis/sam3u/source/templates/exceptions.o
 .comment       0x00000059       0x5a src/ASF/sam/utils/cmsis/sam3u/source/templates/gcc/startup_sam3u.o
 .comment       0x00000059       0x5a src/ASF/sam/utils/cmsis/sam3u/source/templates/system_sam3u.o
 .comment       0x00000059       0x5a src/ASF/sam/utils/syscalls/gcc/syscalls.o

.debug_info     0x00000000    0x18b6b
 .debug_info    0x00000000     0x170a src/ASF/sam/drivers/pio/pio_handler.o
 .debug_info    0x0000170a      0x111 src/Kernel/CRC16MODBUS.o
 .debug_info    0x0000181b      0xcdb src/Kernel/error.o
 .debug_info    0x000024f6     0x15fc src/Kernel/shell.o
 .debug_info    0x00003af2     0x159f src/Kernel/shellcmd.o
 .debug_info    0x00005091     0x112b src/Kernel/shellcom.o
 .debug_info    0x000061bc     0x1564 src/Kernel/taskman.o
 .debug_info    0x00007720      0xc0e src/Sources files/main.o
 .debug_info    0x0000832e     0x1381 src/Sources files/menu.o
 .debug_info    0x000096af      0xa45 src/ASF/common/services/delay/sam/cycle_counter.o
 .debug_info    0x0000a0f4     0x1239 src/ASF/common/services/clock/sam3u/sysclk.o
 .debug_info    0x0000b32d      0xeb4 src/ASF/common/drivers/nvm/sam/sam_nvm.o
 .debug_info    0x0000c1e1     0x1021 src/ASF/sam/drivers/efc/efc.o
 .debug_info    0x0000d202     0x1c61 src/ASF/sam/drivers/pio/pio.o
 .debug_info    0x0000ee63     0x1900 src/ASF/sam/drivers/pmc/pmc.o
 .debug_info    0x00010763     0x10ed src/ASF/sam/drivers/rtc/rtc.o
 .debug_info    0x00011850     0x118b src/ASF/sam/drivers/tc/tc.o
 .debug_info    0x000129db     0x19ed src/ASF/sam/services/flash_efc/flash_efc.o
 .debug_info    0x000143c8      0xa39 src/ASF/common/boards/user_board/init.o
 .debug_info    0x00014e01      0xb01 src/ASF/common/utils/interrupt/interrupt_sam_nvic.o
 .debug_info    0x00015902      0xa39 src/ASF/sam/utils/cmsis/sam3u/source/templates/exceptions.o
 .debug_info    0x0001633b      0xd1b src/ASF/sam/utils/cmsis/sam3u/source/templates/gcc/startup_sam3u.o
 .debug_info    0x00017056      0xd65 src/ASF/sam/utils/cmsis/sam3u/source/templates/system_sam3u.o
 .debug_info    0x00017dbb      0xdb0 src/ASF/sam/utils/syscalls/gcc/syscalls.o

.debug_abbrev   0x00000000     0x3fec
 .debug_abbrev  0x00000000      0x329 src/ASF/sam/drivers/pio/pio_handler.o
 .debug_abbrev  0x00000329       0xa6 src/Kernel/CRC16MODBUS.o
 .debug_abbrev  0x000003cf      0x2a0 src/Kernel/error.o
 .debug_abbrev  0x0000066f      0x378 src/Kernel/shell.o
 .debug_abbrev  0x000009e7      0x323 src/Kernel/shellcmd.o
 .debug_abbrev  0x00000d0a      0x301 src/Kernel/shellcom.o
 .debug_abbrev  0x0000100b      0x39f src/Kernel/taskman.o
 .debug_abbrev  0x000013aa      0x273 src/Sources files/main.o
 .debug_abbrev  0x0000161d      0x2e9 src/Sources files/menu.o
 .debug_abbrev  0x00001906      0x1b3 src/ASF/common/services/delay/sam/cycle_counter.o
 .debug_abbrev  0x00001ab9      0x324 src/ASF/common/services/clock/sam3u/sysclk.o
 .debug_abbrev  0x00001ddd      0x318 src/ASF/common/drivers/nvm/sam/sam_nvm.o
 .debug_abbrev  0x000020f5      0x39a src/ASF/sam/drivers/efc/efc.o
 .debug_abbrev  0x0000248f      0x3c7 src/ASF/sam/drivers/pio/pio.o
 .debug_abbrev  0x00002856      0x2f9 src/ASF/sam/drivers/pmc/pmc.o
 .debug_abbrev  0x00002b4f      0x2e3 src/ASF/sam/drivers/rtc/rtc.o
 .debug_abbrev  0x00002e32      0x293 src/ASF/sam/drivers/tc/tc.o
 .debug_abbrev  0x000030c5      0x390 src/ASF/sam/services/flash_efc/flash_efc.o
 .debug_abbrev  0x00003455      0x1a4 src/ASF/common/boards/user_board/init.o
 .debug_abbrev  0x000035f9      0x212 src/ASF/common/utils/interrupt/interrupt_sam_nvic.o
 .debug_abbrev  0x0000380b      0x1a4 src/ASF/sam/utils/cmsis/sam3u/source/templates/exceptions.o
 .debug_abbrev  0x000039af      0x1f2 src/ASF/sam/utils/cmsis/sam3u/source/templates/gcc/startup_sam3u.o
 .debug_abbrev  0x00003ba1      0x1e7 src/ASF/sam/utils/cmsis/sam3u/source/templates/system_sam3u.o
 .debug_abbrev  0x00003d88      0x264 src/ASF/sam/utils/syscalls/gcc/syscalls.o

.debug_loc      0x00000000     0x516f
 .debug_loc     0x00000000      0x529 src/ASF/sam/drivers/pio/pio_handler.o
 .debug_loc     0x00000529      0x1ca src/Kernel/CRC16MODBUS.o
 .debug_loc     0x000006f3       0xea src/Kernel/error.o
 .debug_loc     0x000007dd      0x283 src/Kernel/shell.o
 .debug_loc     0x00000a60      0x431 src/Kernel/shellcmd.o
 .debug_loc     0x00000e91      0x104 src/Kernel/shellcom.o
 .debug_loc     0x00000f95      0x1b8 src/Kernel/taskman.o
 .debug_loc     0x0000114d       0x20 src/Sources files/main.o
 .debug_loc     0x0000116d      0x10c src/Sources files/menu.o
 .debug_loc     0x00001279      0x1b3 src/ASF/common/services/clock/sam3u/sysclk.o
 .debug_loc     0x0000142c      0x4cc src/ASF/common/drivers/nvm/sam/sam_nvm.o
 .debug_loc     0x000018f8      0x572 src/ASF/sam/drivers/efc/efc.o
 .debug_loc     0x00001e6a      0xacc src/ASF/sam/drivers/pio/pio.o
 .debug_loc     0x00002936      0xa5b src/ASF/sam/drivers/pmc/pmc.o
 .debug_loc     0x00003391      0x8d3 src/ASF/sam/drivers/rtc/rtc.o
 .debug_loc     0x00003c64      0x562 src/ASF/sam/drivers/tc/tc.o
 .debug_loc     0x000041c6      0xe41 src/ASF/sam/services/flash_efc/flash_efc.o
 .debug_loc     0x00005007       0x6b src/ASF/sam/utils/cmsis/sam3u/source/templates/gcc/startup_sam3u.o
 .debug_loc     0x00005072       0xfd src/ASF/sam/utils/syscalls/gcc/syscalls.o

.debug_aranges  0x00000000      0x958
 .debug_aranges
                0x00000000       0x48 src/ASF/sam/drivers/pio/pio_handler.o
 .debug_aranges
                0x00000048       0x28 src/Kernel/CRC16MODBUS.o
 .debug_aranges
                0x00000070       0x28 src/Kernel/error.o
 .debug_aranges
                0x00000098       0x40 src/Kernel/shell.o
 .debug_aranges
                0x000000d8       0x30 src/Kernel/shellcmd.o
 .debug_aranges
                0x00000108       0x28 src/Kernel/shellcom.o
 .debug_aranges
                0x00000130       0x28 src/Kernel/taskman.o
 .debug_aranges
                0x00000158       0x20 src/Sources files/main.o
 .debug_aranges
                0x00000178       0x30 src/Sources files/menu.o
 .debug_aranges
                0x000001a8       0x20 src/ASF/common/services/delay/sam/cycle_counter.o
 .debug_aranges
                0x000001c8       0x40 src/ASF/common/services/clock/sam3u/sysclk.o
 .debug_aranges
                0x00000208       0x68 src/ASF/common/drivers/nvm/sam/sam_nvm.o
 .debug_aranges
                0x00000270       0x80 src/ASF/sam/drivers/efc/efc.o
 .debug_aranges
                0x000002f0      0x148 src/ASF/sam/drivers/pio/pio.o
 .debug_aranges
                0x00000438      0x1e0 src/ASF/sam/drivers/pmc/pmc.o
 .debug_aranges
                0x00000618       0xb0 src/ASF/sam/drivers/rtc/rtc.o
 .debug_aranges
                0x000006c8       0xc0 src/ASF/sam/drivers/tc/tc.o
 .debug_aranges
                0x00000788       0xb8 src/ASF/sam/services/flash_efc/flash_efc.o
 .debug_aranges
                0x00000840       0x20 src/ASF/common/boards/user_board/init.o
 .debug_aranges
                0x00000860       0x28 src/ASF/common/utils/interrupt/interrupt_sam_nvic.o
 .debug_aranges
                0x00000888       0x20 src/ASF/sam/utils/cmsis/sam3u/source/templates/exceptions.o
 .debug_aranges
                0x000008a8       0x20 src/ASF/sam/utils/cmsis/sam3u/source/templates/gcc/startup_sam3u.o
 .debug_aranges
                0x000008c8       0x30 src/ASF/sam/utils/cmsis/sam3u/source/templates/system_sam3u.o
 .debug_aranges
                0x000008f8       0x60 src/ASF/sam/utils/syscalls/gcc/syscalls.o

.debug_ranges   0x00000000      0x838
 .debug_ranges  0x00000000       0x50 src/ASF/sam/drivers/pio/pio_handler.o
 .debug_ranges  0x00000050       0x18 src/Kernel/CRC16MODBUS.o
 .debug_ranges  0x00000068       0x18 src/Kernel/error.o
 .debug_ranges  0x00000080       0x48 src/Kernel/shell.o
 .debug_ranges  0x000000c8       0x20 src/Kernel/shellcmd.o
 .debug_ranges  0x000000e8       0x18 src/Kernel/shellcom.o
 .debug_ranges  0x00000100       0x30 src/Kernel/taskman.o
 .debug_ranges  0x00000130       0x10 src/Sources files/main.o
 .debug_ranges  0x00000140       0x20 src/Sources files/menu.o
 .debug_ranges  0x00000160       0x10 src/ASF/common/services/delay/sam/cycle_counter.o
 .debug_ranges  0x00000170       0x30 src/ASF/common/services/clock/sam3u/sysclk.o
 .debug_ranges  0x000001a0       0x58 src/ASF/common/drivers/nvm/sam/sam_nvm.o
 .debug_ranges  0x000001f8       0x70 src/ASF/sam/drivers/efc/efc.o
 .debug_ranges  0x00000268      0x150 src/ASF/sam/drivers/pio/pio.o
 .debug_ranges  0x000003b8      0x1d0 src/ASF/sam/drivers/pmc/pmc.o
 .debug_ranges  0x00000588       0xa0 src/ASF/sam/drivers/rtc/rtc.o
 .debug_ranges  0x00000628       0xb0 src/ASF/sam/drivers/tc/tc.o
 .debug_ranges  0x000006d8       0xa8 src/ASF/sam/services/flash_efc/flash_efc.o
 .debug_ranges  0x00000780       0x10 src/ASF/common/boards/user_board/init.o
 .debug_ranges  0x00000790       0x18 src/ASF/common/utils/interrupt/interrupt_sam_nvic.o
 .debug_ranges  0x000007a8       0x10 src/ASF/sam/utils/cmsis/sam3u/source/templates/exceptions.o
 .debug_ranges  0x000007b8       0x10 src/ASF/sam/utils/cmsis/sam3u/source/templates/gcc/startup_sam3u.o
 .debug_ranges  0x000007c8       0x20 src/ASF/sam/utils/cmsis/sam3u/source/templates/system_sam3u.o
 .debug_ranges  0x000007e8       0x50 src/ASF/sam/utils/syscalls/gcc/syscalls.o

.debug_macro    0x00000000    0x175cf
 .debug_macro   0x00000000      0x4f7 src/ASF/sam/drivers/pio/pio_handler.o
 .debug_macro   0x000004f7      0x8c8 src/ASF/sam/drivers/pio/pio_handler.o
 .debug_macro   0x00000dbf      0x16d src/ASF/sam/drivers/pio/pio_handler.o
 .debug_macro   0x00000f2c      0x64b src/ASF/sam/drivers/pio/pio_handler.o
 .debug_macro   0x00001577       0x76 src/ASF/sam/drivers/pio/pio_handler.o
 .debug_macro   0x000015ed       0x16 src/ASF/sam/drivers/pio/pio_handler.o
 .debug_macro   0x00001603      0x6e4 src/ASF/sam/drivers/pio/pio_handler.o
 .debug_macro   0x00001ce7       0x22 src/ASF/sam/drivers/pio/pio_handler.o
 .debug_macro   0x00001d09       0x87 src/ASF/sam/drivers/pio/pio_handler.o
 .debug_macro   0x00001d90       0x51 src/ASF/sam/drivers/pio/pio_handler.o
 .debug_macro   0x00001de1       0xef src/ASF/sam/drivers/pio/pio_handler.o
 .debug_macro   0x00001ed0       0x6a src/ASF/sam/drivers/pio/pio_handler.o
 .debug_macro   0x00001f3a      0x1df src/ASF/sam/drivers/pio/pio_handler.o
 .debug_macro   0x00002119       0x20 src/ASF/sam/drivers/pio/pio_handler.o
 .debug_macro   0x00002139       0x3a src/ASF/sam/drivers/pio/pio_handler.o
 .debug_macro   0x00002173       0x2d src/ASF/sam/drivers/pio/pio_handler.o
 .debug_macro   0x000021a0      0xbb1 src/ASF/sam/drivers/pio/pio_handler.o
 .debug_macro   0x00002d51      0x41b src/ASF/sam/drivers/pio/pio_handler.o
 .debug_macro   0x0000316c      0x472 src/ASF/sam/drivers/pio/pio_handler.o
 .debug_macro   0x000035de      0x2b5 src/ASF/sam/drivers/pio/pio_handler.o
 .debug_macro   0x00003893      0x5d6 src/ASF/sam/drivers/pio/pio_handler.o
 .debug_macro   0x00003e69       0x82 src/ASF/sam/drivers/pio/pio_handler.o
 .debug_macro   0x00003eeb       0x1c src/ASF/sam/drivers/pio/pio_handler.o
 .debug_macro   0x00003f07      0x69b src/ASF/sam/drivers/pio/pio_handler.o
 .debug_macro   0x000045a2      0x4bd src/ASF/sam/drivers/pio/pio_handler.o
 .debug_macro   0x00004a5f       0xbe src/ASF/sam/drivers/pio/pio_handler.o
 .debug_macro   0x00004b1d     0x2342 src/ASF/sam/drivers/pio/pio_handler.o
 .debug_macro   0x00006e5f      0x690 src/ASF/sam/drivers/pio/pio_handler.o
 .debug_macro   0x000074ef      0xa62 src/ASF/sam/drivers/pio/pio_handler.o
 .debug_macro   0x00007f51       0x7c src/ASF/sam/drivers/pio/pio_handler.o
 .debug_macro   0x00007fcd      0x263 src/ASF/sam/drivers/pio/pio_handler.o
 .debug_macro   0x00008230       0x58 src/ASF/sam/drivers/pio/pio_handler.o
 .debug_macro   0x00008288      0x9a7 src/ASF/sam/drivers/pio/pio_handler.o
 .debug_macro   0x00008c2f      0x248 src/ASF/sam/drivers/pio/pio_handler.o
 .debug_macro   0x00008e77      0x4df src/ASF/sam/drivers/pio/pio_handler.o
 .debug_macro   0x00009356      0x6b3 src/ASF/sam/drivers/pio/pio_handler.o
 .debug_macro   0x00009a09      0x563 src/ASF/sam/drivers/pio/pio_handler.o
 .debug_macro   0x00009f6c      0x34d src/ASF/sam/drivers/pio/pio_handler.o
 .debug_macro   0x0000a2b9      0x28c src/ASF/sam/drivers/pio/pio_handler.o
 .debug_macro   0x0000a545      0x754 src/ASF/sam/drivers/pio/pio_handler.o
 .debug_macro   0x0000ac99      0x6b5 src/ASF/sam/drivers/pio/pio_handler.o
 .debug_macro   0x0000b34e       0x76 src/ASF/sam/drivers/pio/pio_handler.o
 .debug_macro   0x0000b3c4       0x82 src/ASF/sam/drivers/pio/pio_handler.o
 .debug_macro   0x0000b446       0x76 src/ASF/sam/drivers/pio/pio_handler.o
 .debug_macro   0x0000b4bc       0x4c src/ASF/sam/drivers/pio/pio_handler.o
 .debug_macro   0x0000b508       0xe2 src/ASF/sam/drivers/pio/pio_handler.o
 .debug_macro   0x0000b5ea       0x88 src/ASF/sam/drivers/pio/pio_handler.o
 .debug_macro   0x0000b672       0x88 src/ASF/sam/drivers/pio/pio_handler.o
 .debug_macro   0x0000b6fa      0x2c6 src/ASF/sam/drivers/pio/pio_handler.o
 .debug_macro   0x0000b9c0       0xac src/ASF/sam/drivers/pio/pio_handler.o
 .debug_macro   0x0000ba6c       0xac src/ASF/sam/drivers/pio/pio_handler.o
 .debug_macro   0x0000bb18       0xac src/ASF/sam/drivers/pio/pio_handler.o
 .debug_macro   0x0000bbc4      0x24f src/ASF/sam/drivers/pio/pio_handler.o
 .debug_macro   0x0000be13       0x7c src/ASF/sam/drivers/pio/pio_handler.o
 .debug_macro   0x0000be8f       0x70 src/ASF/sam/drivers/pio/pio_handler.o
 .debug_macro   0x0000beff       0xee src/ASF/sam/drivers/pio/pio_handler.o
 .debug_macro   0x0000bfed      0x165 src/ASF/sam/drivers/pio/pio_handler.o
 .debug_macro   0x0000c152       0x64 src/ASF/sam/drivers/pio/pio_handler.o
 .debug_macro   0x0000c1b6       0x88 src/ASF/sam/drivers/pio/pio_handler.o
 .debug_macro   0x0000c23e       0x7c src/ASF/sam/drivers/pio/pio_handler.o
 .debug_macro   0x0000c2ba       0x16 src/ASF/sam/drivers/pio/pio_handler.o
 .debug_macro   0x0000c2d0       0x22 src/ASF/sam/drivers/pio/pio_handler.o
 .debug_macro   0x0000c2f2       0x22 src/ASF/sam/drivers/pio/pio_handler.o
 .debug_macro   0x0000c314      0x115 src/ASF/sam/drivers/pio/pio_handler.o
 .debug_macro   0x0000c429      0x115 src/ASF/sam/drivers/pio/pio_handler.o
 .debug_macro   0x0000c53e       0x1c src/ASF/sam/drivers/pio/pio_handler.o
 .debug_macro   0x0000c55a       0x2e src/ASF/sam/drivers/pio/pio_handler.o
 .debug_macro   0x0000c588       0x22 src/ASF/sam/drivers/pio/pio_handler.o
 .debug_macro   0x0000c5aa       0x1c src/ASF/sam/drivers/pio/pio_handler.o
 .debug_macro   0x0000c5c6       0x58 src/ASF/sam/drivers/pio/pio_handler.o
 .debug_macro   0x0000c61e       0x10 src/ASF/sam/drivers/pio/pio_handler.o
 .debug_macro   0x0000c62e      0x1d2 src/ASF/sam/drivers/pio/pio_handler.o
 .debug_macro   0x0000c800      0x81b src/ASF/sam/drivers/pio/pio_handler.o
 .debug_macro   0x0000d01b       0xf2 src/ASF/sam/drivers/pio/pio_handler.o
 .debug_macro   0x0000d10d       0x58 src/ASF/sam/drivers/pio/pio_handler.o
 .debug_macro   0x0000d165       0x35 src/ASF/sam/drivers/pio/pio_handler.o
 .debug_macro   0x0000d19a       0x9c src/ASF/sam/drivers/pio/pio_handler.o
 .debug_macro   0x0000d236       0x16 src/ASF/sam/drivers/pio/pio_handler.o
 .debug_macro   0x0000d24c       0x35 src/ASF/sam/drivers/pio/pio_handler.o
 .debug_macro   0x0000d281      0x353 src/ASF/sam/drivers/pio/pio_handler.o
 .debug_macro   0x0000d5d4       0x10 src/ASF/sam/drivers/pio/pio_handler.o
 .debug_macro   0x0000d5e4       0x58 src/ASF/sam/drivers/pio/pio_handler.o
 .debug_macro   0x0000d63c       0x1f src/ASF/sam/drivers/pio/pio_handler.o
 .debug_macro   0x0000d65b       0x43 src/ASF/sam/drivers/pio/pio_handler.o
 .debug_macro   0x0000d69e       0x20 src/ASF/sam/drivers/pio/pio_handler.o
 .debug_macro   0x0000d6be      0x187 src/ASF/sam/drivers/pio/pio_handler.o
 .debug_macro   0x0000d845       0x10 src/ASF/sam/drivers/pio/pio_handler.o
 .debug_macro   0x0000d855       0x1c src/ASF/sam/drivers/pio/pio_handler.o
 .debug_macro   0x0000d871       0x52 src/ASF/sam/drivers/pio/pio_handler.o
 .debug_macro   0x0000d8c3       0x40 src/ASF/sam/drivers/pio/pio_handler.o
 .debug_macro   0x0000d903       0x10 src/ASF/sam/drivers/pio/pio_handler.o
 .debug_macro   0x0000d913       0x40 src/ASF/sam/drivers/pio/pio_handler.o
 .debug_macro   0x0000d953       0xd7 src/ASF/sam/drivers/pio/pio_handler.o
 .debug_macro   0x0000da2a       0x16 src/ASF/sam/drivers/pio/pio_handler.o
 .debug_macro   0x0000da40      0x18b src/ASF/sam/drivers/pio/pio_handler.o
 .debug_macro   0x0000dbcb       0x22 src/ASF/sam/drivers/pio/pio_handler.o
 .debug_macro   0x0000dbed       0x16 src/ASF/sam/drivers/pio/pio_handler.o
 .debug_macro   0x0000dc03       0x16 src/ASF/sam/drivers/pio/pio_handler.o
 .debug_macro   0x0000dc19       0x29 src/ASF/sam/drivers/pio/pio_handler.o
 .debug_macro   0x0000dc42       0x75 src/ASF/sam/drivers/pio/pio_handler.o
 .debug_macro   0x0000dcb7       0x45 src/ASF/sam/drivers/pio/pio_handler.o
 .debug_macro   0x0000dcfc      0x3ca src/ASF/sam/drivers/pio/pio_handler.o
 .debug_macro   0x0000e0c6       0x8e src/ASF/sam/drivers/pio/pio_handler.o
 .debug_macro   0x0000e154       0x15 src/Kernel/CRC16MODBUS.o
 .debug_macro   0x0000e169      0x651 src/Kernel/error.o
 .debug_macro   0x0000e7ba       0x28 src/Kernel/error.o
 .debug_macro   0x0000e7e2      0x2c6 src/Kernel/error.o
 .debug_macro   0x0000eaa8       0x5e src/Kernel/error.o
 .debug_macro   0x0000eb06       0x82 src/Kernel/error.o
 .debug_macro   0x0000eb88       0x5f src/Kernel/error.o
 .debug_macro   0x0000ebe7       0x82 src/Kernel/error.o
 .debug_macro   0x0000ec69       0x28 src/Kernel/error.o
 .debug_macro   0x0000ec91       0x23 src/Kernel/error.o
 .debug_macro   0x0000ecb4       0x70 src/Kernel/error.o
 .debug_macro   0x0000ed24       0x16 src/Kernel/error.o
 .debug_macro   0x0000ed3a       0x94 src/Kernel/error.o
 .debug_macro   0x0000edce       0x40 src/Kernel/error.o
 .debug_macro   0x0000ee0e       0x70 src/Kernel/error.o
 .debug_macro   0x0000ee7e       0x16 src/Kernel/error.o
 .debug_macro   0x0000ee94       0x34 src/Kernel/error.o
 .debug_macro   0x0000eec8       0x5e src/Kernel/error.o
 .debug_macro   0x0000ef26       0x3a src/Kernel/error.o
 .debug_macro   0x0000ef60       0x2e src/Kernel/error.o
 .debug_macro   0x0000ef8e       0x34 src/Kernel/error.o
 .debug_macro   0x0000efc2       0x64 src/Kernel/error.o
 .debug_macro   0x0000f026       0x4c src/Kernel/error.o
 .debug_macro   0x0000f072       0x10 src/Kernel/error.o
 .debug_macro   0x0000f082      0x70e src/Kernel/shell.o
 .debug_macro   0x0000f790       0x52 src/Kernel/shell.o
 .debug_macro   0x0000f7e2       0x8d src/Kernel/shell.o
 .debug_macro   0x0000f86f       0x57 src/Kernel/shell.o
 .debug_macro   0x0000f8c6       0x10 src/Kernel/shell.o
 .debug_macro   0x0000f8d6       0x1c src/Kernel/shell.o
 .debug_macro   0x0000f8f2      0x6db src/Kernel/shellcmd.o
 .debug_macro   0x0000ffcd      0x6ca src/Kernel/shellcom.o
 .debug_macro   0x00010697      0x6d2 src/Kernel/taskman.o
 .debug_macro   0x00010d69      0x64b src/Sources files/main.o
 .debug_macro   0x000113b4       0x22 src/Sources files/main.o
 .debug_macro   0x000113d6      0x633 src/Sources files/menu.o
 .debug_macro   0x00011a09      0x6b5 src/Sources files/menu.o
 .debug_macro   0x000120be       0xac src/Sources files/menu.o
 .debug_macro   0x0001216a       0xac src/Sources files/menu.o
 .debug_macro   0x00012216       0xac src/Sources files/menu.o
 .debug_macro   0x000122c2      0x1d2 src/Sources files/menu.o
 .debug_macro   0x00012494      0x4e7 src/ASF/common/services/delay/sam/cycle_counter.o
 .debug_macro   0x0001297b       0x22 src/ASF/common/services/delay/sam/cycle_counter.o
 .debug_macro   0x0001299d      0x553 src/ASF/common/services/clock/sam3u/sysclk.o
 .debug_macro   0x00012ef0      0x2c0 src/ASF/common/services/clock/sam3u/sysclk.o
 .debug_macro   0x000131b0      0x534 src/ASF/common/drivers/nvm/sam/sam_nvm.o
 .debug_macro   0x000136e4       0x10 src/ASF/common/drivers/nvm/sam/sam_nvm.o
 .debug_macro   0x000136f4       0x10 src/ASF/common/drivers/nvm/sam/sam_nvm.o
 .debug_macro   0x00013704       0x16 src/ASF/common/drivers/nvm/sam/sam_nvm.o
 .debug_macro   0x0001371a      0x505 src/ASF/sam/drivers/efc/efc.o
 .debug_macro   0x00013c1f       0x6a src/ASF/sam/drivers/efc/efc.o
 .debug_macro   0x00013c89      0x4f3 src/ASF/sam/drivers/pio/pio.o
 .debug_macro   0x0001417c      0x4ed src/ASF/sam/drivers/pmc/pmc.o
 .debug_macro   0x00014669       0x58 src/ASF/sam/drivers/pmc/pmc.o
 .debug_macro   0x000146c1      0x4fa src/ASF/sam/drivers/rtc/rtc.o
 .debug_macro   0x00014bbb      0x4f4 src/ASF/sam/drivers/tc/tc.o
 .debug_macro   0x000150af       0x16 src/ASF/sam/drivers/tc/tc.o
 .debug_macro   0x000150c5      0x5a7 src/ASF/sam/services/flash_efc/flash_efc.o
 .debug_macro   0x0001566c      0x600 src/ASF/common/boards/user_board/init.o
 .debug_macro   0x00015c6c      0x4e2 src/ASF/common/utils/interrupt/interrupt_sam_nvic.o
 .debug_macro   0x0001614e       0x3f src/ASF/common/utils/interrupt/interrupt_sam_nvic.o
 .debug_macro   0x0001618d      0x4ec src/ASF/sam/utils/cmsis/sam3u/source/templates/exceptions.o
 .debug_macro   0x00016679      0x4fa src/ASF/sam/utils/cmsis/sam3u/source/templates/gcc/startup_sam3u.o
 .debug_macro   0x00016b73      0x4fa src/ASF/sam/utils/cmsis/sam3u/source/templates/system_sam3u.o
 .debug_macro   0x0001706d       0x26 src/ASF/sam/utils/cmsis/sam3u/source/templates/system_sam3u.o
 .debug_macro   0x00017093      0x1d6 src/ASF/sam/utils/syscalls/gcc/syscalls.o
 .debug_macro   0x00017269       0x97 src/ASF/sam/utils/syscalls/gcc/syscalls.o
 .debug_macro   0x00017300       0xf6 src/ASF/sam/utils/syscalls/gcc/syscalls.o
 .debug_macro   0x000173f6       0x4c src/ASF/sam/utils/syscalls/gcc/syscalls.o
 .debug_macro   0x00017442       0x16 src/ASF/sam/utils/syscalls/gcc/syscalls.o
 .debug_macro   0x00017458       0x10 src/ASF/sam/utils/syscalls/gcc/syscalls.o
 .debug_macro   0x00017468       0x10 src/ASF/sam/utils/syscalls/gcc/syscalls.o
 .debug_macro   0x00017478       0x35 src/ASF/sam/utils/syscalls/gcc/syscalls.o
 .debug_macro   0x000174ad      0x122 src/ASF/sam/utils/syscalls/gcc/syscalls.o

.debug_line     0x00000000    0x1209c
 .debug_line    0x00000000      0xb05 src/ASF/sam/drivers/pio/pio_handler.o
 .debug_line    0x00000b05       0x7c src/Kernel/CRC16MODBUS.o
 .debug_line    0x00000b81      0xea4 src/Kernel/error.o
 .debug_line    0x00001a25      0xf74 src/Kernel/shell.o
 .debug_line    0x00002999      0xf28 src/Kernel/shellcmd.o
 .debug_line    0x000038c1      0xe9e src/Kernel/shellcom.o
 .debug_line    0x0000475f      0xef7 src/Kernel/taskman.o
 .debug_line    0x00005656      0xe90 src/Sources files/main.o
 .debug_line    0x000064e6      0xe9a src/Sources files/menu.o
 .debug_line    0x00007380      0xa68 src/ASF/common/services/delay/sam/cycle_counter.o
 .debug_line    0x00007de8      0xbfe src/ASF/common/services/clock/sam3u/sysclk.o
 .debug_line    0x000089e6      0xc01 src/ASF/common/drivers/nvm/sam/sam_nvm.o
 .debug_line    0x000095e7      0xb92 src/ASF/sam/drivers/efc/efc.o
 .debug_line    0x0000a179      0xde3 src/ASF/sam/drivers/pio/pio.o
 .debug_line    0x0000af5c      0xf71 src/ASF/sam/drivers/pmc/pmc.o
 .debug_line    0x0000becd      0xc22 src/ASF/sam/drivers/rtc/rtc.o
 .debug_line    0x0000caef      0xbdb src/ASF/sam/drivers/tc/tc.o
 .debug_line    0x0000d6ca      0xe1b src/ASF/sam/services/flash_efc/flash_efc.o
 .debug_line    0x0000e4e5      0xdb8 src/ASF/common/boards/user_board/init.o
 .debug_line    0x0000f29d      0xa7c src/ASF/common/utils/interrupt/interrupt_sam_nvic.o
 .debug_line    0x0000fd19      0xa3d src/ASF/sam/utils/cmsis/sam3u/source/templates/exceptions.o
 .debug_line    0x00010756      0xa86 src/ASF/sam/utils/cmsis/sam3u/source/templates/gcc/startup_sam3u.o
 .debug_line    0x000111dc      0xab5 src/ASF/sam/utils/cmsis/sam3u/source/templates/system_sam3u.o
 .debug_line    0x00011c91      0x40b src/ASF/sam/utils/syscalls/gcc/syscalls.o

.debug_str      0x00000000    0x507f3
 .debug_str     0x00000000    0x4a318 src/ASF/sam/drivers/pio/pio_handler.o
                              0x4a6d7 (size before relaxing)
 .debug_str     0x0004a318       0x60 src/Kernel/CRC16MODBUS.o
                               0x2632 (size before relaxing)
 .debug_str     0x0004a378     0x251e src/Kernel/error.o
                              0x4c580 (size before relaxing)
 .debug_str     0x0004c896      0x522 src/Kernel/shell.o
                              0x4ca4e (size before relaxing)
 .debug_str     0x0004cdb8      0x137 src/Kernel/shellcmd.o
                              0x4c96d (size before relaxing)
 .debug_str     0x0004ceef      0x340 src/Kernel/shellcom.o
                              0x4ca47 (size before relaxing)
 .debug_str     0x0004d22f      0x2d8 src/Kernel/taskman.o
                              0x4cb4e (size before relaxing)
 .debug_str     0x0004d507       0x62 src/Sources files/main.o
                              0x4c5a1 (size before relaxing)
 .debug_str     0x0004d569      0xfc8 src/Sources files/menu.o
                              0x4c7e8 (size before relaxing)
 .debug_str     0x0004e531       0x35 src/ASF/common/services/delay/sam/cycle_counter.o
                              0x49e46 (size before relaxing)
 .debug_str     0x0004e566      0x313 src/ASF/common/services/clock/sam3u/sysclk.o
                              0x4b305 (size before relaxing)
 .debug_str     0x0004e879       0xf7 src/ASF/common/drivers/nvm/sam/sam_nvm.o
                              0x4a191 (size before relaxing)
 .debug_str     0x0004e970      0x316 src/ASF/sam/drivers/efc/efc.o
                              0x4a151 (size before relaxing)
 .debug_str     0x0004ec86      0x35b src/ASF/sam/drivers/pio/pio.o
                              0x4a676 (size before relaxing)
 .debug_str     0x0004efe1      0x53f src/ASF/sam/drivers/pmc/pmc.o
                              0x4a64d (size before relaxing)
 .debug_str     0x0004f520      0x22e src/ASF/sam/drivers/rtc/rtc.o
                              0x4a004 (size before relaxing)
 .debug_str     0x0004f74e      0x241 src/ASF/sam/drivers/tc/tc.o
                              0x4a024 (size before relaxing)
 .debug_str     0x0004f98f      0x404 src/ASF/sam/services/flash_efc/flash_efc.o
                              0x4b7df (size before relaxing)
 .debug_str     0x0004fd93       0x2b src/ASF/common/boards/user_board/init.o
                              0x4bce0 (size before relaxing)
 .debug_str     0x0004fdbe       0x37 src/ASF/common/utils/interrupt/interrupt_sam_nvic.o
                              0x49d22 (size before relaxing)
 .debug_str     0x0004fdf5       0x4d src/ASF/sam/utils/cmsis/sam3u/source/templates/exceptions.o
                              0x49ceb (size before relaxing)
 .debug_str     0x0004fe42       0xd4 src/ASF/sam/utils/cmsis/sam3u/source/templates/gcc/startup_sam3u.o
                              0x49de7 (size before relaxing)
 .debug_str     0x0004ff16      0x175 src/ASF/sam/utils/cmsis/sam3u/source/templates/system_sam3u.o
                              0x49f85 (size before relaxing)
 .debug_str     0x0005008b      0x768 src/ASF/sam/utils/syscalls/gcc/syscalls.o
                               0x7413 (size before relaxing)

.debug_frame    0x00000000     0x21c8
 .debug_frame   0x00000000       0xc8 src/ASF/sam/drivers/pio/pio_handler.o
 .debug_frame   0x000000c8       0x3c src/Kernel/CRC16MODBUS.o
 .debug_frame   0x00000104       0x74 src/Kernel/error.o
 .debug_frame   0x00000178       0xa8 src/Kernel/shell.o
 .debug_frame   0x00000220       0x78 src/Kernel/shellcmd.o
 .debug_frame   0x00000298       0x68 src/Kernel/shellcom.o
 .debug_frame   0x00000300       0x6c src/Kernel/taskman.o
 .debug_frame   0x0000036c       0x28 src/Sources files/main.o
 .debug_frame   0x00000394       0x94 src/Sources files/menu.o
 .debug_frame   0x00000428       0x20 src/ASF/common/services/delay/sam/cycle_counter.o
 .debug_frame   0x00000448       0x80 src/ASF/common/services/clock/sam3u/sysclk.o
 .debug_frame   0x000004c8       0xf4 src/ASF/common/drivers/nvm/sam/sam_nvm.o
 .debug_frame   0x000005bc      0x138 src/ASF/sam/drivers/efc/efc.o
 .debug_frame   0x000006f4      0x2b8 src/ASF/sam/drivers/pio/pio.o
 .debug_frame   0x000009ac      0x3ac src/ASF/sam/drivers/pmc/pmc.o
 .debug_frame   0x00000d58      0x1a4 src/ASF/sam/drivers/rtc/rtc.o
 .debug_frame   0x00000efc      0x188 src/ASF/sam/drivers/tc/tc.o
 .debug_frame   0x00001084      0x25c src/ASF/sam/services/flash_efc/flash_efc.o
 .debug_frame   0x000012e0       0x20 src/ASF/common/boards/user_board/init.o
 .debug_frame   0x00001300       0x30 src/ASF/common/utils/interrupt/interrupt_sam_nvic.o
 .debug_frame   0x00001330       0x20 src/ASF/sam/utils/cmsis/sam3u/source/templates/exceptions.o
 .debug_frame   0x00001350       0x28 src/ASF/sam/utils/cmsis/sam3u/source/templates/gcc/startup_sam3u.o
 .debug_frame   0x00001378       0x40 src/ASF/sam/utils/cmsis/sam3u/source/templates/system_sam3u.o
 .debug_frame   0x000013b8       0xa0 src/ASF/sam/utils/syscalls/gcc/syscalls.o
 .debug_frame   0x00001458       0x30 c:/program files (x86)/atmel/studio/7.0/toolchain/arm/arm-gnu-toolchain/bin/../lib/gcc/arm-none-eabi/6.3.1/../../../../arm-none-eabi/lib/thumb/v7-m\libc.a(lib_a-atoi.o)
 .debug_frame   0x00001488       0x2c c:/program files (x86)/atmel/studio/7.0/toolchain/arm/arm-gnu-toolchain/bin/../lib/gcc/arm-none-eabi/6.3.1/../../../../arm-none-eabi/lib/thumb/v7-m\libc.a(lib_a-init.o)
 .debug_frame   0x000014b4       0x34 c:/program files (x86)/atmel/studio/7.0/toolchain/arm/arm-gnu-toolchain/bin/../lib/gcc/arm-none-eabi/6.3.1/../../../../arm-none-eabi/lib/thumb/v7-m\libc.a(lib_a-memset.o)
 .debug_frame   0x000014e8       0x84 c:/program files (x86)/atmel/studio/7.0/toolchain/arm/arm-gnu-toolchain/bin/../lib/gcc/arm-none-eabi/6.3.1/../../../../arm-none-eabi/lib/thumb/v7-m\libc.a(lib_a-sprintf.o)
 .debug_frame   0x0000156c       0x20 c:/program files (x86)/atmel/studio/7.0/toolchain/arm/arm-gnu-toolchain/bin/../lib/gcc/arm-none-eabi/6.3.1/../../../../arm-none-eabi/lib/thumb/v7-m\libc.a(lib_a-strlen-stub.o)
 .debug_frame   0x0000158c       0x20 c:/program files (x86)/atmel/studio/7.0/toolchain/arm/arm-gnu-toolchain/bin/../lib/gcc/arm-none-eabi/6.3.1/../../../../arm-none-eabi/lib/thumb/v7-m\libc.a(lib_a-strtok.o)
 .debug_frame   0x000015ac       0x48 c:/program files (x86)/atmel/studio/7.0/toolchain/arm/arm-gnu-toolchain/bin/../lib/gcc/arm-none-eabi/6.3.1/../../../../arm-none-eabi/lib/thumb/v7-m\libc.a(lib_a-strtok_r.o)
 .debug_frame   0x000015f4       0x9c c:/program files (x86)/atmel/studio/7.0/toolchain/arm/arm-gnu-toolchain/bin/../lib/gcc/arm-none-eabi/6.3.1/../../../../arm-none-eabi/lib/thumb/v7-m\libc.a(lib_a-strtol.o)
 .debug_frame   0x00001690       0x40 c:/program files (x86)/atmel/studio/7.0/toolchain/arm/arm-gnu-toolchain/bin/../lib/gcc/arm-none-eabi/6.3.1/../../../../arm-none-eabi/lib/thumb/v7-m\libc.a(lib_a-svfprintf.o)
 .debug_frame   0x000016d0       0x5c c:/program files (x86)/atmel/studio/7.0/toolchain/arm/arm-gnu-toolchain/bin/../lib/gcc/arm-none-eabi/6.3.1/../../../../arm-none-eabi/lib/thumb/v7-m\libc.a(lib_a-__call_atexit.o)
 .debug_frame   0x0000172c       0x20 c:/program files (x86)/atmel/studio/7.0/toolchain/arm/arm-gnu-toolchain/bin/../lib/gcc/arm-none-eabi/6.3.1/../../../../arm-none-eabi/lib/thumb/v7-m\libc.a(lib_a-atexit.o)
 .debug_frame   0x0000174c       0x84 c:/program files (x86)/atmel/studio/7.0/toolchain/arm/arm-gnu-toolchain/bin/../lib/gcc/arm-none-eabi/6.3.1/../../../../arm-none-eabi/lib/thumb/v7-m\libc.a(lib_a-dtoa.o)
 .debug_frame   0x000017d0       0x34 c:/program files (x86)/atmel/studio/7.0/toolchain/arm/arm-gnu-toolchain/bin/../lib/gcc/arm-none-eabi/6.3.1/../../../../arm-none-eabi/lib/thumb/v7-m\libc.a(lib_a-fini.o)
 .debug_frame   0x00001804       0x6c c:/program files (x86)/atmel/studio/7.0/toolchain/arm/arm-gnu-toolchain/bin/../lib/gcc/arm-none-eabi/6.3.1/../../../../arm-none-eabi/lib/thumb/v7-m\libc.a(lib_a-locale.o)
 .debug_frame   0x00001870       0x40 c:/program files (x86)/atmel/studio/7.0/toolchain/arm/arm-gnu-toolchain/bin/../lib/gcc/arm-none-eabi/6.3.1/../../../../arm-none-eabi/lib/thumb/v7-m\libc.a(lib_a-localeconv.o)
 .debug_frame   0x000018b0       0xb0 c:/program files (x86)/atmel/studio/7.0/toolchain/arm/arm-gnu-toolchain/bin/../lib/gcc/arm-none-eabi/6.3.1/../../../../arm-none-eabi/lib/thumb/v7-m\libc.a(lib_a-lock.o)