Archive member included to satisfy reference by file (symbol)

c:/program files (x86)/atmel/studio/7.0/toolchain/arm/arm-gnu-toolchain/bin/../lib/gcc/arm-none-eabi/6.3.1/../../../../arm-none-eabi/lib/thumb/v7-m\libc.a(lib_a-exit.o)
                              c:/program files (x86)/atmel/studio/7.0/toolchain/arm/arm-gnu-toolchain/bin/../lib/gcc/arm-none-eabi/6.3.1/../../../../arm-none-eabi/lib/thumb/v7-m/crt0.o (exit)
c:/program files (x86)/atmel/studio/7.0/toolchain/arm/arm-gnu-toolchain/bin/../lib/gcc/arm-none-eabi/6.3.1/../../../../arm-none-eabi/lib/thumb/v7-m\libc.a(lib_a-impure.o)
                              c:/program files (x86)/atmel/studio/7.0/toolchain/arm/arm-gnu-toolchain/bin/../lib/gcc/arm-none-eabi/6.3.1/../../../../arm-none-eabi/lib/thumb/v7-m\libc.a(lib_a-exit.o) (_global_impure_ptr)
c:/program files (x86)/atmel/studio/7.0/toolchain/arm/arm-gnu-toolchain/bin/../lib/gcc/arm-none-eabi/6.3.1/../../../../arm-none-eabi/lib/thumb/v7-m\libc.a(lib_a-init.o)
                              c:/program files (x86)/atmel/studio/7.0/toolchain/arm/arm-gnu-toolchain/bin/../lib/gcc/arm-none-eabi/6.3.1/../../../../arm-none-eabi/lib/thumb/v7-m/crt0.o (__libc_init_array)
c:/program files (x86)/atmel/studio/7.0/toolchain/arm/arm-gnu-toolchain/bin/../lib/gcc/arm-none-eabi/6.3.1/../../../../arm-none-eabi/lib/thumb/v7-m\libc.a(lib_a-memset.o)
                              c:/program files (x86)/atmel/studio/7.0/toolchain/arm/arm-gnu-toolchain/bin/../lib/gcc/arm-none-eabi/6.3.1/../../../../arm-none-eabi/lib/thumb/v7-m/crt0.o (memset)
c:/program files (x86)/atmel/studio/7.0/toolchain/arm/arm-gnu-toolchain/bin/../lib/gcc/arm-none-eabi/6.3.1/../../../../arm-none-eabi/lib/thumb/v7-m\libc.a(lib_a-__call_atexit.o)
                              c:/program files (x86)/atmel/studio/7.0/toolchain/arm/arm-gnu-toolchain/bin/../lib/gcc/arm-none-eabi/6.3.1/../../../../arm-none-eabi/lib/thumb/v7-m\libc.a(lib_a-exit.o) (__call_exitprocs)
c:/program files (x86)/atmel/studio/7.0/toolchain/arm/arm-gnu-toolchain/bin/../lib/gcc/arm-none-eabi/6.3.1/../../../../arm-none-eabi/lib/thumb/v7-m\libc.a(lib_a-atexit.o)
                              c:/program files (x86)/atmel/studio/7.0/toolchain/arm/arm-gnu-toolchain/bin/../lib/gcc/arm-none-eabi/6.3.1/../../../../arm-none-eabi/lib/thumb/v7-m\libc.a(lib_a-__call_atexit.o) (atexit)
c:/program files (x86)/atmel/studio/7.0/toolchain/arm/arm-gnu-toolchain/bin/../lib/gcc/arm-none-eabi/6.3.1/../../../../arm-none-eabi/lib/thumb/v7-m\libc.a(lib_a-fini.o)
                              c:/program files (x86)/atmel/studio/7.0/toolchain/arm/arm-gnu-toolchain/bin/../lib/gcc/arm-none-eabi/6.3.1/../../../../arm-none-eabi/lib/thumb/v7-m\libc.a(lib_a-__call_atexit.o) (__libc_fini_array)
c:/program files (x86)/atmel/studio/7.0/toolchain/arm/arm-gnu-toolchain/bin/../lib/gcc/arm-none-eabi/6.3.1/../../../../arm-none-eabi/lib/thumb/v7-m\libc.a(lib_a-lock.o)
                              c:/program files (x86)/atmel/studio/7.0/toolchain/arm/arm-gnu-toolchain/bin/../lib/gcc/arm-none-eabi/6.3.1/../../../../arm-none-eabi/lib/thumb/v7-m\libc.a(lib_a-__call_atexit.o) (__retarget_lock_acquire_recursive)
c:/program files (x86)/atmel/studio/7.0/toolchain/arm/arm-gnu-toolchain/bin/../lib/gcc/arm-none-eabi/6.3.1/../../../../arm-none-eabi/lib/thumb/v7-m\libc.a(lib_a-__atexit.o)
                              c:/program files (x86)/atmel/studio/7.0/toolchain/arm/arm-gnu-toolchain/bin/../lib/gcc/arm-none-eabi/6.3.1/../../../../arm-none-eabi/lib/thumb/v7-m\libc.a(lib_a-atexit.o) (__register_exitproc)

Allocating common symbols
Common symbol       size              file

__lock___atexit_recursive_mutex
                    0x1               c:/program files (x86)/atmel/studio/7.0/toolchain/arm/arm-gnu-toolchain/bin/../lib/gcc/arm-none-eabi/6.3.1/../../../../arm-none-eabi/lib/thumb/v7-m\libc.a(lib_a-lock.o)
__lock___arc4random_mutex
                    0x1               c:/program files (x86)/atmel/studio/7.0/toolchain/arm/arm-gnu-toolchain/bin/../lib/gcc/arm-none-eabi/6.3.1/../../../../arm-none-eabi/lib/thumb/v7-m\libc.a(lib_a-lock.o)
tasks               0xa0              src/Source Files/taskman.o
shellcomEscSeqBuf   0x80              src/Source Files/config_uart.o
shellcom            0x28              src/Source Files/config_uart.o
shellcomRxBuf       0x102             src/Source Files/config_uart.o
taskman             0x8               src/Source Files/taskman.o
__lock___env_recursive_mutex
                    0x1               c:/program files (x86)/atmel/studio/7.0/toolchain/arm/arm-gnu-toolchain/bin/../lib/gcc/arm-none-eabi/6.3.1/../../../../arm-none-eabi/lib/thumb/v7-m\libc.a(lib_a-lock.o)
__lock___sinit_recursive_mutex
                    0x1               c:/program files (x86)/atmel/studio/7.0/toolchain/arm/arm-gnu-toolchain/bin/../lib/gcc/arm-none-eabi/6.3.1/../../../../arm-none-eabi/lib/thumb/v7-m\libc.a(lib_a-lock.o)
__lock___malloc_recursive_mutex
[...]
Memory Configuration

Name             Origin             Length             Attributes
rom              0x00080000         0x00080000         xr
sram0            0x20000000         0x00010000         xrw
sram1            0x20080000         0x00008000         xrw
ram              0x20070000         0x00018000         xrw
*default*        0x00000000         0xffffffff

Linker script and memory map

LOAD c:/program files (x86)/atmel/studio/7.0/toolchain/arm/arm-gnu-toolchain/bin/../lib/gcc/arm-none-eabi/6.3.1/thumb/v7-m/crti.o
LOAD c:/program files (x86)/atmel/studio/7.0/toolchain/arm/arm-gnu-toolchain/bin/../lib/gcc/arm-none-eabi/6.3.1/thumb/v7-m/crtbegin.o
LOAD c:/program files (x86)/atmel/studio/7.0/toolchain/arm/arm-gnu-toolchain/bin/../lib/gcc/arm-none-eabi/6.3.1/../../../../arm-none-eabi/lib/thumb/v7-m/crt0.o
LOAD src/ASF/sam/drivers/usart/usart.o
LOAD src/Source Files/config_uart.o
LOAD src/Source Files/CRC16MODBUS.o
LOAD src/Source Files/error.o
LOAD src/Source Files/main.o
LOAD src/Source Files/taskman.o
LOAD src/ASF/common/services/clock/sam3x/sysclk.o
LOAD src/ASF/common/services/delay/sam/cycle_counter.o
LOAD src/ASF/common/utils/interrupt/interrupt_sam_nvic.o
LOAD src/ASF/sam/boards/arduino_due_x/init.o
LOAD src/ASF/sam/drivers/pio/pio.o
LOAD src/ASF/sam/drivers/pio/pio_handler.o
LOAD src/ASF/sam/drivers/pmc/pmc.o
LOAD src/ASF/sam/drivers/pmc/sleep.o
LOAD src/ASF/sam/utils/cmsis/sam3x/source/templates/exceptions.o
LOAD src/ASF/sam/utils/cmsis/sam3x/source/templates/gcc/startup_sam3x.o
LOAD src/ASF/sam/utils/cmsis/sam3x/source/templates/system_sam3x.o
LOAD src/ASF/sam/utils/syscalls/gcc/syscalls.o
START GROUP
LOAD ../src/ASF/thirdparty/CMSIS/Lib/GCC\libarm_cortexM3l_math.a
LOAD c:/program files (x86)/atmel/studio/7.0/toolchain/arm/arm-gnu-toolchain/bin/../lib/gcc/arm-none-eabi/6.3.1/../../../../arm-none-eabi/lib/thumb/v7-m\libm.a
END GROUP
START GROUP
LOAD c:/program files (x86)/atmel/studio/7.0/toolchain/arm/arm-gnu-toolchain/bin/../lib/gcc/arm-none-eabi/6.3.1/thumb/v7-m\libgcc.a
LOAD c:/program files (x86)/atmel/studio/7.0/toolchain/arm/arm-gnu-toolchain/bin/../lib/gcc/arm-none-eabi/6.3.1/../../../../arm-none-eabi/lib/thumb/v7-m\libc.a
END GROUP
LOAD c:/program files (x86)/atmel/studio/7.0/toolchain/arm/arm-gnu-toolchain/bin/../lib/gcc/arm-none-eabi/6.3.1/thumb/v7-m/crtend.o
LOAD c:/program files (x86)/atmel/studio/7.0/toolchain/arm/arm-gnu-toolchain/bin/../lib/gcc/arm-none-eabi/6.3.1/thumb/v7-m/crtn.o
                0x00002000                __stack_size__ = DEFINED (__stack_size__)?__stack_size__:0x2000
                0x20087ffc                __ram_end__ = ((ORIGIN (ram) + LENGTH (ram)) - 0x4)

.text           0x00080000      0xb64
                0x00080000                . = ALIGN (0x4)
                0x00080000                _sfixed = .
 *(.vectors .vectors.*)
 .vectors       0x00080000       0xf4 src/ASF/sam/utils/cmsis/sam3x/source/templates/gcc/startup_sam3x.o
                0x00080000                exception_table
 *(.text .text.* .gnu.linkonce.t.*)
 .text          0x000800f4       0x6c c:/program files (x86)/atmel/studio/7.0/toolchain/arm/arm-gnu-toolchain/bin/../lib/gcc/arm-none-eabi/6.3.1/thumb/v7-m/crtbegin.o
 .text.usart_set_async_baudrate
                0x00080160       0x58 src/ASF/sam/drivers/usart/usart.o
                0x00080160                usart_set_async_baudrate
 .text.usart_reset
                0x000801b8       0x28 src/ASF/sam/drivers/usart/usart.o
                0x000801b8                usart_reset
 .text.usart_init_rs232
                0x000801e0       0x54 src/ASF/sam/drivers/usart/usart.o
                0x000801e0                usart_init_rs232
 .text.usart_putchar
                0x00080234       0x12 src/ASF/sam/drivers/usart/usart.o
                0x00080234                usart_putchar
 *fill*         0x00080246        0x2 
 .text.main     0x00080248       0xb4 src/Source Files/main.o
                0x00080248                main
 .text.sysclk_init
                0x000802fc       0x64 src/ASF/common/services/clock/sam3x/sysclk.o
                0x000802fc                sysclk_init
 .text.board_init
                0x00080360       0x80 src/ASF/sam/boards/arduino_due_x/init.o
                0x00080360                board_init
 .text.pio_set_peripheral
                0x000803e0       0x3e src/ASF/sam/drivers/pio/pio.o
                0x000803e0                pio_set_peripheral
 .text.pio_set_input
                0x0008041e       0x32 src/ASF/sam/drivers/pio/pio.o
                0x0008041e                pio_set_input
 .text.pio_set_output
                0x00080450       0x26 src/ASF/sam/drivers/pio/pio.o
                0x00080450                pio_set_output
 .text.pio_get_interrupt_status
                0x00080476        0x4 src/ASF/sam/drivers/pio/pio.o
                0x00080476                pio_get_interrupt_status
 .text.pio_get_interrupt_mask
                0x0008047a        0x4 src/ASF/sam/drivers/pio/pio.o
                0x0008047a                pio_get_interrupt_mask
 .text.pio_set_pin_high
                0x0008047e       0x1a src/ASF/sam/drivers/pio/pio.o
                0x0008047e                pio_set_pin_high
 .text.pio_toggle_pin
                0x00080498       0x20 src/ASF/sam/drivers/pio/pio.o
                0x00080498                pio_toggle_pin
 .text.pio_configure_pin
                0x000804b8       0xd0 src/ASF/sam/drivers/pio/pio.o
                0x000804b8                pio_configure_pin
 .text.pio_configure_pin_group
                0x00080588       0x9c src/ASF/sam/drivers/pio/pio.o
                0x00080588                pio_configure_pin_group
 .text.pio_handler_process
                0x00080624       0x50 src/ASF/sam/drivers/pio/pio_handler.o
                0x00080624                pio_handler_process
 .text.PIOA_Handler
                0x00080674       0x14 src/ASF/sam/drivers/pio/pio_handler.o
                0x00080674                PIOA_Handler
 .text.PIOB_Handler
                0x00080688       0x14 src/ASF/sam/drivers/pio/pio_handler.o
                0x00080688                PIOB_Handler
 .text.PIOC_Handler
                0x0008069c       0x14 src/ASF/sam/drivers/pio/pio_handler.o
                0x0008069c                PIOC_Handler
 .text.PIOD_Handler
                0x000806b0       0x14 src/ASF/sam/drivers/pio/pio_handler.o
                0x000806b0                PIOD_Handler
 .text.pmc_switch_mck_to_pllack
                0x000806c4       0x64 src/ASF/sam/drivers/pmc/pmc.o
                0x000806c4                pmc_switch_mck_to_pllack
 .text.pmc_switch_mainck_to_xtal
                0x00080728       0x54 src/ASF/sam/drivers/pmc/pmc.o
                0x00080728                pmc_switch_mainck_to_xtal
 .text.pmc_osc_is_ready_mainck
                0x0008077c       0x10 src/ASF/sam/drivers/pmc/pmc.o
                0x0008077c                pmc_osc_is_ready_mainck
 .text.pmc_disable_pllack
                0x0008078c       0x10 src/ASF/sam/drivers/pmc/pmc.o
                0x0008078c                pmc_disable_pllack
 .text.pmc_is_locked_pllack
                0x0008079c       0x10 src/ASF/sam/drivers/pmc/pmc.o
                0x0008079c                pmc_is_locked_pllack
 .text.pmc_enable_periph_clk
                0x000807ac       0x54 src/ASF/sam/drivers/pmc/pmc.o
                0x000807ac                pmc_enable_periph_clk
 .text.Dummy_Handler
                0x00080800        0x2 src/ASF/sam/utils/cmsis/sam3x/source/templates/exceptions.o
                0x00080800                DACC_Handler
                0x00080800                DebugMon_Handler
                0x00080800                DMAC_Handler
                0x00080800                TRNG_Handler
                0x00080800                HardFault_Handler
                0x00080800                TC2_Handler
                0x00080800                SysTick_Handler
                0x00080800                USART3_Handler
                0x00080800                TWI1_Handler
                0x00080800                PendSV_Handler
                0x00080800                NMI_Handler
                0x00080800                TC7_Handler
                0x00080800                ADC_Handler
                0x00080800                SMC_Handler
                0x00080800                USART0_Handler
                0x00080800                RTT_Handler
                0x00080800                EFC1_Handler
                0x00080800                RTC_Handler
                0x00080800                UsageFault_Handler
                0x00080800                TC6_Handler
                0x00080800                WDT_Handler
                0x00080800                CAN0_Handler
                0x00080800                TC4_Handler
                0x00080800                TC1_Handler
                0x00080800                HSMCI_Handler
                0x00080800                TC3_Handler
                0x00080800                Dummy_Handler
                0x00080800                TWI0_Handler
                0x00080800                USART1_Handler
                0x00080800                SSC_Handler
                0x00080800                EFC0_Handler
                0x00080800                PMC_Handler
                0x00080800                PWM_Handler
                0x00080800                CAN1_Handler
                0x00080800                MemManage_Handler
                0x00080800                SUPC_Handler
                0x00080800                SVC_Handler
                0x00080800                TC8_Handler
                0x00080800                USART2_Handler
                0x00080800                EMAC_Handler
                0x00080800                UART_Handler
                0x00080800                BusFault_Handler
                0x00080800                RSTC_Handler
                0x00080800                TC0_Handler
                0x00080800                TC5_Handler
                0x00080800                UOTGHS_Handler
                0x00080800                SPI0_Handler
 *fill*         0x00080802        0x2 
 .text.Reset_Handler
                0x00080804       0x98 src/ASF/sam/utils/cmsis/sam3x/source/templates/gcc/startup_sam3x.o
                0x00080804                Reset_Handler
 .text.SystemCoreClockUpdate
                0x0008089c      0x118 src/ASF/sam/utils/cmsis/sam3x/source/templates/system_sam3x.o
                0x0008089c                SystemCoreClockUpdate
 .text.__libc_init_array
                0x000809b4       0x50 c:/program files (x86)/atmel/studio/7.0/toolchain/arm/arm-gnu-toolchain/bin/../lib/gcc/arm-none-eabi/6.3.1/../../../../arm-none-eabi/lib/thumb/v7-m\libc.a(lib_a-init.o)
                0x000809b4                __libc_init_array
 .text.startup.register_fini
                0x00080a04       0x14 c:/program files (x86)/atmel/studio/7.0/toolchain/arm/arm-gnu-toolchain/bin/../lib/gcc/arm-none-eabi/6.3.1/../../../../arm-none-eabi/lib/thumb/v7-m\libc.a(lib_a-__call_atexit.o)
 .text.atexit   0x00080a18        0xc c:/program files (x86)/atmel/studio/7.0/toolchain/arm/arm-gnu-toolchain/bin/../lib/gcc/arm-none-eabi/6.3.1/../../../../arm-none-eabi/lib/thumb/v7-m\libc.a(lib_a-atexit.o)
                0x00080a18                atexit
 .text.__libc_fini_array
                0x00080a24       0x34 c:/program files (x86)/atmel/studio/7.0/toolchain/arm/arm-gnu-toolchain/bin/../lib/gcc/arm-none-eabi/6.3.1/../../../../arm-none-eabi/lib/thumb/v7-m\libc.a(lib_a-fini.o)
                0x00080a24                __libc_fini_array
 .text.__retarget_lock_acquire_recursive
                0x00080a58        0x4 c:/program files (x86)/atmel/studio/7.0/toolchain/arm/arm-gnu-toolchain/bin/../lib/gcc/arm-none-eabi/6.3.1/../../../../arm-none-eabi/lib/thumb/v7-m\libc.a(lib_a-lock.o)
                0x00080a58                __retarget_lock_acquire_recursive
 .text.__retarget_lock_release_recursive
                0x00080a5c        0x4 c:/program files (x86)/atmel/studio/7.0/toolchain/arm/arm-gnu-toolchain/bin/../lib/gcc/arm-none-eabi/6.3.1/../../../../arm-none-eabi/lib/thumb/v7-m\libc.a(lib_a-lock.o)
                0x00080a5c                __retarget_lock_release_recursive
 .text.__register_exitproc
                0x00080a60       0xc4 c:/program files (x86)/atmel/studio/7.0/toolchain/arm/arm-gnu-toolchain/bin/../lib/gcc/arm-none-eabi/6.3.1/../../../../arm-none-eabi/lib/thumb/v7-m\libc.a(lib_a-__atexit.o)
                0x00080a60                __register_exitproc
 *(.glue_7t)
 .glue_7t       0x00080b24        0x0 linker stubs
 *(.glue_7)
 .glue_7        0x00080b24        0x0 linker stubs
 *(.rodata .rodata* .gnu.linkonce.r.*)
 .rodata.usart_console_settings
                0x00080b24       0x18 src/Source Files/main.o
                0x00080b24                usart_console_settings
 .rodata._global_impure_ptr
                0x00080b3c        0x4 c:/program files (x86)/atmel/studio/7.0/toolchain/arm/arm-gnu-toolchain/bin/../lib/gcc/arm-none-eabi/6.3.1/../../../../arm-none-eabi/lib/thumb/v7-m\libc.a(lib_a-impure.o)
                0x00080b3c                _global_impure_ptr
 *(.ARM.extab* .gnu.linkonce.armextab.*)
                0x00080b40                . = ALIGN (0x4)
 *(.init)
 .init          0x00080b40        0x4 c:/program files (x86)/atmel/studio/7.0/toolchain/arm/arm-gnu-toolchain/bin/../lib/gcc/arm-none-eabi/6.3.1/thumb/v7-m/crti.o
                0x00080b40                _init
 .init          0x00080b44        0x8 c:/program files (x86)/atmel/studio/7.0/toolchain/arm/arm-gnu-toolchain/bin/../lib/gcc/arm-none-eabi/6.3.1/thumb/v7-m/crtn.o
                0x00080b4c                . = ALIGN (0x4)
                0x00080b4c                __preinit_array_start = .
 *(.preinit_array)
                0x00080b4c                __preinit_array_end = .
                0x00080b4c                . = ALIGN (0x4)
                0x00080b4c                __init_array_start = .
 *(SORT(.init_array.*))
 .init_array.00000
                0x00080b4c        0x4 c:/program files (x86)/atmel/studio/7.0/toolchain/arm/arm-gnu-toolchain/bin/../lib/gcc/arm-none-eabi/6.3.1/../../../../arm-none-eabi/lib/thumb/v7-m\libc.a(lib_a-__call_atexit.o)
 *(.init_array)
 .init_array    0x00080b50        0x4 c:/program files (x86)/atmel/studio/7.0/toolchain/arm/arm-gnu-toolchain/bin/../lib/gcc/arm-none-eabi/6.3.1/thumb/v7-m/crtbegin.o
                0x00080b54                __init_array_end = .
                0x00080b54                . = ALIGN (0x4)
 *crtbegin.o(.ctors)
 *(EXCLUDE_FILE(*crtend.o) .ctors)
 *(SORT(.ctors.*))
 *crtend.o(.ctors)
                0x00080b54                . = ALIGN (0x4)
 *(.fini)
 .fini          0x00080b54        0x4 c:/program files (x86)/atmel/studio/7.0/toolchain/arm/arm-gnu-toolchain/bin/../lib/gcc/arm-none-eabi/6.3.1/thumb/v7-m/crti.o
                0x00080b54                _fini
 .fini          0x00080b58        0x8 c:/program files (x86)/atmel/studio/7.0/toolchain/arm/arm-gnu-toolchain/bin/../lib/gcc/arm-none-eabi/6.3.1/thumb/v7-m/crtn.o
                0x00080b60                . = ALIGN (0x4)
                0x00080b60                __fini_array_start = .
 *(.fini_array)
 .fini_array    0x00080b60        0x4 c:/program files (x86)/atmel/studio/7.0/toolchain/arm/arm-gnu-toolchain/bin/../lib/gcc/arm-none-eabi/6.3.1/thumb/v7-m/crtbegin.o
 *(SORT(.fini_array.*))
                0x00080b64                __fini_array_end = .
 *crtbegin.o(.dtors)
 *(EXCLUDE_FILE(*crtend.o) .dtors)
 *(SORT(.dtors.*))
 *crtend.o(.dtors)
                0x00080b64                . = ALIGN (0x4)
                0x00080b64                _efixed = .
                [!provide]                PROVIDE (__exidx_start, .)

.vfp11_veneer   0x00080b64        0x0
 .vfp11_veneer  0x00080b64        0x0 linker stubs

.v4_bx          0x00080b64        0x0
 .v4_bx         0x00080b64        0x0 linker stubs

.iplt           0x00080b64        0x0
 .iplt          0x00080b64        0x0 c:/program files (x86)/atmel/studio/7.0/toolchain/arm/arm-gnu-toolchain/bin/../lib/gcc/arm-none-eabi/6.3.1/thumb/v7-m/crtbegin.o

.eh_frame       0x00080b64        0x0
 .eh_frame      0x00080b64        0x0 c:/program files (x86)/atmel/studio/7.0/toolchain/arm/arm-gnu-toolchain/bin/../lib/gcc/arm-none-eabi/6.3.1/thumb/v7-m/crtbegin.o

.rel.dyn        0x00080b64        0x0
 .rel.iplt      0x00080b64        0x0 c:/program files (x86)/atmel/studio/7.0/toolchain/arm/arm-gnu-toolchain/bin/../lib/gcc/arm-none-eabi/6.3.1/thumb/v7-m/crtbegin.o

.jcr            0x00080b64        0x0
 .jcr           0x00080b64        0x0 c:/program files (x86)/atmel/studio/7.0/toolchain/arm/arm-gnu-toolchain/bin/../lib/gcc/arm-none-eabi/6.3.1/thumb/v7-m/crtbegin.o

.igot.plt       0x00080b64        0x0
 .igot.plt      0x00080b64        0x0 c:/program files (x86)/atmel/studio/7.0/toolchain/arm/arm-gnu-toolchain/bin/../lib/gcc/arm-none-eabi/6.3.1/thumb/v7-m/crtbegin.o

.ARM.exidx
 *(.ARM.exidx* .gnu.linkonce.armexidx.*)
                [!provide]                PROVIDE (__exidx_end, .)
                0x00080b64                . = ALIGN (0x4)
                0x00080b64                _etext = .

.relocate       0x20070000      0x564 load address 0x00080b64
                0x20070000                . = ALIGN (0x4)
                0x20070000                _srelocate = .
 *(.ramfunc .ramfunc.*)
 .ramfunc       0x20070000      0x12c src/ASF/sam/utils/cmsis/sam3x/source/templates/system_sam3x.o
                0x20070000                SystemInit
                0x200700a4                system_init_flash
 *(.data .data.*)
 .data.g_interrupt_enabled
                0x2007012c        0x1 src/ASF/common/utils/interrupt/interrupt_sam_nvic.o
                0x2007012c                g_interrupt_enabled
 *fill*         0x2007012d        0x3 
 .data.SystemCoreClock
                0x20070130        0x4 src/ASF/sam/utils/cmsis/sam3x/source/templates/system_sam3x.o
                0x20070130                SystemCoreClock
 *fill*         0x20070134        0x4 
 .data.impure_data
                0x20070138      0x428 c:/program files (x86)/atmel/studio/7.0/toolchain/arm/arm-gnu-toolchain/bin/../lib/gcc/arm-none-eabi/6.3.1/../../../../arm-none-eabi/lib/thumb/v7-m\libc.a(lib_a-impure.o)
 .data.__atexit_recursive_mutex
                0x20070560        0x4 c:/program files (x86)/atmel/studio/7.0/toolchain/arm/arm-gnu-toolchain/bin/../lib/gcc/arm-none-eabi/6.3.1/../../../../arm-none-eabi/lib/thumb/v7-m\libc.a(lib_a-__call_atexit.o)
                0x20070560                __atexit_recursive_mutex
                0x20070564                . = ALIGN (0x4)
                0x20070564                _erelocate = .

.bss            0x20070564       0xb4 load address 0x000810c8
                0x20070564                . = ALIGN (0x4)
                0x20070564                _sbss = .
                0x20070564                _szero = .
 *(.bss .bss.*)
 .bss           0x20070564       0x1c c:/program files (x86)/atmel/studio/7.0/toolchain/arm/arm-gnu-toolchain/bin/../lib/gcc/arm-none-eabi/6.3.1/thumb/v7-m/crtbegin.o
 .bss.ul_reg_val.7386
                0x20070580        0x4 src/ASF/sam/drivers/usart/usart.o
 .bss.gs_interrupt_sources
                0x20070584       0x70 src/ASF/sam/drivers/pio/pio_handler.o
 *(COMMON)
 COMMON         0x200705f4       0x21 c:/program files (x86)/atmel/studio/7.0/toolchain/arm/arm-gnu-toolchain/bin/../lib/gcc/arm-none-eabi/6.3.1/../../../../arm-none-eabi/lib/thumb/v7-m\libc.a(lib_a-lock.o)
                0x200705f4                __lock___atexit_recursive_mutex
                0x200705f8                __lock___arc4random_mutex
                0x200705fc                __lock___env_recursive_mutex
                0x20070600                __lock___sinit_recursive_mutex
                0x20070604                __lock___malloc_recursive_mutex
                0x20070608                __lock___at_quick_exit_mutex
                0x2007060c                __lock___dd_hash_mutex
                0x20070610                __lock___tz_mutex
                0x20070614                __lock___sfp_recursive_mutex
                0x20070618                . = ALIGN (0x4)
 *fill*         0x20070615        0x3 
                0x20070618                _ebss = .
                0x20070618                _ezero = .

.stack          0x20070618     0x2000 load address 0x0008117c
                0x20070618                . = ALIGN (0x8)
                0x20070618                _sstack = .
                0x20072618                . = (. + __stack_size__)
 *fill*         0x20070618     0x2000 
                0x20072618                . = ALIGN (0x8)
                0x20072618                _estack = .
                0x20072618                . = ALIGN (0x4)
                0x20072618                _end = .
OUTPUT(Test3ASF.elf elf32-littlearm)

.ARM.attributes
                0x00000000       0x29
 .ARM.attributes
                0x00000000       0x1d c:/program files (x86)/atmel/studio/7.0/toolchain/arm/arm-gnu-toolchain/bin/../lib/gcc/arm-none-eabi/6.3.1/thumb/v7-m/crti.o
 .ARM.attributes
                0x0000001d       0x2d c:/program files (x86)/atmel/studio/7.0/toolchain/arm/arm-gnu-toolchain/bin/../lib/gcc/arm-none-eabi/6.3.1/thumb/v7-m/crtbegin.o
 .ARM.attributes
                0x0000004a       0x33 src/ASF/sam/drivers/usart/usart.o
 .ARM.attributes
                0x0000007d       0x33 src/Source Files/main.o
 .ARM.attributes
                0x000000b0       0x33 src/ASF/common/services/clock/sam3x/sysclk.o
 .ARM.attributes
                0x000000e3       0x33 src/ASF/common/utils/interrupt/interrupt_sam_nvic.o
 .ARM.attributes
                0x00000116       0x33 src/ASF/sam/boards/arduino_due_x/init.o
 .ARM.attributes
                0x00000149       0x33 src/ASF/sam/drivers/pio/pio.o
 .ARM.attributes
                0x0000017c       0x33 src/ASF/sam/drivers/pio/pio_handler.o
 .ARM.attributes
                0x000001af       0x33 src/ASF/sam/drivers/pmc/pmc.o
 .ARM.attributes
                0x000001e2       0x33 src/ASF/sam/utils/cmsis/sam3x/source/templates/exceptions.o
 .ARM.attributes
                0x00000215       0x33 src/ASF/sam/utils/cmsis/sam3x/source/templates/gcc/startup_sam3x.o
 .ARM.attributes
                0x00000248       0x33 src/ASF/sam/utils/cmsis/sam3x/source/templates/system_sam3x.o
 .ARM.attributes
                0x0000027b       0x2d c:/program files (x86)/atmel/studio/7.0/toolchain/arm/arm-gnu-toolchain/bin/../lib/gcc/arm-none-eabi/6.3.1/../../../../arm-none-eabi/lib/thumb/v7-m\libc.a(lib_a-impure.o)
 .ARM.attributes
                0x000002a8       0x2d c:/program files (x86)/atmel/studio/7.0/toolchain/arm/arm-gnu-toolchain/bin/../lib/gcc/arm-none-eabi/6.3.1/../../../../arm-none-eabi/lib/thumb/v7-m\libc.a(lib_a-init.o)
 .ARM.attributes
                0x000002d5       0x2d c:/program files (x86)/atmel/studio/7.0/toolchain/arm/arm-gnu-toolchain/bin/../lib/gcc/arm-none-eabi/6.3.1/../../../../arm-none-eabi/lib/thumb/v7-m\libc.a(lib_a-__call_atexit.o)
 .ARM.attributes
                0x00000302       0x2d c:/program files (x86)/atmel/studio/7.0/toolchain/arm/arm-gnu-toolchain/bin/../lib/gcc/arm-none-eabi/6.3.1/../../../../arm-none-eabi/lib/thumb/v7-m\libc.a(lib_a-atexit.o)
 .ARM.attributes
                0x0000032f       0x2d c:/program files (x86)/atmel/studio/7.0/toolchain/arm/arm-gnu-toolchain/bin/../lib/gcc/arm-none-eabi/6.3.1/../../../../arm-none-eabi/lib/thumb/v7-m\libc.a(lib_a-fini.o)
 .ARM.attributes
                0x0000035c       0x2d c:/program files (x86)/atmel/studio/7.0/toolchain/arm/arm-gnu-toolchain/bin/../lib/gcc/arm-none-eabi/6.3.1/../../../../arm-none-eabi/lib/thumb/v7-m\libc.a(lib_a-lock.o)
 .ARM.attributes
                0x00000389       0x2d c:/program files (x86)/atmel/studio/7.0/toolchain/arm/arm-gnu-toolchain/bin/../lib/gcc/arm-none-eabi/6.3.1/../../../../arm-none-eabi/lib/thumb/v7-m\libc.a(lib_a-__atexit.o)
 .ARM.attributes
                0x000003b6       0x1d c:/program files (x86)/atmel/studio/7.0/toolchain/arm/arm-gnu-toolchain/bin/../lib/gcc/arm-none-eabi/6.3.1/thumb/v7-m/crtn.o

.comment        0x00000000       0x59
 .comment       0x00000000       0x59 src/ASF/sam/drivers/usart/usart.o
                                 0x5a (size before relaxing)
 .comment       0x00000059       0x5a src/Source Files/main.o
 .comment       0x00000059       0x5a src/ASF/common/services/clock/sam3x/sysclk.o
 .comment       0x00000059       0x5a src/ASF/common/utils/interrupt/interrupt_sam_nvic.o
 .comment       0x00000059       0x5a src/ASF/sam/boards/arduino_due_x/init.o
 .comment       0x00000059       0x5a src/ASF/sam/drivers/pio/pio.o
 .comment       0x00000059       0x5a src/ASF/sam/drivers/pio/pio_handler.o
 .comment       0x00000059       0x5a src/ASF/sam/drivers/pmc/pmc.o
 .comment       0x00000059       0x5a src/ASF/sam/utils/cmsis/sam3x/source/templates/exceptions.o
 .comment       0x00000059       0x5a src/ASF/sam/utils/cmsis/sam3x/source/templates/gcc/startup_sam3x.o
 .comment       0x00000059       0x5a src/ASF/sam/utils/cmsis/sam3x/source/templates/system_sam3x.o

.debug_info     0x00000000     0xd69a
 .debug_info    0x00000000     0x24e6 src/ASF/sam/drivers/usart/usart.o
 .debug_info    0x000024e6     0x1168 src/Source Files/main.o
 .debug_info    0x0000364e     0x11ad src/ASF/common/services/clock/sam3x/sysclk.o
 .debug_info    0x000047fb      0xb01 src/ASF/common/utils/interrupt/interrupt_sam_nvic.o
 .debug_info    0x000052fc     0x108a src/ASF/sam/boards/arduino_due_x/init.o
 .debug_info    0x00006386     0x1c61 src/ASF/sam/drivers/pio/pio.o
 .debug_info    0x00007fe7     0x17be src/ASF/sam/drivers/pio/pio_handler.o
 .debug_info    0x000097a5     0x19df src/ASF/sam/drivers/pmc/pmc.o
 .debug_info    0x0000b184      0xa39 src/ASF/sam/utils/cmsis/sam3x/source/templates/exceptions.o
 .debug_info    0x0000bbbd      0xd1b src/ASF/sam/utils/cmsis/sam3x/source/templates/gcc/startup_sam3x.o
 .debug_info    0x0000c8d8      0xdc2 src/ASF/sam/utils/cmsis/sam3x/source/templates/system_sam3x.o

.debug_abbrev   0x00000000     0x1e9e
 .debug_abbrev  0x00000000      0x406 src/ASF/sam/drivers/usart/usart.o
 .debug_abbrev  0x00000406      0x374 src/Source Files/main.o
 .debug_abbrev  0x0000077a      0x330 src/ASF/common/services/clock/sam3x/sysclk.o
 .debug_abbrev  0x00000aaa      0x212 src/ASF/common/utils/interrupt/interrupt_sam_nvic.o
 .debug_abbrev  0x00000cbc      0x262 src/ASF/sam/boards/arduino_due_x/init.o
 .debug_abbrev  0x00000f1e      0x3c7 src/ASF/sam/drivers/pio/pio.o
 .debug_abbrev  0x000012e5      0x329 src/ASF/sam/drivers/pio/pio_handler.o
 .debug_abbrev  0x0000160e      0x306 src/ASF/sam/drivers/pmc/pmc.o
 .debug_abbrev  0x00001914      0x1a4 src/ASF/sam/utils/cmsis/sam3x/source/templates/exceptions.o
 .debug_abbrev  0x00001ab8      0x1f2 src/ASF/sam/utils/cmsis/sam3x/source/templates/gcc/startup_sam3x.o
 .debug_abbrev  0x00001caa      0x1f4 src/ASF/sam/utils/cmsis/sam3x/source/templates/system_sam3x.o

.debug_loc      0x00000000     0x2ed5
 .debug_loc     0x00000000     0x1062 src/ASF/sam/drivers/usart/usart.o
 .debug_loc     0x00001062       0xf5 src/Source Files/main.o
 .debug_loc     0x00001157      0x183 src/ASF/common/services/clock/sam3x/sysclk.o
 .debug_loc     0x000012da       0x70 src/ASF/sam/boards/arduino_due_x/init.o
 .debug_loc     0x0000134a      0xacc src/ASF/sam/drivers/pio/pio.o
 .debug_loc     0x00001e16      0x569 src/ASF/sam/drivers/pio/pio_handler.o
 .debug_loc     0x0000237f      0xaeb src/ASF/sam/drivers/pmc/pmc.o
 .debug_loc     0x00002e6a       0x6b src/ASF/sam/utils/cmsis/sam3x/source/templates/gcc/startup_sam3x.o

.debug_aranges  0x00000000      0x770
 .debug_aranges
                0x00000000      0x2a8 src/ASF/sam/drivers/usart/usart.o
 .debug_aranges
                0x000002a8       0x30 src/Source Files/main.o
 .debug_aranges
                0x000002d8       0x40 src/ASF/common/services/clock/sam3x/sysclk.o
 .debug_aranges
                0x00000318       0x28 src/ASF/common/utils/interrupt/interrupt_sam_nvic.o
 .debug_aranges
                0x00000340       0x20 src/ASF/sam/boards/arduino_due_x/init.o
 .debug_aranges
                0x00000360      0x148 src/ASF/sam/drivers/pio/pio.o
 .debug_aranges
                0x000004a8       0x58 src/ASF/sam/drivers/pio/pio_handler.o
 .debug_aranges
                0x00000500      0x200 src/ASF/sam/drivers/pmc/pmc.o
 .debug_aranges
                0x00000700       0x20 src/ASF/sam/utils/cmsis/sam3x/source/templates/exceptions.o
 .debug_aranges
                0x00000720       0x20 src/ASF/sam/utils/cmsis/sam3x/source/templates/gcc/startup_sam3x.o
 .debug_aranges
                0x00000740       0x30 src/ASF/sam/utils/cmsis/sam3x/source/templates/system_sam3x.o

.debug_ranges   0x00000000      0x6f0
 .debug_ranges  0x00000000      0x298 src/ASF/sam/drivers/usart/usart.o
 .debug_ranges  0x00000298       0x20 src/Source Files/main.o
 .debug_ranges  0x000002b8       0x30 src/ASF/common/services/clock/sam3x/sysclk.o
 .debug_ranges  0x000002e8       0x18 src/ASF/common/utils/interrupt/interrupt_sam_nvic.o
 .debug_ranges  0x00000300       0x10 src/ASF/sam/boards/arduino_due_x/init.o
 .debug_ranges  0x00000310      0x150 src/ASF/sam/drivers/pio/pio.o
 .debug_ranges  0x00000460       0x60 src/ASF/sam/drivers/pio/pio_handler.o
 .debug_ranges  0x000004c0      0x1f0 src/ASF/sam/drivers/pmc/pmc.o
 .debug_ranges  0x000006b0       0x10 src/ASF/sam/utils/cmsis/sam3x/source/templates/exceptions.o
 .debug_ranges  0x000006c0       0x10 src/ASF/sam/utils/cmsis/sam3x/source/templates/gcc/startup_sam3x.o
 .debug_ranges  0x000006d0       0x20 src/ASF/sam/utils/cmsis/sam3x/source/templates/system_sam3x.o

.debug_macro    0x00000000    0x158ae
 .debug_macro   0x00000000      0x59b src/ASF/sam/drivers/usart/usart.o
 .debug_macro   0x0000059b      0x8ce src/ASF/sam/drivers/usart/usart.o
 .debug_macro   0x00000e69      0x16d src/ASF/sam/drivers/usart/usart.o
 .debug_macro   0x00000fd6      0x64b src/ASF/sam/drivers/usart/usart.o
 .debug_macro   0x00001621       0x76 src/ASF/sam/drivers/usart/usart.o
 .debug_macro   0x00001697       0x16 src/ASF/sam/drivers/usart/usart.o
 .debug_macro   0x000016ad      0x6e4 src/ASF/sam/drivers/usart/usart.o
 .debug_macro   0x00001d91       0x22 src/ASF/sam/drivers/usart/usart.o
 .debug_macro   0x00001db3       0x87 src/ASF/sam/drivers/usart/usart.o
 .debug_macro   0x00001e3a       0x51 src/ASF/sam/drivers/usart/usart.o
 .debug_macro   0x00001e8b       0xef src/ASF/sam/drivers/usart/usart.o
 .debug_macro   0x00001f7a       0x6a src/ASF/sam/drivers/usart/usart.o
 .debug_macro   0x00001fe4      0x1df src/ASF/sam/drivers/usart/usart.o
 .debug_macro   0x000021c3       0x20 src/ASF/sam/drivers/usart/usart.o
 .debug_macro   0x000021e3       0x3a src/ASF/sam/drivers/usart/usart.o
 .debug_macro   0x0000221d       0x2d src/ASF/sam/drivers/usart/usart.o
 .debug_macro   0x0000224a      0xbb1 src/ASF/sam/drivers/usart/usart.o
 .debug_macro   0x00002dfb      0xab6 src/ASF/sam/drivers/usart/usart.o
 .debug_macro   0x000038b1      0x569 src/ASF/sam/drivers/usart/usart.o
 .debug_macro   0x00003e1a      0x2b5 src/ASF/sam/drivers/usart/usart.o
 .debug_macro   0x000040cf      0x31a src/ASF/sam/drivers/usart/usart.o
 .debug_macro   0x000043e9      0x74f src/ASF/sam/drivers/usart/usart.o
 .debug_macro   0x00004b38       0x82 src/ASF/sam/drivers/usart/usart.o
 .debug_macro   0x00004bba      0x57b src/ASF/sam/drivers/usart/usart.o
 .debug_macro   0x00005135       0x1c src/ASF/sam/drivers/usart/usart.o
 .debug_macro   0x00005151      0x6b7 src/ASF/sam/drivers/usart/usart.o
 .debug_macro   0x00005808      0x52d src/ASF/sam/drivers/usart/usart.o
 .debug_macro   0x00005d35       0xbe src/ASF/sam/drivers/usart/usart.o
 .debug_macro   0x00005df3     0x2342 src/ASF/sam/drivers/usart/usart.o
 .debug_macro   0x00008135      0x85d src/ASF/sam/drivers/usart/usart.o
 .debug_macro   0x00008992      0xdc9 src/ASF/sam/drivers/usart/usart.o
 .debug_macro   0x0000975b       0x7c src/ASF/sam/drivers/usart/usart.o
 .debug_macro   0x000097d7      0x263 src/ASF/sam/drivers/usart/usart.o
 .debug_macro   0x00009a3a       0x58 src/ASF/sam/drivers/usart/usart.o
 .debug_macro   0x00009a92      0x9a7 src/ASF/sam/drivers/usart/usart.o
 .debug_macro   0x0000a439      0x248 src/ASF/sam/drivers/usart/usart.o
 .debug_macro   0x0000a681      0x4df src/ASF/sam/drivers/usart/usart.o
 .debug_macro   0x0000ab60      0x6b3 src/ASF/sam/drivers/usart/usart.o
 .debug_macro   0x0000b213      0x59f src/ASF/sam/drivers/usart/usart.o
 .debug_macro   0x0000b7b2       0x46 src/ASF/sam/drivers/usart/usart.o
 .debug_macro   0x0000b7f8      0x34d src/ASF/sam/drivers/usart/usart.o
 .debug_macro   0x0000bb45      0x28c src/ASF/sam/drivers/usart/usart.o
 .debug_macro   0x0000bdd1     0x14d7 src/ASF/sam/drivers/usart/usart.o
 .debug_macro   0x0000d2a8      0x7ba src/ASF/sam/drivers/usart/usart.o
 .debug_macro   0x0000da62       0x76 src/ASF/sam/drivers/usart/usart.o
 .debug_macro   0x0000dad8       0x82 src/ASF/sam/drivers/usart/usart.o
 .debug_macro   0x0000db5a       0x76 src/ASF/sam/drivers/usart/usart.o
 .debug_macro   0x0000dbd0       0x4c src/ASF/sam/drivers/usart/usart.o
 .debug_macro   0x0000dc1c      0x105 src/ASF/sam/drivers/usart/usart.o
 .debug_macro   0x0000dd21      0x105 src/ASF/sam/drivers/usart/usart.o
 .debug_macro   0x0000de26      0x105 src/ASF/sam/drivers/usart/usart.o
 .debug_macro   0x0000df2b       0x88 src/ASF/sam/drivers/usart/usart.o
 .debug_macro   0x0000dfb3       0x88 src/ASF/sam/drivers/usart/usart.o
 .debug_macro   0x0000e03b      0x3b4 src/ASF/sam/drivers/usart/usart.o
 .debug_macro   0x0000e3ef       0xb8 src/ASF/sam/drivers/usart/usart.o
 .debug_macro   0x0000e4a7       0xb8 src/ASF/sam/drivers/usart/usart.o
 .debug_macro   0x0000e55f       0xb8 src/ASF/sam/drivers/usart/usart.o
 .debug_macro   0x0000e617       0xb8 src/ASF/sam/drivers/usart/usart.o
 .debug_macro   0x0000e6cf      0x2b8 src/ASF/sam/drivers/usart/usart.o
 .debug_macro   0x0000e987      0x125 src/ASF/sam/drivers/usart/usart.o
 .debug_macro   0x0000eaac      0x225 src/ASF/sam/drivers/usart/usart.o
 .debug_macro   0x0000ecd1      0x225 src/ASF/sam/drivers/usart/usart.o
 .debug_macro   0x0000eef6       0x2e src/ASF/sam/drivers/usart/usart.o
 .debug_macro   0x0000ef24       0xac src/ASF/sam/drivers/usart/usart.o
 .debug_macro   0x0000efd0      0x14d src/ASF/sam/drivers/usart/usart.o
 .debug_macro   0x0000f11d       0x7c src/ASF/sam/drivers/usart/usart.o
 .debug_macro   0x0000f199      0x205 src/ASF/sam/drivers/usart/usart.o
 .debug_macro   0x0000f39e       0x64 src/ASF/sam/drivers/usart/usart.o
 .debug_macro   0x0000f402       0xa6 src/ASF/sam/drivers/usart/usart.o
 .debug_macro   0x0000f4a8       0x7c src/ASF/sam/drivers/usart/usart.o
 .debug_macro   0x0000f524       0x16 src/ASF/sam/drivers/usart/usart.o
 .debug_macro   0x0000f53a       0x22 src/ASF/sam/drivers/usart/usart.o
 .debug_macro   0x0000f55c       0x22 src/ASF/sam/drivers/usart/usart.o
 .debug_macro   0x0000f57e      0x115 src/ASF/sam/drivers/usart/usart.o
 .debug_macro   0x0000f693      0x115 src/ASF/sam/drivers/usart/usart.o
 .debug_macro   0x0000f7a8      0x115 src/ASF/sam/drivers/usart/usart.o
 .debug_macro   0x0000f8bd      0x115 src/ASF/sam/drivers/usart/usart.o
 .debug_macro   0x0000f9d2       0x1c src/ASF/sam/drivers/usart/usart.o
 .debug_macro   0x0000f9ee       0x2e src/ASF/sam/drivers/usart/usart.o
 .debug_macro   0x0000fa1c       0x22 src/ASF/sam/drivers/usart/usart.o
 .debug_macro   0x0000fa3e       0x1c src/ASF/sam/drivers/usart/usart.o
 .debug_macro   0x0000fa5a       0x58 src/ASF/sam/drivers/usart/usart.o
 .debug_macro   0x0000fab2       0x10 src/ASF/sam/drivers/usart/usart.o
 .debug_macro   0x0000fac2      0x273 src/ASF/sam/drivers/usart/usart.o
 .debug_macro   0x0000fd35      0xd43 src/ASF/sam/drivers/usart/usart.o
 .debug_macro   0x00010a78      0x131 src/ASF/sam/drivers/usart/usart.o
 .debug_macro   0x00010ba9       0x58 src/ASF/sam/drivers/usart/usart.o
 .debug_macro   0x00010c01       0x35 src/ASF/sam/drivers/usart/usart.o
 .debug_macro   0x00010c36       0x9c src/ASF/sam/drivers/usart/usart.o
 .debug_macro   0x00010cd2       0x16 src/ASF/sam/drivers/usart/usart.o
 .debug_macro   0x00010ce8       0x35 src/ASF/sam/drivers/usart/usart.o
 .debug_macro   0x00010d1d      0x353 src/ASF/sam/drivers/usart/usart.o
 .debug_macro   0x00011070       0x10 src/ASF/sam/drivers/usart/usart.o
 .debug_macro   0x00011080       0x58 src/ASF/sam/drivers/usart/usart.o
 .debug_macro   0x000110d8       0x1f src/ASF/sam/drivers/usart/usart.o
 .debug_macro   0x000110f7       0x43 src/ASF/sam/drivers/usart/usart.o
 .debug_macro   0x0001113a       0x20 src/ASF/sam/drivers/usart/usart.o
 .debug_macro   0x0001115a      0x187 src/ASF/sam/drivers/usart/usart.o
 .debug_macro   0x000112e1       0x10 src/ASF/sam/drivers/usart/usart.o
 .debug_macro   0x000112f1       0x1c src/ASF/sam/drivers/usart/usart.o
 .debug_macro   0x0001130d       0x52 src/ASF/sam/drivers/usart/usart.o
 .debug_macro   0x0001135f       0x40 src/ASF/sam/drivers/usart/usart.o
 .debug_macro   0x0001139f       0x10 src/ASF/sam/drivers/usart/usart.o
 .debug_macro   0x000113af       0x40 src/ASF/sam/drivers/usart/usart.o
 .debug_macro   0x000113ef       0xd7 src/ASF/sam/drivers/usart/usart.o
 .debug_macro   0x000114c6       0x16 src/ASF/sam/drivers/usart/usart.o
 .debug_macro   0x000114dc      0x18b src/ASF/sam/drivers/usart/usart.o
 .debug_macro   0x00011667       0x22 src/ASF/sam/drivers/usart/usart.o
 .debug_macro   0x00011689       0x16 src/ASF/sam/drivers/usart/usart.o
 .debug_macro   0x0001169f       0x16 src/ASF/sam/drivers/usart/usart.o
 .debug_macro   0x000116b5       0x29 src/ASF/sam/drivers/usart/usart.o
 .debug_macro   0x000116de       0x75 src/ASF/sam/drivers/usart/usart.o
 .debug_macro   0x00011753       0x45 src/ASF/sam/drivers/usart/usart.o
 .debug_macro   0x00011798      0x3ca src/ASF/sam/drivers/usart/usart.o
 .debug_macro   0x00011b62       0x28 src/ASF/sam/drivers/usart/usart.o
 .debug_macro   0x00011b8a      0x6d1 src/Source Files/main.o
 .debug_macro   0x0001225b      0x5d1 src/ASF/common/services/clock/sam3x/sysclk.o
 .debug_macro   0x0001282c      0x2c0 src/ASF/common/services/clock/sam3x/sysclk.o
 .debug_macro   0x00012aec      0x55a src/ASF/common/utils/interrupt/interrupt_sam_nvic.o
 .debug_macro   0x00013046       0x3f src/ASF/common/utils/interrupt/interrupt_sam_nvic.o
 .debug_macro   0x00013085      0x616 src/ASF/sam/boards/arduino_due_x/init.o
 .debug_macro   0x0001369b       0x16 src/ASF/sam/boards/arduino_due_x/init.o
 .debug_macro   0x000136b1       0x6a src/ASF/sam/boards/arduino_due_x/init.o
 .debug_macro   0x0001371b      0x56b src/ASF/sam/drivers/pio/pio.o
 .debug_macro   0x00013c86       0x8e src/ASF/sam/drivers/pio/pio.o
 .debug_macro   0x00013d14      0x56f src/ASF/sam/drivers/pio/pio_handler.o
 .debug_macro   0x00014283      0x565 src/ASF/sam/drivers/pmc/pmc.o
 .debug_macro   0x000147e8       0x58 src/ASF/sam/drivers/pmc/pmc.o
 .debug_macro   0x00014840      0x564 src/ASF/sam/utils/cmsis/sam3x/source/templates/exceptions.o
 .debug_macro   0x00014da4      0x572 src/ASF/sam/utils/cmsis/sam3x/source/templates/gcc/startup_sam3x.o
 .debug_macro   0x00015316      0x572 src/ASF/sam/utils/cmsis/sam3x/source/templates/system_sam3x.o
 .debug_macro   0x00015888       0x26 src/ASF/sam/utils/cmsis/sam3x/source/templates/system_sam3x.o

.debug_line     0x00000000     0x9426
 .debug_line    0x00000000     0x1222 src/ASF/sam/drivers/usart/usart.o
 .debug_line    0x00001222      0xed8 src/Source Files/main.o
 .debug_line    0x000020fa      0xcba src/ASF/common/services/clock/sam3x/sysclk.o
 .debug_line    0x00002db4      0xb62 src/ASF/common/utils/interrupt/interrupt_sam_nvic.o
 .debug_line    0x00003916      0xd4d src/ASF/sam/boards/arduino_due_x/init.o
 .debug_line    0x00004663      0xec9 src/ASF/sam/drivers/pio/pio.o
 .debug_line    0x0000552c      0xc0d src/ASF/sam/drivers/pio/pio_handler.o
 .debug_line    0x00006139     0x10c0 src/ASF/sam/drivers/pmc/pmc.o
 .debug_line    0x000071f9      0xb23 src/ASF/sam/utils/cmsis/sam3x/source/templates/exceptions.o
 .debug_line    0x00007d1c      0xb6c src/ASF/sam/utils/cmsis/sam3x/source/templates/gcc/startup_sam3x.o
 .debug_line    0x00008888      0xb9e src/ASF/sam/utils/cmsis/sam3x/source/templates/system_sam3x.o

.debug_str      0x00000000    0x6373c
 .debug_str     0x00000000    0x5d084 src/ASF/sam/drivers/usart/usart.o
                              0x5d423 (size before relaxing)
 .debug_str     0x0005d084     0x5014 src/Source Files/main.o
                              0x61a35 (size before relaxing)
 .debug_str     0x00062098      0x364 src/ASF/common/services/clock/sam3x/sysclk.o
                              0x60858 (size before relaxing)
 .debug_str     0x000623fc       0x80 src/ASF/common/utils/interrupt/interrupt_sam_nvic.o
                              0x5c7fd (size before relaxing)
 .debug_str     0x0006247c      0x256 src/ASF/sam/boards/arduino_due_x/init.o
                              0x60f3a (size before relaxing)
 .debug_str     0x000626d2      0x3e8 src/ASF/sam/drivers/pio/pio.o
                              0x5d151 (size before relaxing)
 .debug_str     0x00062aba      0x44e src/ASF/sam/drivers/pio/pio_handler.o
                              0x5d24a (size before relaxing)
 .debug_str     0x00062f08      0x57e src/ASF/sam/drivers/pmc/pmc.o
                              0x5d1cd (size before relaxing)
 .debug_str     0x00063486       0x4d src/ASF/sam/utils/cmsis/sam3x/source/templates/exceptions.o
                              0x5c7c6 (size before relaxing)
 .debug_str     0x000634d3       0xd4 src/ASF/sam/utils/cmsis/sam3x/source/templates/gcc/startup_sam3x.o
                              0x5c8c2 (size before relaxing)
 .debug_str     0x000635a7      0x195 src/ASF/sam/utils/cmsis/sam3x/source/templates/system_sam3x.o
                              0x5ca9e (size before relaxing)

.debug_frame    0x00000000     0x1100
 .debug_frame   0x00000000      0x5cc src/ASF/sam/drivers/usart/usart.o
 .debug_frame   0x000005cc       0x70 src/Source Files/main.o
 .debug_frame   0x0000063c       0x88 src/ASF/common/services/clock/sam3x/sysclk.o
 .debug_frame   0x000006c4       0x30 src/ASF/common/utils/interrupt/interrupt_sam_nvic.o
 .debug_frame   0x000006f4       0x28 src/ASF/sam/boards/arduino_due_x/init.o
 .debug_frame   0x0000071c      0x2b8 src/ASF/sam/drivers/pio/pio.o
 .debug_frame   0x000009d4       0xf8 src/ASF/sam/drivers/pio/pio_handler.o
 .debug_frame   0x00000acc      0x3ec src/ASF/sam/drivers/pmc/pmc.o
 .debug_frame   0x00000eb8       0x20 src/ASF/sam/utils/cmsis/sam3x/source/templates/exceptions.o
 .debug_frame   0x00000ed8       0x28 src/ASF/sam/utils/cmsis/sam3x/source/templates/gcc/startup_sam3x.o
 .debug_frame   0x00000f00       0x40 src/ASF/sam/utils/cmsis/sam3x/source/templates/system_sam3x.o
 .debug_frame   0x00000f40       0x2c c:/program files (x86)/atmel/studio/7.0/toolchain/arm/arm-gnu-toolchain/bin/../lib/gcc/arm-none-eabi/6.3.1/../../../../arm-none-eabi/lib/thumb/v7-m\libc.a(lib_a-init.o)
 .debug_frame   0x00000f6c       0x5c c:/program files (x86)/atmel/studio/7.0/toolchain/arm/arm-gnu-toolchain/bin/../lib/gcc/arm-none-eabi/6.3.1/../../../../arm-none-eabi/lib/thumb/v7-m\libc.a(lib_a-__call_atexit.o)
 .debug_frame   0x00000fc8       0x20 c:/program files (x86)/atmel/studio/7.0/toolchain/arm/arm-gnu-toolchain/bin/../lib/gcc/arm-none-eabi/6.3.1/../../../../arm-none-eabi/lib/thumb/v7-m\libc.a(lib_a-atexit.o)
 .debug_frame   0x00000fe8       0x34 c:/program files (x86)/atmel/studio/7.0/toolchain/arm/arm-gnu-toolchain/bin/../lib/gcc/arm-none-eabi/6.3.1/../../../../arm-none-eabi/lib/thumb/v7-m\libc.a(lib_a-fini.o)
 .debug_frame   0x0000101c       0xb0 c:/program files (x86)/atmel/studio/7.0/toolchain/arm/arm-gnu-toolchain/bin/../lib/gcc/arm-none-eabi/6.3.1/../../../../arm-none-eabi/lib/thumb/v7-m\libc.a(lib_a-lock.o)
 .debug_frame   0x000010cc       0x34 c:/program files (x86)/atmel/studio/7.0/toolchain/arm/arm-gnu-toolchain/bin/../lib/gcc/arm-none-eabi/6.3.1/../../../../arm-none-eabi/lib/thumb/v7-m\libc.a(lib_a-__atexit.o)

Cross Reference Table

Symbol                                            File
ADC_Handler                                       src/ASF/sam/utils/cmsis/sam3x/source/templates/exceptions.o
                                                  src/ASF/sam/utils/cmsis/sam3x/source/templates/gcc/startup_sam3x.o
BusFault_Handler                                  src/ASF/sam/utils/cmsis/sam3x/source/templates/exceptions.o
                                                  src/ASF/sam/utils/cmsis/sam3x/source/templates/gcc/startup_sam3x.o
CAN0_Handler                                      src/ASF/sam/utils/cmsis/sam3x/source/templates/exceptions.o
                                                  src/ASF/sam/utils/cmsis/sam3x/source/templates/gcc/startup_sam3x.o
CAN1_Handler                                      src/ASF/sam/utils/cmsis/sam3x/source/templates/exceptions.o
                                                  src/ASF/sam/utils/cmsis/sam3x/source/templates/gcc/startup_sam3x.o
CRC16MODBUS                                       src/Source Files/CRC16MODBUS.o
CRC16MODBUSFRAME                                  src/Source Files/CRC16MODBUS.o
DACC_Handler                                      src/ASF/sam/utils/cmsis/sam3x/source/templates/exceptions.o
                                                  src/ASF/sam/utils/cmsis/sam3x/source/templates/gcc/startup_sam3x.o
DMAC_Handler                                      src/ASF/sam/utils/cmsis/sam3x/source/templates/exceptions.o
                                                  src/ASF/sam/utils/cmsis/sam3x/source/templates/gcc/startup_sam3x.o
DebugMon_Handler                                  src/ASF/sam/utils/cmsis/sam3x/source/templates/exceptions.o
                                                  src/ASF/sam/utils/cmsis/sam3x/source/templates/gcc/startup_sam3x.o
Dummy_Handler                                     src/ASF/sam/utils/cmsis/sam3x/source/templates/exceptions.o
EFC0_Handler                                      src/ASF/sam/utils/cmsis/sam3x/source/templates/exceptions.o
                                                  src/ASF/sam/utils/cmsis/sam3x/source/templates/gcc/startup_sam3x.o
EFC1_Handler                                      src/ASF/sam/utils/cmsis/sam3x/source/templates/exceptions.o
                                                  src/ASF/sam/utils/cmsis/sam3x/source/templates/gcc/startup_sam3x.o
EMAC_Handler                                      src/ASF/sam/utils/cmsis/sam3x/source/templates/exceptions.o
                                                  src/ASF/sam/utils/cmsis/sam3x/source/templates/gcc/startup_sam3x.o
ErrorLed                                          src/Source Files/error.o
ErrorUART                                         src/Source Files/error.o
HSMCI_Handler                                     src/ASF/sam/utils/cmsis/sam3x/source/templates/exceptions.o
                                                  src/ASF/sam/utils/cmsis/sam3x/source/templates/gcc/startup_sam3x.o
HardFault_Handler                                 src/ASF/sam/utils/cmsis/sam3x/source/templates/exceptions.o
                                                  src/ASF/sam/utils/cmsis/sam3x/source/templates/gcc/startup_sam3x.o
MemManage_Handler                                 src/ASF/sam/utils/cmsis/sam3x/source/templates/exceptions.o
                                                  src/ASF/sam/utils/cmsis/sam3x/source/templates/gcc/startup_sam3x.o
NMI_Handler                                       src/ASF/sam/utils/cmsis/sam3x/source/templates/exceptions.o
                                                  src/ASF/sam/utils/cmsis/sam3x/source/templates/gcc/startup_sam3x.o
PIOA_Handler                                      src/ASF/sam/drivers/pio/pio_handler.o
                                                  src/ASF/sam/utils/cmsis/sam3x/source/templates/gcc/startup_sam3x.o
PIOB_Handler                                      src/ASF/sam/drivers/pio/pio_handler.o
                                                  src/ASF/sam/utils/cmsis/sam3x/source/templates/gcc/startup_sam3x.o
PIOC_Handler                                      src/ASF/sam/drivers/pio/pio_handler.o
                                                  src/ASF/sam/utils/cmsis/sam3x/source/templates/gcc/startup_sam3x.o
PIOD_Handler                                      src/ASF/sam/drivers/pio/pio_handler.o
                                                  src/ASF/sam/utils/cmsis/sam3x/source/templates/gcc/startup_sam3x.o
PMC_Handler                                       src/ASF/sam/utils/cmsis/sam3x/source/templates/exceptions.o
                                                  src/ASF/sam/utils/cmsis/sam3x/source/templates/gcc/startup_sam3x.o
PWM_Handler                                       src/ASF/sam/utils/cmsis/sam3x/source/templates/exceptions.o
                                                  src/ASF/sam/utils/cmsis/sam3x/source/templates/gcc/startup_sam3x.o
PendSV_Handler                                    src/ASF/sam/utils/cmsis/sam3x/source/templates/exceptions.o
                                                  src/ASF/sam/utils/cmsis/sam3x/source/templates/gcc/startup_sam3x.o
RSTC_Handler                                      src/ASF/sam/utils/cmsis/sam3x/source/templates/exceptions.o
                                                  src/ASF/sam/utils/cmsis/sam3x/source/templates/gcc/startup_sam3x.o
RTC_Handler                                       src/ASF/sam/utils/cmsis/sam3x/source/templates/exceptions.o
                                                  src/ASF/sam/utils/cmsis/sam3x/source/templates/gcc/startup_sam3x.o
RTT_Handler                                       src/ASF/sam/utils/cmsis/sam3x/source/templates/exceptions.o
                                                  src/ASF/sam/utils/cmsis/sam3x/source/templates/gcc/startup_sam3x.o
Reset_Handler                                     src/ASF/sam/utils/cmsis/sam3x/source/templates/gcc/startup_sam3x.o
SMC_Handler                                       src/ASF/sam/utils/cmsis/sam3x/source/templates/exceptions.o
                                                  src/ASF/sam/utils/cmsis/sam3x/source/templates/gcc/startup_sam3x.o
SPI0_Handler                                      src/ASF/sam/utils/cmsis/sam3x/source/templates/exceptions.o
                                                  src/ASF/sam/utils/cmsis/sam3x/source/templates/gcc/startup_sam3x.o
SSC_Handler                                       src/ASF/sam/utils/cmsis/sam3x/source/templates/exceptions.o
                                                  src/ASF/sam/utils/cmsis/sam3x/source/templates/gcc/startup_sam3x.o
SUPC_Handler                                      src/ASF/sam/utils/cmsis/sam3x/source/templates/exceptions.o
                                                  src/ASF/sam/utils/cmsis/sam3x/source/templates/gcc/startup_sam3x.o
SVC_Handler                                       src/ASF/sam/utils/cmsis/sam3x/source/templates/exceptions.o
                                                  src/ASF/sam/utils/cmsis/sam3x/source/templates/gcc/startup_sam3x.o
Sablier                                           src/Source Files/main.o
Shellcom                                          src/Source Files/config_uart.o
SysTick_Handler                                   src/ASF/sam/utils/cmsis/sam3x/source/templates/exceptions.o
                                                  src/ASF/sam/utils/cmsis/sam3x/source/templates/gcc/startup_sam3x.o
SystemCoreClock                                   src/ASF/sam/utils/cmsis/sam3x/source/templates/system_sam3x.o
SystemCoreClockUpdate                             src/ASF/sam/utils/cmsis/sam3x/source/templates/system_sam3x.o
                                                  src/ASF/common/services/clock/sam3x/sysclk.o
SystemInit                                        src/ASF/sam/utils/cmsis/sam3x/source/templates/system_sam3x.o
TC0_Handler                                       src/ASF/sam/utils/cmsis/sam3x/source/templates/exceptions.o
                                                  src/ASF/sam/utils/cmsis/sam3x/source/templates/gcc/startup_sam3x.o
TC1_Handler                                       src/ASF/sam/utils/cmsis/sam3x/source/templates/exceptions.o
                                                  src/ASF/sam/utils/cmsis/sam3x/source/templates/gcc/startup_sam3x.o
TC2_Handler                                       src/ASF/sam/utils/cmsis/sam3x/source/templates/exceptions.o
                                                  src/ASF/sam/utils/cmsis/sam3x/source/templates/gcc/startup_sam3x.o
TC3_Handler                                       src/ASF/sam/utils/cmsis/sam3x/source/templates/exceptions.o
                                                  src/ASF/sam/utils/cmsis/sam3x/source/templates/gcc/startup_sam3x.o
TC4_Handler                                       src/ASF/sam/utils/cmsis/sam3x/source/templates/exceptions.o
                                                  src/ASF/sam/utils/cmsis/sam3x/source/templates/gcc/startup_sam3x.o
TC5_Handler                                       src/ASF/sam/utils/cmsis/sam3x/source/templates/exceptions.o
                                                  src/ASF/sam/utils/cmsis/sam3x/source/templates/gcc/startup_sam3x.o
TC6_Handler                                       src/ASF/sam/utils/cmsis/sam3x/source/templates/exceptions.o
                                                  src/ASF/sam/utils/cmsis/sam3x/source/templates/gcc/startup_sam3x.o
TC7_Handler                                       src/ASF/sam/utils/cmsis/sam3x/source/templates/exceptions.o
                                                  src/ASF/sam/utils/cmsis/sam3x/source/templates/gcc/startup_sam3x.o
TC8_Handler                                       src/ASF/sam/utils/cmsis/sam3x/source/templates/exceptions.o
                                                  src/ASF/sam/utils/cmsis/sam3x/source/templates/gcc/startup_sam3x.o
TRNG_Handler                                      src/ASF/sam/utils/cmsis/sam3x/source/templates/exceptions.o
                                                  src/ASF/sam/utils/cmsis/sam3x/source/templates/gcc/startup_sam3x.o
TWI0_Handler                                      src/ASF/sam/utils/cmsis/sam3x/source/templates/exceptions.o
                                                  src/ASF/sam/utils/cmsis/sam3x/source/templates/gcc/startup_sam3x.o
TWI1_Handler                                      src/ASF/sam/utils/cmsis/sam3x/source/templates/exceptions.o
                                                  src/ASF/sam/utils/cmsis/sam3x/source/templates/gcc/startup_sam3x.o
Taskman                                           src/Source Files/taskman.o
                                                  src/Source Files/main.o
UART_Handler                                      src/ASF/sam/utils/cmsis/sam3x/source/templates/exceptions.o
                                                  src/ASF/sam/utils/cmsis/sam3x/source/templates/gcc/startup_sam3x.o
UOTGHS_Handler                                    src/ASF/sam/utils/cmsis/sam3x/source/templates/exceptions.o
                                                  src/ASF/sam/utils/cmsis/sam3x/source/templates/gcc/startup_sam3x.o
USART0_Handler                                    src/ASF/sam/utils/cmsis/sam3x/source/templates/exceptions.o
                                                  src/ASF/sam/utils/cmsis/sam3x/source/templates/gcc/startup_sam3x.o
USART1_Handler                                    src/ASF/sam/utils/cmsis/sam3x/source/templates/exceptions.o
                                                  src/ASF/sam/utils/cmsis/sam3x/source/templates/gcc/startup_sam3x.o
USART2_Handler                                    src/ASF/sam/utils/cmsis/sam3x/source/templates/exceptions.o
                                                  src/ASF/sam/utils/cmsis/sam3x/source/templates/gcc/startup_sam3x.o
USART3_Handler                                    src/ASF/sam/utils/cmsis/sam3x/source/templates/exceptions.o
                                                  src/ASF/sam/utils/cmsis/sam3x/source/templates/gcc/startup_sam3x.o
UsageFault_Handler                                src/ASF/sam/utils/cmsis/sam3x/source/templates/exceptions.o
                                                  src/ASF/sam/utils/cmsis/sam3x/source/templates/gcc/startup_sam3x.o
WDT_Handler                                       src/ASF/sam/utils/cmsis/sam3x/source/templates/exceptions.o
                                                  src/ASF/sam/utils/cmsis/sam3x/source/templates/gcc/startup_sam3x.o
_Jv_RegisterClasses                               c:/program files (x86)/atmel/studio/7.0/toolchain/arm/arm-gnu-toolchain/bin/../lib/gcc/arm-none-eabi/6.3.1/thumb/v7-m/crtbegin.o
__atexit_recursive_mutex                          c:/program files (x86)/atmel/studio/7.0/toolchain/arm/arm-gnu-toolchain/bin/../lib/gcc/arm-none-eabi/6.3.1/../../../../arm-none-eabi/lib/thumb/v7-m\libc.a(lib_a-__call_atexit.o)
                                                  c:/program files (x86)/atmel/studio/7.0/toolchain/arm/arm-gnu-toolchain/bin/../lib/gcc/arm-none-eabi/6.3.1/../../../../arm-none-eabi/lib/thumb/v7-m\libc.a(lib_a-__atexit.o)
__bss_end__                                       c:/program files (x86)/atmel/studio/7.0/toolchain/arm/arm-gnu-toolchain/bin/../lib/gcc/arm-none-eabi/6.3.1/../../../../arm-none-eabi/lib/thumb/v7-m/crt0.o
__bss_start__                                     c:/program files (x86)/atmel/studio/7.0/toolchain/arm/arm-gnu-toolchain/bin/../lib/gcc/arm-none-eabi/6.3.1/../../../../arm-none-eabi/lib/thumb/v7-m/crt0.o
__call_exitprocs                                  c:/program files (x86)/atmel/studio/7.0/toolchain/arm/arm-gnu-toolchain/bin/../lib/gcc/arm-none-eabi/6.3.1/../../../../arm-none-eabi/lib/thumb/v7-m\libc.a(lib_a-__call_atexit.o)
                                                  c:/program files (x86)/atmel/studio/7.0/toolchain/arm/arm-gnu-toolchain/bin/../lib/gcc/arm-none-eabi/6.3.1/../../../../arm-none-eabi/lib/thumb/v7-m\libc.a(lib_a-exit.o)
__deregister_frame_info                           c:/program files (x86)/atmel/studio/7.0/toolchain/arm/arm-gnu-toolchain/bin/../lib/gcc/arm-none-eabi/6.3.1/thumb/v7-m/crtbegin.o
__dso_handle                                      c:/program files (x86)/atmel/studio/7.0/toolchain/arm/arm-gnu-toolchain/bin/../lib/gcc/arm-none-eabi/6.3.1/thumb/v7-m/crtbegin.o
__fini_array_end                                  c:/program files (x86)/atmel/studio/7.0/toolchain/arm/arm-gnu-toolchain/bin/../lib/gcc/arm-none-eabi/6.3.1/../../../../arm-none-eabi/lib/thumb/v7-m\libc.a(lib_a-fini.o)
__fini_array_start                                c:/program files (x86)/atmel/studio/7.0/toolchain/arm/arm-gnu-toolchain/bin/../lib/gcc/arm-none-eabi/6.3.1/../../../../arm-none-eabi/lib/thumb/v7-m\libc.a(lib_a-fini.o)
__init_array_end                                  c:/program files (x86)/atmel/studio/7.0/toolchain/arm/arm-gnu-toolchain/bin/../lib/gcc/arm-none-eabi/6.3.1/../../../../arm-none-eabi/lib/thumb/v7-m\libc.a(lib_a-init.o)
__init_array_start                                c:/program files (x86)/atmel/studio/7.0/toolchain/arm/arm-gnu-toolchain/bin/../lib/gcc/arm-none-eabi/6.3.1/../../../../arm-none-eabi/lib/thumb/v7-m\libc.a(lib_a-init.o)
__libc_fini                                       c:/program files (x86)/atmel/studio/7.0/toolchain/arm/arm-gnu-toolchain/bin/../lib/gcc/arm-none-eabi/6.3.1/../../../../arm-none-eabi/lib/thumb/v7-m\libc.a(lib_a-__call_atexit.o)
__libc_fini_array                                 c:/program files (x86)/atmel/studio/7.0/toolchain/arm/arm-gnu-toolchain/bin/../lib/gcc/arm-none-eabi/6.3.1/../../../../arm-none-eabi/lib/thumb/v7-m\libc.a(lib_a-fini.o)
                                                  c:/program files (x86)/atmel/studio/7.0/toolchain/arm/arm-gnu-toolchain/bin/../lib/gcc/arm-none-eabi/6.3.1/../../../../arm-none-eabi/lib/thumb/v7-m\libc.a(lib_a-__call_atexit.o)
                                                  c:/program files (x86)/atmel/studio/7.0/toolchain/arm/arm-gnu-toolchain/bin/../lib/gcc/arm-none-eabi/6.3.1/../../../../arm-none-eabi/lib/thumb/v7-m/crt0.o
__libc_init_array                                 c:/program files (x86)/atmel/studio/7.0/toolchain/arm/arm-gnu-toolchain/bin/../lib/gcc/arm-none-eabi/6.3.1/../../../../arm-none-eabi/lib/thumb/v7-m\libc.a(lib_a-init.o)
                                                  src/ASF/sam/utils/cmsis/sam3x/source/templates/gcc/startup_sam3x.o
                                                  c:/program files (x86)/atmel/studio/7.0/toolchain/arm/arm-gnu-toolchain/bin/../lib/gcc/arm-none-eabi/6.3.1/../../../../arm-none-eabi/lib/thumb/v7-m/crt0.o
__lock___arc4random_mutex                         c:/program files (x86)/atmel/studio/7.0/toolchain/arm/arm-gnu-toolchain/bin/../lib/gcc/arm-none-eabi/6.3.1/../../../../arm-none-eabi/lib/thumb/v7-m\libc.a(lib_a-lock.o)
__lock___at_quick_exit_mutex                      c:/program files (x86)/atmel/studio/7.0/toolchain/arm/arm-gnu-toolchain/bin/../lib/gcc/arm-none-eabi/6.3.1/../../../../arm-none-eabi/lib/thumb/v7-m\libc.a(lib_a-lock.o)
__lock___atexit_recursive_mutex                   c:/program files (x86)/atmel/studio/7.0/toolchain/arm/arm-gnu-toolchain/bin/../lib/gcc/arm-none-eabi/6.3.1/../../../../arm-none-eabi/lib/thumb/v7-m\libc.a(lib_a-lock.o)
                                                  c:/program files (x86)/atmel/studio/7.0/toolchain/arm/arm-gnu-toolchain/bin/../lib/gcc/arm-none-eabi/6.3.1/../../../../arm-none-eabi/lib/thumb/v7-m\libc.a(lib_a-__call_atexit.o)
__lock___dd_hash_mutex                            c:/program files (x86)/atmel/studio/7.0/toolchain/arm/arm-gnu-toolchain/bin/../lib/gcc/arm-none-eabi/6.3.1/../../../../arm-none-eabi/lib/thumb/v7-m\libc.a(lib_a-lock.o)
__lock___env_recursive_mutex                      c:/program files (x86)/atmel/studio/7.0/toolchain/arm/arm-gnu-toolchain/bin/../lib/gcc/arm-none-eabi/6.3.1/../../../../arm-none-eabi/lib/thumb/v7-m\libc.a(lib_a-lock.o)
__lock___malloc_recursive_mutex                   c:/program files (x86)/atmel/studio/7.0/toolchain/arm/arm-gnu-toolchain/bin/../lib/gcc/arm-none-eabi/6.3.1/../../../../arm-none-eabi/lib/thumb/v7-m\libc.a(lib_a-lock.o)
__lock___sfp_recursive_mutex                      c:/program files (x86)/atmel/studio/7.0/toolchain/arm/arm-gnu-toolchain/bin/../lib/gcc/arm-none-eabi/6.3.1/../../../../arm-none-eabi/lib/thumb/v7-m\libc.a(lib_a-lock.o)
__lock___sinit_recursive_mutex                    c:/program files (x86)/atmel/studio/7.0/toolchain/arm/arm-gnu-toolchain/bin/../lib/gcc/arm-none-eabi/6.3.1/../../../../arm-none-eabi/lib/thumb/v7-m\libc.a(lib_a-lock.o)
__lock___tz_mutex                                 c:/program files (x86)/atmel/studio/7.0/toolchain/arm/arm-gnu-toolchain/bin/../lib/gcc/arm-none-eabi/6.3.1/../../../../arm-none-eabi/lib/thumb/v7-m\libc.a(lib_a-lock.o)
__preinit_array_end                               c:/program files (x86)/atmel/studio/7.0/toolchain/arm/arm-gnu-toolchain/bin/../lib/gcc/arm-none-eabi/6.3.1/../../../../arm-none-eabi/lib/thumb/v7-m\libc.a(lib_a-init.o)
__preinit_array_start                             c:/program files (x86)/atmel/studio/7.0/toolchain/arm/arm-gnu-toolchain/bin/../lib/gcc/arm-none-eabi/6.3.1/../../../../arm-none-eabi/lib/thumb/v7-m\libc.a(lib_a-init.o)
__ram_end__                                       src/ASF/sam/utils/syscalls/gcc/syscalls.o
__register_exitproc                               c:/program files (x86)/atmel/studio/7.0/toolchain/arm/arm-gnu-toolchain/bin/../lib/gcc/arm-none-eabi/6.3.1/../../../../arm-none-eabi/lib/thumb/v7-m\libc.a(lib_a-__atexit.o)
                                                  c:/program files (x86)/atmel/studio/7.0/toolchain/arm/arm-gnu-toolchain/bin/../lib/gcc/arm-none-eabi/6.3.1/../../../../arm-none-eabi/lib/thumb/v7-m\libc.a(lib_a-atexit.o)
__register_frame_info                             c:/program files (x86)/atmel/studio/7.0/toolchain/arm/arm-gnu-toolchain/bin/../lib/gcc/arm-none-eabi/6.3.1/thumb/v7-m/crtbegin.o
__retarget_lock_acquire                           c:/program files (x86)/atmel/studio/7.0/toolchain/arm/arm-gnu-toolchain/bin/../lib/gcc/arm-none-eabi/6.3.1/../../../../arm-none-eabi/lib/thumb/v7-m\libc.a(lib_a-lock.o)
__retarget_lock_acquire_recursive                 c:/program files (x86)/atmel/studio/7.0/toolchain/arm/arm-gnu-toolchain/bin/../lib/gcc/arm-none-eabi/6.3.1/../../../../arm-none-eabi/lib/thumb/v7-m\libc.a(lib_a-lock.o)
                                                  c:/program files (x86)/atmel/studio/7.0/toolchain/arm/arm-gnu-toolchain/bin/../lib/gcc/arm-none-eabi/6.3.1/../../../../arm-none-eabi/lib/thumb/v7-m\libc.a(lib_a-__atexit.o)
                                                  c:/program files (x86)/atmel/studio/7.0/toolchain/arm/arm-gnu-toolchain/bin/../lib/gcc/arm-none-eabi/6.3.1/../../../../arm-none-eabi/lib/thumb/v7-m\libc.a(lib_a-__call_atexit.o)
__retarget_lock_close                             c:/program files (x86)/atmel/studio/7.0/toolchain/arm/arm-gnu-toolchain/bin/../lib/gcc/arm-none-eabi/6.3.1/../../../../arm-none-eabi/lib/thumb/v7-m\libc.a(lib_a-lock.o)
__retarget_lock_close_recursive                   c:/program files (x86)/atmel/studio/7.0/toolchain/arm/arm-gnu-toolchain/bin/../lib/gcc/arm-none-eabi/6.3.1/../../../../arm-none-eabi/lib/thumb/v7-m\libc.a(lib_a-lock.o)
__retarget_lock_init                              c:/program files (x86)/atmel/studio/7.0/toolchain/arm/arm-gnu-toolchain/bin/../lib/gcc/arm-none-eabi/6.3.1/../../../../arm-none-eabi/lib/thumb/v7-m\libc.a(lib_a-lock.o)
__retarget_lock_init_recursive                    c:/program files (x86)/atmel/studio/7.0/toolchain/arm/arm-gnu-toolchain/bin/../lib/gcc/arm-none-eabi/6.3.1/../../../../arm-none-eabi/lib/thumb/v7-m\libc.a(lib_a-lock.o)
__retarget_lock_release                           c:/program files (x86)/atmel/studio/7.0/toolchain/arm/arm-gnu-toolchain/bin/../lib/gcc/arm-none-eabi/6.3.1/../../../../arm-none-eabi/lib/thumb/v7-m\libc.a(lib_a-lock.o)
__retarget_lock_release_recursive                 c:/program files (x86)/atmel/studio/7.0/toolchain/arm/arm-gnu-toolchain/bin/../lib/gcc/arm-none-eabi/6.3.1/../../../../arm-none-eabi/lib/thumb/v7-m\libc.a(lib_a-lock.o)
                                                  c:/program files (x86)/atmel/studio/7.0/toolchain/arm/arm-gnu-toolchain/bin/../lib/gcc/arm-none-eabi/6.3.1/../../../../arm-none-eabi/lib/thumb/v7-m\libc.a(lib_a-__atexit.o)
                                                  c:/program files (x86)/atmel/studio/7.0/toolchain/arm/arm-gnu-toolchain/bin/../lib/gcc/arm-none-eabi/6.3.1/../../../../arm-none-eabi/lib/thumb/v7-m\libc.a(lib_a-__call_atexit.o)
__retarget_lock_try_acquire                       c:/program files (x86)/atmel/studio/7.0/toolchain/arm/arm-gnu-toolchain/bin/../lib/gcc/arm-none-eabi/6.3.1/../../../../arm-none-eabi/lib/thumb/v7-m\libc.a(lib_a-lock.o)
__retarget_lock_try_acquire_recursive             c:/program files (x86)/atmel/studio/7.0/toolchain/arm/arm-gnu-toolchain/bin/../lib/gcc/arm-none-eabi/6.3.1/../../../../arm-none-eabi/lib/thumb/v7-m\libc.a(lib_a-lock.o)
__stack                                           c:/program files (x86)/atmel/studio/7.0/toolchain/arm/arm-gnu-toolchain/bin/../lib/gcc/arm-none-eabi/6.3.1/../../../../arm-none-eabi/lib/thumb/v7-m/crt0.o
_close                                            src/ASF/sam/utils/syscalls/gcc/syscalls.o
_end                                              src/ASF/sam/utils/syscalls/gcc/syscalls.o
_erelocate                                        src/ASF/sam/utils/cmsis/sam3x/source/templates/gcc/startup_sam3x.o
_estack                                           src/ASF/sam/utils/cmsis/sam3x/source/templates/gcc/startup_sam3x.o
_etext                                            src/ASF/sam/utils/cmsis/sam3x/source/templates/gcc/startup_sam3x.o
_exit                                             src/ASF/sam/utils/syscalls/gcc/syscalls.o
                                                  c:/program files (x86)/atmel/studio/7.0/toolchain/arm/arm-gnu-toolchain/bin/../lib/gcc/arm-none-eabi/6.3.1/../../../../arm-none-eabi/lib/thumb/v7-m\libc.a(lib_a-exit.o)
_ezero                                            src/ASF/sam/utils/cmsis/sam3x/source/templates/gcc/startup_sam3x.o
_fini                                             c:/program files (x86)/atmel/studio/7.0/toolchain/arm/arm-gnu-toolchain/bin/../lib/gcc/arm-none-eabi/6.3.1/thumb/v7-m/crti.o
                                                  c:/program files (x86)/atmel/studio/7.0/toolchain/arm/arm-gnu-toolchain/bin/../lib/gcc/arm-none-eabi/6.3.1/../../../../arm-none-eabi/lib/thumb/v7-m\libc.a(lib_a-fini.o)
_fstat                                            src/ASF/sam/utils/syscalls/gcc/syscalls.o
_getpid                                           src/ASF/sam/utils/syscalls/gcc/syscalls.o
_global_impure_ptr                                c:/program files (x86)/atmel/studio/7.0/toolchain/arm/arm-gnu-toolchain/bin/../lib/gcc/arm-none-eabi/6.3.1/../../../../arm-none-eabi/lib/thumb/v7-m\libc.a(lib_a-impure.o)
                                                  c:/program files (x86)/atmel/studio/7.0/toolchain/arm/arm-gnu-toolchain/bin/../lib/gcc/arm-none-eabi/6.3.1/../../../../arm-none-eabi/lib/thumb/v7-m\libc.a(lib_a-__atexit.o)
                                                  c:/program files (x86)/atmel/studio/7.0/toolchain/arm/arm-gnu-toolchain/bin/../lib/gcc/arm-none-eabi/6.3.1/../../../../arm-none-eabi/lib/thumb/v7-m\libc.a(lib_a-__call_atexit.o)
                                                  c:/program files (x86)/atmel/studio/7.0/toolchain/arm/arm-gnu-toolchain/bin/../lib/gcc/arm-none-eabi/6.3.1/../../../../arm-none-eabi/lib/thumb/v7-m\libc.a(lib_a-exit.o)
_impure_ptr                                       c:/program files (x86)/atmel/studio/7.0/toolchain/arm/arm-gnu-toolchain/bin/../lib/gcc/arm-none-eabi/6.3.1/../../../../arm-none-eabi/lib/thumb/v7-m\libc.a(lib_a-impure.o)
_init                                             c:/program files (x86)/atmel/studio/7.0/toolchain/arm/arm-gnu-toolchain/bin/../lib/gcc/arm-none-eabi/6.3.1/thumb/v7-m/crti.o
                                                  c:/program files (x86)/atmel/studio/7.0/toolchain/arm/arm-gnu-toolchain/bin/../lib/gcc/arm-none-eabi/6.3.1/../../../../arm-none-eabi/lib/thumb/v7-m\libc.a(lib_a-init.o)
_isatty                                           src/ASF/sam/utils/syscalls/gcc/syscalls.o
_kill                                             src/ASF/sam/utils/syscalls/gcc/syscalls.o
_lseek                                            src/ASF/sam/utils/syscalls/gcc/syscalls.o
_mainCRTStartup                                   c:/program files (x86)/atmel/studio/7.0/toolchain/arm/arm-gnu-toolchain/bin/../lib/gcc/arm-none-eabi/6.3.1/../../../../arm-none-eabi/lib/thumb/v7-m/crt0.o
_sbrk                                             src/ASF/sam/utils/syscalls/gcc/syscalls.o
_sfixed                                           src/ASF/sam/utils/cmsis/sam3x/source/templates/gcc/startup_sam3x.o
_srelocate                                        src/ASF/sam/utils/cmsis/sam3x/source/templates/gcc/startup_sam3x.o
_start                                            c:/program files (x86)/atmel/studio/7.0/toolchain/arm/arm-gnu-toolchain/bin/../lib/gcc/arm-none-eabi/6.3.1/../../../../arm-none-eabi/lib/thumb/v7-m/crt0.o
_szero                                            src/ASF/sam/utils/cmsis/sam3x/source/templates/gcc/startup_sam3x.o
atexit                                            c:/program files (x86)/atmel/studio/7.0/toolchain/arm/arm-gnu-toolchain/bin/../lib/gcc/arm-none-eabi/6.3.1/../../../../arm-none-eabi/lib/thumb/v7-m\libc.a(lib_a-atexit.o)
                                                  c:/program files (x86)/atmel/studio/7.0/toolchain/arm/arm-gnu-toolchain/bin/../lib/gcc/arm-none-eabi/6.3.1/../../../../arm-none-eabi/lib/thumb/v7-m\libc.a(lib_a-__call_atexit.o)
                                                  c:/program files (x86)/atmel/studio/7.0/toolchain/arm/arm-gnu-toolchain/bin/../lib/gcc/arm-none-eabi/6.3.1/../../../../arm-none-eabi/lib/thumb/v7-m/crt0.o
board_init                                        src/ASF/sam/boards/arduino_due_x/init.o
                                                  src/Source Files/main.o
cpu_irq_enter_critical                            src/ASF/common/utils/interrupt/interrupt_sam_nvic.o
cpu_irq_leave_critical                            src/ASF/common/utils/interrupt/interrupt_sam_nvic.o
delayedTasks                                      src/Source Files/taskman.o
errorMsg                                          src/Source Files/error.o
exception_table                                   src/ASF/sam/utils/cmsis/sam3x/source/templates/gcc/startup_sam3x.o
exit                                              c:/program files (x86)/atmel/studio/7.0/toolchain/arm/arm-gnu-toolchain/bin/../lib/gcc/arm-none-eabi/6.3.1/../../../../arm-none-eabi/lib/thumb/v7-m\libc.a(lib_a-exit.o)
                                                  c:/program files (x86)/atmel/studio/7.0/toolchain/arm/arm-gnu-toolchain/bin/../lib/gcc/arm-none-eabi/6.3.1/../../../../arm-none-eabi/lib/thumb/v7-m/crt0.o
free                                              c:/program files (x86)/atmel/studio/7.0/toolchain/arm/arm-gnu-toolchain/bin/../lib/gcc/arm-none-eabi/6.3.1/../../../../arm-none-eabi/lib/thumb/v7-m\libc.a(lib_a-__call_atexit.o)
g_interrupt_enabled                               src/ASF/common/utils/interrupt/interrupt_sam_nvic.o
                                                  src/ASF/sam/drivers/pmc/sleep.o
                                                  src/Source Files/main.o
hardware_init_hook                                c:/program files (x86)/atmel/studio/7.0/toolchain/arm/arm-gnu-toolchain/bin/../lib/gcc/arm-none-eabi/6.3.1/../../../../arm-none-eabi/lib/thumb/v7-m/crt0.o
link                                              src/ASF/sam/utils/syscalls/gcc/syscalls.o
main                                              src/Source Files/main.o
                                                  src/ASF/sam/utils/cmsis/sam3x/source/templates/gcc/startup_sam3x.o
                                                  c:/program files (x86)/atmel/studio/7.0/toolchain/arm/arm-gnu-toolchain/bin/../lib/gcc/arm-none-eabi/6.3.1/../../../../arm-none-eabi/lib/thumb/v7-m/crt0.o
malloc                                            c:/program files (x86)/atmel/studio/7.0/toolchain/arm/arm-gnu-toolchain/bin/../lib/gcc/arm-none-eabi/6.3.1/../../../../arm-none-eabi/lib/thumb/v7-m\libc.a(lib_a-__atexit.o)
memset                                            c:/program files (x86)/atmel/studio/7.0/toolchain/arm/arm-gnu-toolchain/bin/../lib/gcc/arm-none-eabi/6.3.1/../../../../arm-none-eabi/lib/thumb/v7-m\libc.a(lib_a-memset.o)
                                                  c:/program files (x86)/atmel/studio/7.0/toolchain/arm/arm-gnu-toolchain/bin/../lib/gcc/arm-none-eabi/6.3.1/../../../../arm-none-eabi/lib/thumb/v7-m/crt0.o
pErrorFunc                                        src/Source Files/error.o
                                                  src/Source Files/taskman.o
                                                  src/Source Files/main.o
pio_clear                                         src/ASF/sam/drivers/pio/pio.o
pio_configure                                     src/ASF/sam/drivers/pio/pio.o
pio_configure_interrupt                           src/ASF/sam/drivers/pio/pio.o
                                                  src/ASF/sam/drivers/pio/pio_handler.o
pio_configure_pin                                 src/ASF/sam/drivers/pio/pio.o
                                                  src/ASF/sam/boards/arduino_due_x/init.o
                                                  src/Source Files/main.o
pio_configure_pin_group                           src/ASF/sam/drivers/pio/pio.o
                                                  src/ASF/sam/boards/arduino_due_x/init.o
pio_disable_interrupt                             src/ASF/sam/drivers/pio/pio.o
                                                  src/ASF/sam/drivers/pio/pio_handler.o
pio_disable_output_write                          src/ASF/sam/drivers/pio/pio.o
pio_disable_pin_interrupt                         src/ASF/sam/drivers/pio/pio.o
pio_enable_interrupt                              src/ASF/sam/drivers/pio/pio.o
                                                  src/ASF/sam/drivers/pio/pio_handler.o
pio_enable_output_write                           src/ASF/sam/drivers/pio/pio.o
pio_enable_pin_interrupt                          src/ASF/sam/drivers/pio/pio.o
pio_get                                           src/ASF/sam/drivers/pio/pio.o
pio_get_interrupt_mask                            src/ASF/sam/drivers/pio/pio.o
                                                  src/ASF/sam/drivers/pio/pio_handler.o
pio_get_interrupt_status                          src/ASF/sam/drivers/pio/pio.o
                                                  src/ASF/sam/drivers/pio/pio_handler.o
pio_get_multi_driver_status                       src/ASF/sam/drivers/pio/pio.o
pio_get_output_data_status                        src/ASF/sam/drivers/pio/pio.o
pio_get_output_write_status                       src/ASF/sam/drivers/pio/pio.o
pio_get_pin_group                                 src/ASF/sam/drivers/pio/pio.o
                                                  src/ASF/sam/drivers/pio/pio_handler.o
pio_get_pin_group_id                              src/ASF/sam/drivers/pio/pio.o
                                                  src/ASF/sam/drivers/pio/pio_handler.o
pio_get_pin_group_mask                            src/ASF/sam/drivers/pio/pio.o
                                                  src/ASF/sam/drivers/pio/pio_handler.o
pio_get_pin_value                                 src/ASF/sam/drivers/pio/pio.o
pio_get_writeprotect_status                       src/ASF/sam/drivers/pio/pio.o
pio_handler_process                               src/ASF/sam/drivers/pio/pio_handler.o
pio_handler_set                                   src/ASF/sam/drivers/pio/pio_handler.o
pio_handler_set_pin                               src/ASF/sam/drivers/pio/pio_handler.o
pio_handler_set_priority                          src/ASF/sam/drivers/pio/pio_handler.o
pio_pull_up                                       src/ASF/sam/drivers/pio/pio.o
pio_set                                           src/ASF/sam/drivers/pio/pio.o
pio_set_additional_interrupt_mode                 src/ASF/sam/drivers/pio/pio.o
pio_set_debounce_filter                           src/ASF/sam/drivers/pio/pio.o
pio_set_input                                     src/ASF/sam/drivers/pio/pio.o
pio_set_multi_driver                              src/ASF/sam/drivers/pio/pio.o
pio_set_output                                    src/ASF/sam/drivers/pio/pio.o
pio_set_peripheral                                src/ASF/sam/drivers/pio/pio.o
pio_set_pin_group_high                            src/ASF/sam/drivers/pio/pio.o
pio_set_pin_group_low                             src/ASF/sam/drivers/pio/pio.o
pio_set_pin_high                                  src/ASF/sam/drivers/pio/pio.o
                                                  src/Source Files/main.o
                                                  src/Source Files/error.o
pio_set_pin_low                                   src/ASF/sam/drivers/pio/pio.o
                                                  src/Source Files/error.o
pio_set_writeprotect                              src/ASF/sam/drivers/pio/pio.o
pio_sync_output_write                             src/ASF/sam/drivers/pio/pio.o
pio_toggle_pin                                    src/ASF/sam/drivers/pio/pio.o
                                                  src/Source Files/main.o
pio_toggle_pin_group                              src/ASF/sam/drivers/pio/pio.o
pmc_clr_fast_startup_input                        src/ASF/sam/drivers/pmc/pmc.o
pmc_disable_all_pck                               src/ASF/sam/drivers/pmc/pmc.o
pmc_disable_all_periph_clk                        src/ASF/sam/drivers/pmc/pmc.o
pmc_disable_clock_failure_detector                src/ASF/sam/drivers/pmc/pmc.o
pmc_disable_interrupt                             src/ASF/sam/drivers/pmc/pmc.o
pmc_disable_pck                                   src/ASF/sam/drivers/pmc/pmc.o
pmc_disable_periph_clk                            src/ASF/sam/drivers/pmc/pmc.o
pmc_disable_pllack                                src/ASF/sam/drivers/pmc/pmc.o
                                                  src/ASF/sam/drivers/pmc/sleep.o
                                                  src/ASF/common/services/clock/sam3x/sysclk.o
pmc_disable_udpck                                 src/ASF/sam/drivers/pmc/pmc.o
                                                  src/ASF/common/services/clock/sam3x/sysclk.o
pmc_disable_upll_clock                            src/ASF/sam/drivers/pmc/pmc.o
                                                  src/ASF/sam/drivers/pmc/sleep.o
pmc_enable_all_pck                                src/ASF/sam/drivers/pmc/pmc.o
pmc_enable_all_periph_clk                         src/ASF/sam/drivers/pmc/pmc.o
pmc_enable_backupmode                             src/ASF/sam/drivers/pmc/pmc.o
pmc_enable_clock_failure_detector                 src/ASF/sam/drivers/pmc/pmc.o
pmc_enable_interrupt                              src/ASF/sam/drivers/pmc/pmc.o
pmc_enable_pck                                    src/ASF/sam/drivers/pmc/pmc.o
pmc_enable_periph_clk                             src/ASF/sam/drivers/pmc/pmc.o
                                                  src/ASF/sam/boards/arduino_due_x/init.o
                                                  src/Source Files/main.o
pmc_enable_pllack                                 src/ASF/sam/drivers/pmc/pmc.o
pmc_enable_sleepmode                              src/ASF/sam/drivers/pmc/pmc.o
pmc_enable_udpck                                  src/ASF/sam/drivers/pmc/pmc.o
                                                  src/ASF/common/services/clock/sam3x/sysclk.o
pmc_enable_upll_clock                             src/ASF/sam/drivers/pmc/pmc.o
                                                  src/ASF/common/services/clock/sam3x/sysclk.o
pmc_enable_waitmode                               src/ASF/sam/drivers/pmc/pmc.o
                                                  src/ASF/sam/drivers/pmc/sleep.o
pmc_get_interrupt_mask                            src/ASF/sam/drivers/pmc/pmc.o
pmc_get_status                                    src/ASF/sam/drivers/pmc/pmc.o
pmc_get_writeprotect_status                       src/ASF/sam/drivers/pmc/pmc.o
pmc_is_locked_pllack                              src/ASF/sam/drivers/pmc/pmc.o
                                                  src/ASF/common/services/clock/sam3x/sysclk.o
pmc_is_locked_upll                                src/ASF/sam/drivers/pmc/pmc.o
pmc_is_pck_enabled                                src/ASF/sam/drivers/pmc/pmc.o
pmc_is_periph_clk_enabled                         src/ASF/sam/drivers/pmc/pmc.o
pmc_is_wakeup_clocks_restored                     src/ASF/sam/drivers/pmc/sleep.o
pmc_mainck_osc_select                             src/ASF/sam/drivers/pmc/pmc.o
pmc_mck_set_prescaler                             src/ASF/sam/drivers/pmc/pmc.o
                                                  src/ASF/common/services/clock/sam3x/sysclk.o
pmc_mck_set_source                                src/ASF/sam/drivers/pmc/pmc.o
                                                  src/ASF/common/services/clock/sam3x/sysclk.o
pmc_osc_bypass_main_xtal                          src/ASF/sam/drivers/pmc/pmc.o
pmc_osc_disable_fastrc                            src/ASF/sam/drivers/pmc/pmc.o
pmc_osc_disable_main_xtal                         src/ASF/sam/drivers/pmc/pmc.o
pmc_osc_disable_xtal                              src/ASF/sam/drivers/pmc/pmc.o
pmc_osc_enable_fastrc                             src/ASF/sam/drivers/pmc/pmc.o
pmc_osc_enable_main_xtal                          src/ASF/sam/drivers/pmc/pmc.o
pmc_osc_is_bypassed_main_xtal                     src/ASF/sam/drivers/pmc/pmc.o
pmc_osc_is_ready_32kxtal                          src/ASF/sam/drivers/pmc/pmc.o
pmc_osc_is_ready_fastrc                           src/ASF/sam/drivers/pmc/pmc.o
pmc_osc_is_ready_main_xtal                        src/ASF/sam/drivers/pmc/pmc.o
pmc_osc_is_ready_mainck                           src/ASF/sam/drivers/pmc/pmc.o
                                                  src/ASF/common/services/clock/sam3x/sysclk.o
pmc_pck_set_prescaler                             src/ASF/sam/drivers/pmc/pmc.o
pmc_pck_set_source                                src/ASF/sam/drivers/pmc/pmc.o
pmc_set_fast_startup_input                        src/ASF/sam/drivers/pmc/pmc.o
pmc_set_writeprotect                              src/ASF/sam/drivers/pmc/pmc.o
pmc_sleep                                         src/ASF/sam/drivers/pmc/sleep.o
pmc_switch_mainck_to_fastrc                       src/ASF/sam/drivers/pmc/pmc.o
pmc_switch_mainck_to_xtal                         src/ASF/sam/drivers/pmc/pmc.o
                                                  src/ASF/common/services/clock/sam3x/sysclk.o
pmc_switch_mck_to_mainck                          src/ASF/sam/drivers/pmc/pmc.o
pmc_switch_mck_to_pllack                          src/ASF/sam/drivers/pmc/pmc.o
                                                  src/ASF/common/services/clock/sam3x/sysclk.o
pmc_switch_mck_to_sclk                            src/ASF/sam/drivers/pmc/pmc.o
pmc_switch_mck_to_upllck                          src/ASF/sam/drivers/pmc/pmc.o
pmc_switch_pck_to_mainck                          src/ASF/sam/drivers/pmc/pmc.o
pmc_switch_pck_to_mck                             src/ASF/sam/drivers/pmc/pmc.o
pmc_switch_pck_to_pllack                          src/ASF/sam/drivers/pmc/pmc.o
pmc_switch_pck_to_sclk                            src/ASF/sam/drivers/pmc/pmc.o
pmc_switch_pck_to_upllck                          src/ASF/sam/drivers/pmc/pmc.o
pmc_switch_sclk_to_32kxtal                        src/ASF/sam/drivers/pmc/pmc.o
pmc_switch_udpck_to_pllack                        src/ASF/sam/drivers/pmc/pmc.o
pmc_switch_udpck_to_upllck                        src/ASF/sam/drivers/pmc/pmc.o
                                                  src/ASF/common/services/clock/sam3x/sysclk.o
pmc_wait_wakeup_clocks_restore                    src/ASF/sam/drivers/pmc/sleep.o
portable_delay_cycles                             src/ASF/common/services/delay/sam/cycle_counter.o
                                                  src/Source Files/main.o
                                                  src/Source Files/error.o
s                                                 src/Source Files/main.o
separators                                        src/Source Files/config_uart.o
shellcom                                          src/Source Files/config_uart.o
shellcomEscSeqBuf                                 src/Source Files/config_uart.o
shellcomRxBuf                                     src/Source Files/config_uart.o
shellcomTxBuf                                     src/Source Files/config_uart.o
software_init_hook                                c:/program files (x86)/atmel/studio/7.0/toolchain/arm/arm-gnu-toolchain/bin/../lib/gcc/arm-none-eabi/6.3.1/../../../../arm-none-eabi/lib/thumb/v7-m/crt0.o
sysclk_disable_usb                                src/ASF/common/services/clock/sam3x/sysclk.o
sysclk_enable_usb                                 src/ASF/common/services/clock/sam3x/sysclk.o
sysclk_init                                       src/ASF/common/services/clock/sam3x/sysclk.o
                                                  src/Source Files/main.o
sysclk_set_prescalers                             src/ASF/common/services/clock/sam3x/sysclk.o
sysclk_set_source                                 src/ASF/common/services/clock/sam3x/sysclk.o
system_init_flash                                 src/ASF/sam/utils/cmsis/sam3x/source/templates/system_sam3x.o
                                                  src/ASF/common/services/clock/sam3x/sysclk.o
taskman                                           src/Source Files/taskman.o
tasks                                             src/Source Files/taskman.o
usart_console_settings                            src/Source Files/main.o
usart_disable_interrupt                           src/ASF/sam/drivers/usart/usart.o
usart_disable_rx                                  src/ASF/sam/drivers/usart/usart.o
usart_disable_tx                                  src/ASF/sam/drivers/usart/usart.o
usart_disable_writeprotect                        src/ASF/sam/drivers/usart/usart.o
usart_drive_RTS_pin_high                          src/ASF/sam/drivers/usart/usart.o
usart_drive_RTS_pin_low                           src/ASF/sam/drivers/usart/usart.o
usart_enable_interrupt                            src/ASF/sam/drivers/usart/usart.o
usart_enable_rx                                   src/ASF/sam/drivers/usart/usart.o
                                                  src/Source Files/config_uart.o
usart_enable_tx                                   src/ASF/sam/drivers/usart/usart.o
                                                  src/Source Files/config_uart.o
usart_enable_writeprotect                         src/ASF/sam/drivers/usart/usart.o
usart_get_error_number                            src/ASF/sam/drivers/usart/usart.o
usart_get_interrupt_mask                          src/ASF/sam/drivers/usart/usart.o
usart_get_pdc_base                                src/ASF/sam/drivers/usart/usart.o
usart_get_rx_access                               src/ASF/sam/drivers/usart/usart.o
usart_get_status                                  src/ASF/sam/drivers/usart/usart.o
usart_get_tx_access                               src/ASF/sam/drivers/usart/usart.o
usart_get_writeprotect_status                     src/ASF/sam/drivers/usart/usart.o
usart_getchar                                     src/ASF/sam/drivers/usart/usart.o
usart_init_hw_handshaking                         src/ASF/sam/drivers/usart/usart.o
usart_init_irda                                   src/ASF/sam/drivers/usart/usart.o
usart_init_iso7816                                src/ASF/sam/drivers/usart/usart.o
usart_init_lin_master                             src/ASF/sam/drivers/usart/usart.o
usart_init_lin_slave                              src/ASF/sam/drivers/usart/usart.o
usart_init_rs232                                  src/ASF/sam/drivers/usart/usart.o
                                                  src/Source Files/main.o
usart_init_rs485                                  src/ASF/sam/drivers/usart/usart.o
usart_init_spi_master                             src/ASF/sam/drivers/usart/usart.o
usart_init_spi_slave                              src/ASF/sam/drivers/usart/usart.o
usart_init_sync_master                            src/ASF/sam/drivers/usart/usart.o
usart_init_sync_slave                             src/ASF/sam/drivers/usart/usart.o
usart_is_rx_buf_end                               src/ASF/sam/drivers/usart/usart.o
usart_is_rx_buf_full                              src/ASF/sam/drivers/usart/usart.o
usart_is_rx_ready                                 src/ASF/sam/drivers/usart/usart.o
usart_is_tx_buf_empty                             src/ASF/sam/drivers/usart/usart.o
usart_is_tx_buf_end                               src/ASF/sam/drivers/usart/usart.o
usart_is_tx_empty                                 src/ASF/sam/drivers/usart/usart.o
usart_is_tx_ready                                 src/ASF/sam/drivers/usart/usart.o
usart_lin_abort_tx                                src/ASF/sam/drivers/usart/usart.o
usart_lin_disable_checksum                        src/ASF/sam/drivers/usart/usart.o
usart_lin_disable_frame_slot                      src/ASF/sam/drivers/usart/usart.o
usart_lin_disable_parity                          src/ASF/sam/drivers/usart/usart.o
usart_lin_disable_pdc_mode                        src/ASF/sam/drivers/usart/usart.o
usart_lin_enable_checksum                         src/ASF/sam/drivers/usart/usart.o
usart_lin_enable_frame_slot                       src/ASF/sam/drivers/usart/usart.o
usart_lin_enable_parity                           src/ASF/sam/drivers/usart/usart.o
usart_lin_enable_pdc_mode                         src/ASF/sam/drivers/usart/usart.o
usart_lin_get_data_length                         src/ASF/sam/drivers/usart/usart.o
usart_lin_read_identifier                         src/ASF/sam/drivers/usart/usart.o
usart_lin_send_wakeup_signal                      src/ASF/sam/drivers/usart/usart.o
usart_lin_set_checksum_type                       src/ASF/sam/drivers/usart/usart.o
usart_lin_set_data_len_mode                       src/ASF/sam/drivers/usart/usart.o
usart_lin_set_node_action                         src/ASF/sam/drivers/usart/usart.o
usart_lin_set_response_data_len                   src/ASF/sam/drivers/usart/usart.o
usart_lin_set_tx_identifier                       src/ASF/sam/drivers/usart/usart.o
usart_lin_set_wakeup_signal_type                  src/ASF/sam/drivers/usart/usart.o
usart_man_disable_drift_compensation              src/ASF/sam/drivers/usart/usart.o
usart_man_enable_drift_compensation               src/ASF/sam/drivers/usart/usart.o
usart_man_set_rx_polarity                         src/ASF/sam/drivers/usart/usart.o
usart_man_set_rx_pre_len                          src/ASF/sam/drivers/usart/usart.o
usart_man_set_rx_pre_pattern                      src/ASF/sam/drivers/usart/usart.o
usart_man_set_tx_polarity                         src/ASF/sam/drivers/usart/usart.o
usart_man_set_tx_pre_len                          src/ASF/sam/drivers/usart/usart.o
usart_man_set_tx_pre_pattern                      src/ASF/sam/drivers/usart/usart.o
usart_putchar                                     src/ASF/sam/drivers/usart/usart.o
                                                  src/Source Files/main.o
usart_read                                        src/ASF/sam/drivers/usart/usart.o
usart_reset                                       src/ASF/sam/drivers/usart/usart.o
usart_reset_iterations                            src/ASF/sam/drivers/usart/usart.o
usart_reset_nack                                  src/ASF/sam/drivers/usart/usart.o
usart_reset_rx                                    src/ASF/sam/drivers/usart/usart.o
usart_reset_status                                src/ASF/sam/drivers/usart/usart.o
usart_reset_tx                                    src/ASF/sam/drivers/usart/usart.o