Archive member included to satisfy reference by file (symbol)

c:/program files (x86)/atmel/studio/7.0/toolchain/arm/arm-gnu-toolchain/bin/../lib/gcc/arm-none-eabi/6.3.1/../../../../arm-none-eabi/lib/thumb/v7-m\libc.a(lib_a-atoi.o)
                              src/Kernel/shellcmd.o (atoi)
c:/program files (x86)/atmel/studio/7.0/toolchain/arm/arm-gnu-toolchain/bin/../lib/gcc/arm-none-eabi/6.3.1/../../../../arm-none-eabi/lib/thumb/v7-m\libc.a(lib_a-exit.o)
                              c:/program files (x86)/atmel/studio/7.0/toolchain/arm/arm-gnu-toolchain/bin/../lib/gcc/arm-none-eabi/6.3.1/../../../../arm-none-eabi/lib/thumb/v7-m/crt0.o (exit)
c:/program files (x86)/atmel/studio/7.0/toolchain/arm/arm-gnu-toolchain/bin/../lib/gcc/arm-none-eabi/6.3.1/../../../../arm-none-eabi/lib/thumb/v7-m\libc.a(lib_a-impure.o)
                              c:/program files (x86)/atmel/studio/7.0/toolchain/arm/arm-gnu-toolchain/bin/../lib/gcc/arm-none-eabi/6.3.1/../../../../arm-none-eabi/lib/thumb/v7-m\libc.a(lib_a-exit.o) (_global_impure_ptr)
c:/program files (x86)/atmel/studio/7.0/toolchain/arm/arm-gnu-toolchain/bin/../lib/gcc/arm-none-eabi/6.3.1/../../../../arm-none-eabi/lib/thumb/v7-m\libc.a(lib_a-init.o)
                              c:/program files (x86)/atmel/studio/7.0/toolchain/arm/arm-gnu-toolchain/bin/../lib/gcc/arm-none-eabi/6.3.1/../../../../arm-none-eabi/lib/thumb/v7-m/crt0.o (__libc_init_array)
c:/program files (x86)/atmel/studio/7.0/toolchain/arm/arm-gnu-toolchain/bin/../lib/gcc/arm-none-eabi/6.3.1/../../../../arm-none-eabi/lib/thumb/v7-m\libc.a(lib_a-memset.o)
                              c:/program files (x86)/atmel/studio/7.0/toolchain/arm/arm-gnu-toolchain/bin/../lib/gcc/arm-none-eabi/6.3.1/../../../../arm-none-eabi/lib/thumb/v7-m/crt0.o (memset)
c:/program files (x86)/atmel/studio/7.0/toolchain/arm/arm-gnu-toolchain/bin/../lib/gcc/arm-none-eabi/6.3.1/../../../../arm-none-eabi/lib/thumb/v7-m\libc.a(lib_a-sprintf.o)
                              src/Sources files/menu.o (sprintf)
c:/program files (x86)/atmel/studio/7.0/toolchain/arm/arm-gnu-toolchain/bin/../lib/gcc/arm-none-eabi/6.3.1/../../../../arm-none-eabi/lib/thumb/v7-m\libc.a(lib_a-strlen-stub.o)
                              src/Kernel/shell.o (strlen)
c:/program files (x86)/atmel/studio/7.0/toolchain/arm/arm-gnu-toolchain/bin/../lib/gcc/arm-none-eabi/6.3.1/../../../../arm-none-eabi/lib/thumb/v7-m\libc.a(lib_a-strtok.o)
                              src/Kernel/shell.o (strtok)
c:/program files (x86)/atmel/studio/7.0/toolchain/arm/arm-gnu-toolchain/bin/../lib/gcc/arm-none-eabi/6.3.1/../../../../arm-none-eabi/lib/thumb/v7-m\libc.a(lib_a-strtok_r.o)
                              c:/program files (x86)/atmel/studio/7.0/toolchain/arm/arm-gnu-toolchain/bin/../lib/gcc/arm-none-eabi/6.3.1/../../../../arm-none-eabi/lib/thumb/v7-m\libc.a(lib_a-strtok.o) (__strtok_r)
c:/program files (x86)/atmel/studio/7.0/toolchain/arm/arm-gnu-toolchain/bin/../lib/gcc/arm-none-eabi/6.3.1/../../../../arm-none-eabi/lib/thumb/v7-m\libc.a(lib_a-strtol.o)
                              c:/program files (x86)/atmel/studio/7.0/toolchain/arm/arm-gnu-toolchain/bin/../lib/gcc/arm-none-eabi/6.3.1/../../../../arm-none-eabi/lib/thumb/v7-m\libc.a(lib_a-atoi.o) (_strtol_r)
c:/program files (x86)/atmel/studio/7.0/toolchain/arm/arm-gnu-toolchain/bin/../lib/gcc/arm-none-eabi/6.3.1/../../../../arm-none-eabi/lib/thumb/v7-m\libc.a(lib_a-svfprintf.o)
                              c:/program files (x86)/atmel/studio/7.0/toolchain/arm/arm-gnu-toolchain/bin/../lib/gcc/arm-none-eabi/6.3.1/../../../../arm-none-eabi/lib/thumb/v7-m\libc.a(lib_a-sprintf.o) (_svfprintf_r)
c:/program files (x86)/atmel/studio/7.0/toolchain/arm/arm-gnu-toolchain/bin/../lib/gcc/arm-none-eabi/6.3.1/../../../../arm-none-eabi/lib/thumb/v7-m\libc.a(lib_a-__call_atexit.o)
                              c:/program files (x86)/atmel/studio/7.0/toolchain/arm/arm-gnu-toolchain/bin/../lib/gcc/arm-none-eabi/6.3.1/../../../../arm-none-eabi/lib/thumb/v7-m\libc.a(lib_a-exit.o) (__call_exitprocs)
c:/program files (x86)/atmel/studio/7.0/toolchain/arm/arm-gnu-toolchain/bin/../lib/gcc/arm-none-eabi/6.3.1/../../../../arm-none-eabi/lib/thumb/v7-m\libc.a(lib_a-atexit.o)
                              c:/program files (x86)/atmel/studio/7.0/toolchain/arm/arm-gnu-toolchain/bin/../lib/gcc/arm-none-eabi/6.3.1/../../../../arm-none-eabi/lib/thumb/v7-m\libc.a(lib_a-__call_atexit.o) (atexit)
c:/program files (x86)/atmel/studio/7.0/toolchain/arm/arm-gnu-toolchain/bin/../lib/gcc/arm-none-eabi/6.3.1/../../../../arm-none-eabi/lib/thumb/v7-m\libc.a(lib_a-dtoa.o)
                              c:/program files (x86)/atmel/studio/7.0/toolchain/arm/arm-gnu-toolchain/bin/../lib/gcc/arm-none-eabi/6.3.1/../../../../arm-none-eabi/lib/thumb/v7-m\libc.a(lib_a-svfprintf.o) (_dtoa_r)
c:/program files (x86)/atmel/studio/7.0/toolchain/arm/arm-gnu-toolchain/bin/../lib/gcc/arm-none-eabi/6.3.1/../../../../arm-none-eabi/lib/thumb/v7-m\libc.a(lib_a-fini.o)
[...]
Memory Configuration

Name             Origin             Length             Attributes
rom              0x00080000         0x00080000         xr
sram0            0x20000000         0x00010000         xrw
sram1            0x20080000         0x00008000         xrw
ram              0x20070000         0x00018000         xrw
*default*        0x00000000         0xffffffff

Linker script and memory map

LOAD c:/program files (x86)/atmel/studio/7.0/toolchain/arm/arm-gnu-toolchain/bin/../lib/gcc/arm-none-eabi/6.3.1/thumb/v7-m/crti.o
LOAD c:/program files (x86)/atmel/studio/7.0/toolchain/arm/arm-gnu-toolchain/bin/../lib/gcc/arm-none-eabi/6.3.1/thumb/v7-m/crtbegin.o
LOAD c:/program files (x86)/atmel/studio/7.0/toolchain/arm/arm-gnu-toolchain/bin/../lib/gcc/arm-none-eabi/6.3.1/../../../../arm-none-eabi/lib/thumb/v7-m/crt0.o
LOAD src/ASF/sam/drivers/rtc/rtc.o
LOAD src/Kernel/LCD.o
LOAD src/Sources files/menu.o
LOAD src/Sources files/sas.o
LOAD src/ASF/sam/drivers/tc/tc.o
LOAD src/ASF/sam/drivers/usart/usart.o
LOAD src/Kernel/CRC16MODBUS.o
LOAD src/Kernel/error.o
LOAD src/Kernel/shell.o
LOAD src/Kernel/shellcmd.o
LOAD src/Kernel/shellcom.o
LOAD src/Kernel/taskman.o
LOAD src/Sources files/appli.o
LOAD src/Sources files/main.o
LOAD src/ASF/common/services/delay/sam/cycle_counter.o
LOAD src/ASF/common/services/clock/sam3x/sysclk.o
LOAD src/ASF/common/utils/interrupt/interrupt_sam_nvic.o
LOAD src/ASF/sam/boards/arduino_due_x/init.o
LOAD src/ASF/sam/drivers/pio/pio.o
LOAD src/ASF/sam/drivers/pio/pio_handler.o
LOAD src/ASF/sam/drivers/pmc/pmc.o
LOAD src/ASF/sam/drivers/pmc/sleep.o
LOAD src/ASF/sam/utils/cmsis/sam3x/source/templates/exceptions.o
LOAD src/ASF/sam/utils/cmsis/sam3x/source/templates/gcc/startup_sam3x.o
LOAD src/ASF/sam/utils/cmsis/sam3x/source/templates/system_sam3x.o
LOAD src/ASF/sam/utils/syscalls/gcc/syscalls.o
START GROUP
LOAD ../src/ASF/thirdparty/CMSIS/Lib/GCC\libarm_cortexM3l_math.a
LOAD c:/program files (x86)/atmel/studio/7.0/toolchain/arm/arm-gnu-toolchain/bin/../lib/gcc/arm-none-eabi/6.3.1/../../../../arm-none-eabi/lib/thumb/v7-m\libm.a
END GROUP
START GROUP
LOAD c:/program files (x86)/atmel/studio/7.0/toolchain/arm/arm-gnu-toolchain/bin/../lib/gcc/arm-none-eabi/6.3.1/thumb/v7-m\libgcc.a
LOAD c:/program files (x86)/atmel/studio/7.0/toolchain/arm/arm-gnu-toolchain/bin/../lib/gcc/arm-none-eabi/6.3.1/../../../../arm-none-eabi/lib/thumb/v7-m\libc.a
END GROUP
LOAD c:/program files (x86)/atmel/studio/7.0/toolchain/arm/arm-gnu-toolchain/bin/../lib/gcc/arm-none-eabi/6.3.1/thumb/v7-m/crtend.o
LOAD c:/program files (x86)/atmel/studio/7.0/toolchain/arm/arm-gnu-toolchain/bin/../lib/gcc/arm-none-eabi/6.3.1/thumb/v7-m/crtn.o
                0x00002000                __stack_size__ = DEFINED (__stack_size__)?__stack_size__:0x2000
                0x20087ffc                __ram_end__ = ((ORIGIN (ram) + LENGTH (ram)) - 0x4)

.text           0x00080000     0x6e5c
                0x00080000                . = ALIGN (0x4)
                0x00080000                _sfixed = .
 *(.vectors .vectors.*)
 .vectors       0x00080000       0xf4 src/ASF/sam/utils/cmsis/sam3x/source/templates/gcc/startup_sam3x.o
                0x00080000                exception_table
 *(.text .text.* .gnu.linkonce.t.*)
 .text          0x000800f4       0x6c c:/program files (x86)/atmel/studio/7.0/toolchain/arm/arm-gnu-toolchain/bin/../lib/gcc/arm-none-eabi/6.3.1/thumb/v7-m/crtbegin.o
 .text.rtc_set_hour_mode
                0x00080160       0x16 src/ASF/sam/drivers/rtc/rtc.o
                0x00080160                rtc_set_hour_mode
 .text.rtc_enable_interrupt
                0x00080176        0x4 src/ASF/sam/drivers/rtc/rtc.o
                0x00080176                rtc_enable_interrupt
 .text.rtc_get_time
                0x0008017a       0x5a src/ASF/sam/drivers/rtc/rtc.o
                0x0008017a                rtc_get_time
 .text.rtc_set_time
                0x000801d4       0x94 src/ASF/sam/drivers/rtc/rtc.o
                0x000801d4                rtc_set_time
 .text.rtc_get_date
                0x00080268       0x72 src/ASF/sam/drivers/rtc/rtc.o
                0x00080268                rtc_get_date
 *fill*         0x000802da        0x2 
 .text.rtc_set_date
                0x000802dc       0xb8 src/ASF/sam/drivers/rtc/rtc.o
                0x000802dc                rtc_set_date
 .text.Lcd      0x00080394      0x240 src/Kernel/LCD.o
                0x00080394                Lcd
 .text.Menu     0x000805d4      0x1c4 src/Sources files/menu.o
                0x000805d4                Menu
 .text.ButtonSwitch_ISR_Handler
                0x00080798       0x20 src/Sources files/menu.o
                0x00080798                ButtonSwitch_ISR_Handler
 .text.ButtonSelect_ISR_Handler
                0x000807b8       0x20 src/Sources files/menu.o
                0x000807b8                ButtonSelect_ISR_Handler
 .text.tc_init  0x000807d8       0x18 src/ASF/sam/drivers/tc/tc.o
                0x000807d8                tc_init
 .text.tc_start
                0x000807f0        0x8 src/ASF/sam/drivers/tc/tc.o
                0x000807f0                tc_start
 .text.tc_write_ra
                0x000807f8        0x8 src/ASF/sam/drivers/tc/tc.o
                0x000807f8                tc_write_ra
 .text.tc_write_rc
                0x00080800        0x8 src/ASF/sam/drivers/tc/tc.o
                0x00080800                tc_write_rc
 .text.tc_enable_interrupt
                0x00080808        0x8 src/ASF/sam/drivers/tc/tc.o
                0x00080808                tc_enable_interrupt
 .text.tc_get_status
                0x00080810        0x8 src/ASF/sam/drivers/tc/tc.o
                0x00080810                tc_get_status
 .text.usart_set_async_baudrate
                0x00080818       0x58 src/ASF/sam/drivers/usart/usart.o
                0x00080818                usart_set_async_baudrate
 .text.usart_reset
                0x00080870       0x28 src/ASF/sam/drivers/usart/usart.o
                0x00080870                usart_reset
 .text.usart_init_rs232
                0x00080898       0x54 src/ASF/sam/drivers/usart/usart.o
                0x00080898                usart_init_rs232
 .text.usart_enable_tx
                0x000808ec        0x6 src/ASF/sam/drivers/usart/usart.o
                0x000808ec                usart_enable_tx
 .text.usart_enable_rx
                0x000808f2        0x6 src/ASF/sam/drivers/usart/usart.o
                0x000808f2                usart_enable_rx
 .text.usart_enable_interrupt
                0x000808f8        0x4 src/ASF/sam/drivers/usart/usart.o
                0x000808f8                usart_enable_interrupt
 .text.usart_disable_interrupt
                0x000808fc        0x4 src/ASF/sam/drivers/usart/usart.o
                0x000808fc                usart_disable_interrupt
 .text.usart_get_status
                0x00080900        0x4 src/ASF/sam/drivers/usart/usart.o
                0x00080900                usart_get_status
 .text.CRC16MODBUSFRAME
                0x00080904       0x34 src/Kernel/CRC16MODBUS.o
                0x00080904                CRC16MODBUSFRAME
 .text.ErrorLed
                0x00080938       0xb0 src/Kernel/error.o
                0x00080938                ErrorLed
 .text.RTC_Handler
                0x000809e8       0x20 src/Kernel/shell.o
                0x000809e8                RTC_Handler
 .text.__RTCdayByDate
                0x00080a08       0xa4 src/Kernel/shell.o
                0x00080a08                __RTCdayByDate
 .text.Shell    0x00080aac      0x460 src/Kernel/shell.o
                0x00080aac                Shell
 .text._cmd_set
                0x00080f0c      0x150 src/Kernel/shellcmd.o
                0x00080f0c                _cmd_set
 .text._cmd_show
                0x0008105c       0x84 src/Kernel/shellcmd.o
                0x0008105c                _cmd_show
 .text._cmd_menu
                0x000810e0       0x64 src/Kernel/shellcmd.o
                0x000810e0                _cmd_menu
 .text.Shellcom
                0x00081144      0x198 src/Kernel/shellcom.o
                0x00081144                Shellcom
 .text.USART0_Handler
                0x000812dc       0x80 src/Kernel/shellcom.o
                0x000812dc                USART0_Handler
 .text.Taskman  0x0008135c      0x1fc src/Kernel/taskman.o
                0x0008135c                Taskman
 .text.TC0_Handler
                0x00081558       0x20 src/Kernel/taskman.o
                0x00081558                TC0_Handler
 .text.Appli    0x00081578       0xa8 src/Sources files/appli.o
                0x00081578                Appli
 .text.main     0x00081620       0x74 src/Sources files/main.o
                0x00081620                main
 .text.sysclk_init
                0x00081694       0x64 src/ASF/common/services/clock/sam3x/sysclk.o
                0x00081694                sysclk_init
 .text.cpu_irq_enter_critical
                0x000816f8       0x3c src/ASF/common/utils/interrupt/interrupt_sam_nvic.o
                0x000816f8                cpu_irq_enter_critical
 .text.cpu_irq_leave_critical
                0x00081734       0x2c src/ASF/common/utils/interrupt/interrupt_sam_nvic.o
                0x00081734                cpu_irq_leave_critical
 .text.board_init
                0x00081760       0x80 src/ASF/sam/boards/arduino_due_x/init.o
                0x00081760                board_init
 .text.pio_set_peripheral
                0x000817e0       0x3e src/ASF/sam/drivers/pio/pio.o
                0x000817e0                pio_set_peripheral
 .text.pio_set_input
                0x0008181e       0x32 src/ASF/sam/drivers/pio/pio.o
                0x0008181e                pio_set_input
 .text.pio_set_output
                0x00081850       0x26 src/ASF/sam/drivers/pio/pio.o
                0x00081850                pio_set_output
 .text.pio_configure_interrupt
                0x00081876       0x2e src/ASF/sam/drivers/pio/pio.o
                0x00081876                pio_configure_interrupt
 .text.pio_enable_interrupt
                0x000818a4        0x4 src/ASF/sam/drivers/pio/pio.o
                0x000818a4                pio_enable_interrupt
 .text.pio_get_interrupt_status
                0x000818a8        0x4 src/ASF/sam/drivers/pio/pio.o
                0x000818a8                pio_get_interrupt_status
 .text.pio_get_interrupt_mask
                0x000818ac        0x4 src/ASF/sam/drivers/pio/pio.o
                0x000818ac                pio_get_interrupt_mask
 .text.pio_set_pin_high
                0x000818b0       0x1a src/ASF/sam/drivers/pio/pio.o
                0x000818b0                pio_set_pin_high
 .text.pio_set_pin_low
                0x000818ca       0x1a src/ASF/sam/drivers/pio/pio.o
                0x000818ca                pio_set_pin_low
 .text.pio_toggle_pin
                0x000818e4       0x20 src/ASF/sam/drivers/pio/pio.o
                0x000818e4                pio_toggle_pin
 .text.pio_configure_pin
                0x00081904       0xd0 src/ASF/sam/drivers/pio/pio.o
                0x00081904                pio_configure_pin
 .text.pio_configure_pin_group
                0x000819d4       0x9c src/ASF/sam/drivers/pio/pio.o
                0x000819d4                pio_configure_pin_group
 .text.pio_handler_process
                0x00081a70       0x50 src/ASF/sam/drivers/pio/pio_handler.o
                0x00081a70                pio_handler_process
 .text.pio_handler_set
                0x00081ac0       0x70 src/ASF/sam/drivers/pio/pio_handler.o
                0x00081ac0                pio_handler_set
 .text.PIOA_Handler
                0x00081b30       0x14 src/ASF/sam/drivers/pio/pio_handler.o
                0x00081b30                PIOA_Handler
 .text.PIOB_Handler
                0x00081b44       0x14 src/ASF/sam/drivers/pio/pio_handler.o
                0x00081b44                PIOB_Handler
 .text.PIOC_Handler
                0x00081b58       0x14 src/ASF/sam/drivers/pio/pio_handler.o
                0x00081b58                PIOC_Handler
 .text.PIOD_Handler
                0x00081b6c       0x14 src/ASF/sam/drivers/pio/pio_handler.o
                0x00081b6c                PIOD_Handler
 .text.pmc_switch_mck_to_pllack
                0x00081b80       0x64 src/ASF/sam/drivers/pmc/pmc.o
                0x00081b80                pmc_switch_mck_to_pllack
 .text.pmc_switch_mainck_to_xtal
                0x00081be4       0x54 src/ASF/sam/drivers/pmc/pmc.o
                0x00081be4                pmc_switch_mainck_to_xtal
 .text.pmc_osc_is_ready_mainck
                0x00081c38       0x10 src/ASF/sam/drivers/pmc/pmc.o
                0x00081c38                pmc_osc_is_ready_mainck
 .text.pmc_disable_pllack
                0x00081c48       0x10 src/ASF/sam/drivers/pmc/pmc.o
                0x00081c48                pmc_disable_pllack
 .text.pmc_is_locked_pllack
                0x00081c58       0x10 src/ASF/sam/drivers/pmc/pmc.o
                0x00081c58                pmc_is_locked_pllack
 .text.pmc_enable_periph_clk
                0x00081c68       0x54 src/ASF/sam/drivers/pmc/pmc.o
                0x00081c68                pmc_enable_periph_clk
 .text.Dummy_Handler
                0x00081cbc        0x2 src/ASF/sam/utils/cmsis/sam3x/source/templates/exceptions.o
                0x00081cbc                DACC_Handler
                0x00081cbc                DebugMon_Handler
                0x00081cbc                DMAC_Handler
                0x00081cbc                TRNG_Handler
                0x00081cbc                HardFault_Handler
                0x00081cbc                TC2_Handler
                0x00081cbc                SysTick_Handler
                0x00081cbc                USART3_Handler
                0x00081cbc                TWI1_Handler
                0x00081cbc                PendSV_Handler
                0x00081cbc                NMI_Handler
                0x00081cbc                TC7_Handler
                0x00081cbc                ADC_Handler
                0x00081cbc                SMC_Handler
                0x00081cbc                RTT_Handler
                0x00081cbc                EFC1_Handler
                0x00081cbc                UsageFault_Handler
                0x00081cbc                TC6_Handler
                0x00081cbc                WDT_Handler
                0x00081cbc                CAN0_Handler
                0x00081cbc                TC4_Handler
                0x00081cbc                TC1_Handler
                0x00081cbc                HSMCI_Handler
                0x00081cbc                TC3_Handler
                0x00081cbc                Dummy_Handler
                0x00081cbc                TWI0_Handler
                0x00081cbc                USART1_Handler
                0x00081cbc                SSC_Handler
                0x00081cbc                EFC0_Handler
                0x00081cbc                PMC_Handler
                0x00081cbc                PWM_Handler
                0x00081cbc                CAN1_Handler
                0x00081cbc                MemManage_Handler
                0x00081cbc                SUPC_Handler
                0x00081cbc                SVC_Handler
                0x00081cbc                TC8_Handler
                0x00081cbc                USART2_Handler
                0x00081cbc                EMAC_Handler
                0x00081cbc                UART_Handler
                0x00081cbc                BusFault_Handler
                0x00081cbc                RSTC_Handler
                0x00081cbc                TC5_Handler
                0x00081cbc                UOTGHS_Handler
                0x00081cbc                SPI0_Handler
 *fill*         0x00081cbe        0x2 
 .text.Reset_Handler
                0x00081cc0       0x98 src/ASF/sam/utils/cmsis/sam3x/source/templates/gcc/startup_sam3x.o
                0x00081cc0                Reset_Handler
 .text.SystemCoreClockUpdate
                0x00081d58      0x118 src/ASF/sam/utils/cmsis/sam3x/source/templates/system_sam3x.o
                0x00081d58                SystemCoreClockUpdate
 .text._sbrk    0x00081e70       0x38 src/ASF/sam/utils/syscalls/gcc/syscalls.o
                0x00081e70                _sbrk
 .text.atoi     0x00081ea8        0x8 c:/program files (x86)/atmel/studio/7.0/toolchain/arm/arm-gnu-toolchain/bin/../lib/gcc/arm-none-eabi/6.3.1/../../../../arm-none-eabi/lib/thumb/v7-m\libc.a(lib_a-atoi.o)
                0x00081ea8                atoi
 .text.__libc_init_array
                0x00081eb0       0x50 c:/program files (x86)/atmel/studio/7.0/toolchain/arm/arm-gnu-toolchain/bin/../lib/gcc/arm-none-eabi/6.3.1/../../../../arm-none-eabi/lib/thumb/v7-m\libc.a(lib_a-init.o)
                0x00081eb0                __libc_init_array
 .text.memset   0x00081f00       0x9c c:/program files (x86)/atmel/studio/7.0/toolchain/arm/arm-gnu-toolchain/bin/../lib/gcc/arm-none-eabi/6.3.1/../../../../arm-none-eabi/lib/thumb/v7-m\libc.a(lib_a-memset.o)
                0x00081f00                memset
 .text.sprintf  0x00081f9c       0x4c c:/program files (x86)/atmel/studio/7.0/toolchain/arm/arm-gnu-toolchain/bin/../lib/gcc/arm-none-eabi/6.3.1/../../../../arm-none-eabi/lib/thumb/v7-m\libc.a(lib_a-sprintf.o)
                0x00081f9c                sprintf
 .text.strlen   0x00081fe8       0x5c c:/program files (x86)/atmel/studio/7.0/toolchain/arm/arm-gnu-toolchain/bin/../lib/gcc/arm-none-eabi/6.3.1/../../../../arm-none-eabi/lib/thumb/v7-m\libc.a(lib_a-strlen-stub.o)
                0x00081fe8                strlen
 .text.strtok   0x00082044       0x10 c:/program files (x86)/atmel/studio/7.0/toolchain/arm/arm-gnu-toolchain/bin/../lib/gcc/arm-none-eabi/6.3.1/../../../../arm-none-eabi/lib/thumb/v7-m\libc.a(lib_a-strtok.o)
                0x00082044                strtok
 .text.__strtok_r
                0x00082054       0x64 c:/program files (x86)/atmel/studio/7.0/toolchain/arm/arm-gnu-toolchain/bin/../lib/gcc/arm-none-eabi/6.3.1/../../../../arm-none-eabi/lib/thumb/v7-m\libc.a(lib_a-strtok_r.o)
                0x00082054                __strtok_r
 .text._strtol_l.isra.0
                0x000820b8      0x128 c:/program files (x86)/atmel/studio/7.0/toolchain/arm/arm-gnu-toolchain/bin/../lib/gcc/arm-none-eabi/6.3.1/../../../../arm-none-eabi/lib/thumb/v7-m\libc.a(lib_a-strtol.o)
 .text.strtol   0x000821e0       0x2c c:/program files (x86)/atmel/studio/7.0/toolchain/arm/arm-gnu-toolchain/bin/../lib/gcc/arm-none-eabi/6.3.1/../../../../arm-none-eabi/lib/thumb/v7-m\libc.a(lib_a-strtol.o)
                0x000821e0                strtol
 .text._svfprintf_r
                0x0008220c     0x1500 c:/program files (x86)/atmel/studio/7.0/toolchain/arm/arm-gnu-toolchain/bin/../lib/gcc/arm-none-eabi/6.3.1/../../../../arm-none-eabi/lib/thumb/v7-m\libc.a(lib_a-svfprintf.o)
                0x0008220c                _svfprintf_r
 .text.startup.register_fini
                0x0008370c       0x14 c:/program files (x86)/atmel/studio/7.0/toolchain/arm/arm-gnu-toolchain/bin/../lib/gcc/arm-none-eabi/6.3.1/../../../../arm-none-eabi/lib/thumb/v7-m\libc.a(lib_a-__call_atexit.o)
 .text.atexit   0x00083720        0xc c:/program files (x86)/atmel/studio/7.0/toolchain/arm/arm-gnu-toolchain/bin/../lib/gcc/arm-none-eabi/6.3.1/../../../../arm-none-eabi/lib/thumb/v7-m\libc.a(lib_a-atexit.o)
                0x00083720                atexit
 .text.quorem   0x0008372c      0x128 c:/program files (x86)/atmel/studio/7.0/toolchain/arm/arm-gnu-toolchain/bin/../lib/gcc/arm-none-eabi/6.3.1/../../../../arm-none-eabi/lib/thumb/v7-m\libc.a(lib_a-dtoa.o)
 *fill*         0x00083854        0x4 
 .text._dtoa_r  0x00083858      0xe44 c:/program files (x86)/atmel/studio/7.0/toolchain/arm/arm-gnu-toolchain/bin/../lib/gcc/arm-none-eabi/6.3.1/../../../../arm-none-eabi/lib/thumb/v7-m\libc.a(lib_a-dtoa.o)
                0x00083858                _dtoa_r
 .text.__libc_fini_array
                0x0008469c       0x34 c:/program files (x86)/atmel/studio/7.0/toolchain/arm/arm-gnu-toolchain/bin/../lib/gcc/arm-none-eabi/6.3.1/../../../../arm-none-eabi/lib/thumb/v7-m\libc.a(lib_a-fini.o)
                0x0008469c                __libc_fini_array
 .text.__locale_ctype_ptr_l
                0x000846d0        0x8 c:/program files (x86)/atmel/studio/7.0/toolchain/arm/arm-gnu-toolchain/bin/../lib/gcc/arm-none-eabi/6.3.1/../../../../arm-none-eabi/lib/thumb/v7-m\libc.a(lib_a-locale.o)
                0x000846d0                __locale_ctype_ptr_l
 .text._localeconv_r
                0x000846d8       0x1c c:/program files (x86)/atmel/studio/7.0/toolchain/arm/arm-gnu-toolchain/bin/../lib/gcc/arm-none-eabi/6.3.1/../../../../arm-none-eabi/lib/thumb/v7-m\libc.a(lib_a-localeconv.o)
                0x000846d8                _localeconv_r
 .text.__retarget_lock_acquire_recursive
                0x000846f4        0x4 c:/program files (x86)/atmel/studio/7.0/toolchain/arm/arm-gnu-toolchain/bin/../lib/gcc/arm-none-eabi/6.3.1/../../../../arm-none-eabi/lib/thumb/v7-m\libc.a(lib_a-lock.o)
                0x000846f4                __retarget_lock_acquire_recursive
 .text.__retarget_lock_release_recursive
                0x000846f8        0x4 c:/program files (x86)/atmel/studio/7.0/toolchain/arm/arm-gnu-toolchain/bin/../lib/gcc/arm-none-eabi/6.3.1/../../../../arm-none-eabi/lib/thumb/v7-m\libc.a(lib_a-lock.o)
                0x000846f8                __retarget_lock_release_recursive
 .text._malloc_r
                0x000846fc      0x544 c:/program files (x86)/atmel/studio/7.0/toolchain/arm/arm-gnu-toolchain/bin/../lib/gcc/arm-none-eabi/6.3.1/../../../../arm-none-eabi/lib/thumb/v7-m\libc.a(lib_a-mallocr.o)
                0x000846fc                _malloc_r
 .text.__ascii_mbtowc
                0x00084c40       0x2c c:/program files (x86)/atmel/studio/7.0/toolchain/arm/arm-gnu-toolchain/bin/../lib/gcc/arm-none-eabi/6.3.1/../../../../arm-none-eabi/lib/thumb/v7-m\libc.a(lib_a-mbtowc_r.o)
                0x00084c40                __ascii_mbtowc
 .text.memchr   0x00084c6c       0x8c c:/program files (x86)/atmel/studio/7.0/toolchain/arm/arm-gnu-toolchain/bin/../lib/gcc/arm-none-eabi/6.3.1/../../../../arm-none-eabi/lib/thumb/v7-m\libc.a(lib_a-memchr-stub.o)
                0x00084c6c                memchr
 .text          0x00084cf8       0xec c:/program files (x86)/atmel/studio/7.0/toolchain/arm/arm-gnu-toolchain/bin/../lib/gcc/arm-none-eabi/6.3.1/../../../../arm-none-eabi/lib/thumb/v7-m\libc.a(lib_a-memcpy.o)
                0x00084cf8                memcpy
 .text.__malloc_lock
                0x00084de4        0xc c:/program files (x86)/atmel/studio/7.0/toolchain/arm/arm-gnu-toolchain/bin/../lib/gcc/arm-none-eabi/6.3.1/../../../../arm-none-eabi/lib/thumb/v7-m\libc.a(lib_a-mlock.o)
                0x00084de4                __malloc_lock
 .text.__malloc_unlock
                0x00084df0        0xc c:/program files (x86)/atmel/studio/7.0/toolchain/arm/arm-gnu-toolchain/bin/../lib/gcc/arm-none-eabi/6.3.1/../../../../arm-none-eabi/lib/thumb/v7-m\libc.a(lib_a-mlock.o)
                0x00084df0                __malloc_unlock
 .text._Balloc  0x00084dfc       0x4c c:/program files (x86)/atmel/studio/7.0/toolchain/arm/arm-gnu-toolchain/bin/../lib/gcc/arm-none-eabi/6.3.1/../../../../arm-none-eabi/lib/thumb/v7-m\libc.a(lib_a-mprec.o)
                0x00084dfc                _Balloc
 .text._Bfree   0x00084e48       0x14 c:/program files (x86)/atmel/studio/7.0/toolchain/arm/arm-gnu-toolchain/bin/../lib/gcc/arm-none-eabi/6.3.1/../../../../arm-none-eabi/lib/thumb/v7-m\libc.a(lib_a-mprec.o)
                0x00084e48                _Bfree
 .text.__multadd
                0x00084e5c       0x84 c:/program files (x86)/atmel/studio/7.0/toolchain/arm/arm-gnu-toolchain/bin/../lib/gcc/arm-none-eabi/6.3.1/../../../../arm-none-eabi/lib/thumb/v7-m\libc.a(lib_a-mprec.o)
                0x00084e5c                __multadd
 .text.__hi0bits
                0x00084ee0       0x40 c:/program files (x86)/atmel/studio/7.0/toolchain/arm/arm-gnu-toolchain/bin/../lib/gcc/arm-none-eabi/6.3.1/../../../../arm-none-eabi/lib/thumb/v7-m\libc.a(lib_a-mprec.o)
                0x00084ee0                __hi0bits
 .text.__lo0bits
                0x00084f20       0x60 c:/program files (x86)/atmel/studio/7.0/toolchain/arm/arm-gnu-toolchain/bin/../lib/gcc/arm-none-eabi/6.3.1/../../../../arm-none-eabi/lib/thumb/v7-m\libc.a(lib_a-mprec.o)
                0x00084f20                __lo0bits
 .text.__i2b    0x00084f80       0x14 c:/program files (x86)/atmel/studio/7.0/toolchain/arm/arm-gnu-toolchain/bin/../lib/gcc/arm-none-eabi/6.3.1/../../../../arm-none-eabi/lib/thumb/v7-m\libc.a(lib_a-mprec.o)
                0x00084f80                __i2b
 .text.__multiply
                0x00084f94      0x124 c:/program files (x86)/atmel/studio/7.0/toolchain/arm/arm-gnu-toolchain/bin/../lib/gcc/arm-none-eabi/6.3.1/../../../../arm-none-eabi/lib/thumb/v7-m\libc.a(lib_a-mprec.o)
                0x00084f94                __multiply
 .text.__pow5mult
                0x000850b8       0xa0 c:/program files (x86)/atmel/studio/7.0/toolchain/arm/arm-gnu-toolchain/bin/../lib/gcc/arm-none-eabi/6.3.1/../../../../arm-none-eabi/lib/thumb/v7-m\libc.a(lib_a-mprec.o)
                0x000850b8                __pow5mult
 .text.__lshift
                0x00085158       0xa0 c:/program files (x86)/atmel/studio/7.0/toolchain/arm/arm-gnu-toolchain/bin/../lib/gcc/arm-none-eabi/6.3.1/../../../../arm-none-eabi/lib/thumb/v7-m\libc.a(lib_a-mprec.o)
                0x00085158                __lshift
 .text.__mcmp   0x000851f8       0x38 c:/program files (x86)/atmel/studio/7.0/toolchain/arm/arm-gnu-toolchain/bin/../lib/gcc/arm-none-eabi/6.3.1/../../../../arm-none-eabi/lib/thumb/v7-m\libc.a(lib_a-mprec.o)
                0x000851f8                __mcmp
 .text.__mdiff  0x00085230      0x11c c:/program files (x86)/atmel/studio/7.0/toolchain/arm/arm-gnu-toolchain/bin/../lib/gcc/arm-none-eabi/6.3.1/../../../../arm-none-eabi/lib/thumb/v7-m\libc.a(lib_a-mprec.o)
                0x00085230                __mdiff
 .text.__d2b    0x0008534c       0xa8 c:/program files (x86)/atmel/studio/7.0/toolchain/arm/arm-gnu-toolchain/bin/../lib/gcc/arm-none-eabi/6.3.1/../../../../arm-none-eabi/lib/thumb/v7-m\libc.a(lib_a-mprec.o)
                0x0008534c                __d2b
 .text._sbrk_r  0x000853f4       0x24 c:/program files (x86)/atmel/studio/7.0/toolchain/arm/arm-gnu-toolchain/bin/../lib/gcc/arm-none-eabi/6.3.1/../../../../arm-none-eabi/lib/thumb/v7-m\libc.a(lib_a-sbrkr.o)
                0x000853f4                _sbrk_r
 .text.__ssprint_r
                0x00085418       0xfc c:/program files (x86)/atmel/studio/7.0/toolchain/arm/arm-gnu-toolchain/bin/../lib/gcc/arm-none-eabi/6.3.1/../../../../arm-none-eabi/lib/thumb/v7-m\libc.a(lib_a-svfiprintf.o)
                0x00085418                __ssprint_r
 .text.__ascii_wctomb
                0x00085514       0x18 c:/program files (x86)/atmel/studio/7.0/toolchain/arm/arm-gnu-toolchain/bin/../lib/gcc/arm-none-eabi/6.3.1/../../../../arm-none-eabi/lib/thumb/v7-m\libc.a(lib_a-wctomb_r.o)
                0x00085514                __ascii_wctomb
 .text.__register_exitproc
                0x0008552c       0xc4 c:/program files (x86)/atmel/studio/7.0/toolchain/arm/arm-gnu-toolchain/bin/../lib/gcc/arm-none-eabi/6.3.1/../../../../arm-none-eabi/lib/thumb/v7-m\libc.a(lib_a-__atexit.o)
                0x0008552c                __register_exitproc
 .text._calloc_r
                0x000855f0       0x60 c:/program files (x86)/atmel/studio/7.0/toolchain/arm/arm-gnu-toolchain/bin/../lib/gcc/arm-none-eabi/6.3.1/../../../../arm-none-eabi/lib/thumb/v7-m\libc.a(lib_a-callocr.o)
                0x000855f0                _calloc_r
 .text._malloc_trim_r
                0x00085650       0xa0 c:/program files (x86)/atmel/studio/7.0/toolchain/arm/arm-gnu-toolchain/bin/../lib/gcc/arm-none-eabi/6.3.1/../../../../arm-none-eabi/lib/thumb/v7-m\libc.a(lib_a-freer.o)
                0x00085650                _malloc_trim_r
 .text._free_r  0x000856f0      0x1cc c:/program files (x86)/atmel/studio/7.0/toolchain/arm/arm-gnu-toolchain/bin/../lib/gcc/arm-none-eabi/6.3.1/../../../../arm-none-eabi/lib/thumb/v7-m\libc.a(lib_a-freer.o)
                0x000856f0                _free_r
 .text.memmove  0x000858bc       0xc8 c:/program files (x86)/atmel/studio/7.0/toolchain/arm/arm-gnu-toolchain/bin/../lib/gcc/arm-none-eabi/6.3.1/../../../../arm-none-eabi/lib/thumb/v7-m\libc.a(lib_a-memmove.o)
                0x000858bc                memmove
 .text._realloc_r
                0x00085984      0x36c c:/program files (x86)/atmel/studio/7.0/toolchain/arm/arm-gnu-toolchain/bin/../lib/gcc/arm-none-eabi/6.3.1/../../../../arm-none-eabi/lib/thumb/v7-m\libc.a(lib_a-reallocr.o)
                0x00085984                _realloc_r
 .text          0x00085cf0      0x370 c:/program files (x86)/atmel/studio/7.0/toolchain/arm/arm-gnu-toolchain/bin/../lib/gcc/arm-none-eabi/6.3.1/thumb/v7-m\libgcc.a(_arm_addsubdf3.o)
                0x00085cf0                __aeabi_drsub
                0x00085cf8                __aeabi_dsub
                0x00085cf8                __subdf3
                0x00085cfc                __aeabi_dadd
                0x00085cfc                __adddf3
                0x00085f74                __floatunsidf
                0x00085f74                __aeabi_ui2d
                0x00085f94                __floatsidf
                0x00085f94                __aeabi_i2d
                0x00085fb8                __aeabi_f2d
                0x00085fb8                __extendsfdf2
                0x00085ff4                __floatundidf
                0x00085ff4                __aeabi_ul2d
                0x00086004                __floatdidf
                0x00086004                __aeabi_l2d
 .text          0x00086060      0x424 c:/program files (x86)/atmel/studio/7.0/toolchain/arm/arm-gnu-toolchain/bin/../lib/gcc/arm-none-eabi/6.3.1/thumb/v7-m\libgcc.a(_arm_muldivdf3.o)
                0x00086060                __aeabi_dmul
                0x00086060                __muldf3
                0x000862b4                __divdf3
                0x000862b4                __aeabi_ddiv
 .text          0x00086484      0x110 c:/program files (x86)/atmel/studio/7.0/toolchain/arm/arm-gnu-toolchain/bin/../lib/gcc/arm-none-eabi/6.3.1/thumb/v7-m\libgcc.a(_arm_cmpdf2.o)
                0x00086484                __gtdf2
                0x00086484                __gedf2
                0x0008648c                __ltdf2
                0x0008648c                __ledf2
                0x00086494                __nedf2
                0x00086494                __eqdf2
                0x00086494                __cmpdf2
                0x00086510                __aeabi_cdrcmple
                0x00086520                __aeabi_cdcmpeq
                0x00086520                __aeabi_cdcmple
                0x00086530                __aeabi_dcmpeq
                0x00086544                __aeabi_dcmplt
                0x00086558                __aeabi_dcmple
                0x0008656c                __aeabi_dcmpge
                0x00086580                __aeabi_dcmpgt
 .text          0x00086594       0x2c c:/program files (x86)/atmel/studio/7.0/toolchain/arm/arm-gnu-toolchain/bin/../lib/gcc/arm-none-eabi/6.3.1/thumb/v7-m\libgcc.a(_arm_unorddf2.o)
                0x00086594                __unorddf2
                0x00086594                __aeabi_dcmpun
 .text          0x000865c0       0x50 c:/program files (x86)/atmel/studio/7.0/toolchain/arm/arm-gnu-toolchain/bin/../lib/gcc/arm-none-eabi/6.3.1/thumb/v7-m\libgcc.a(_arm_fixdfsi.o)
                0x000865c0                __aeabi_d2iz
                0x000865c0                __fixdfsi
 .text          0x00086610       0x30 c:/program files (x86)/atmel/studio/7.0/toolchain/arm/arm-gnu-toolchain/bin/../lib/gcc/arm-none-eabi/6.3.1/thumb/v7-m\libgcc.a(_aeabi_uldivmod.o)
                0x00086610                __aeabi_uldivmod
 .text          0x00086640      0x2dc c:/program files (x86)/atmel/studio/7.0/toolchain/arm/arm-gnu-toolchain/bin/../lib/gcc/arm-none-eabi/6.3.1/thumb/v7-m\libgcc.a(_udivmoddi4.o)
                0x00086640                __udivmoddi4
 .text          0x0008691c        0x4 c:/program files (x86)/atmel/studio/7.0/toolchain/arm/arm-gnu-toolchain/bin/../lib/gcc/arm-none-eabi/6.3.1/thumb/v7-m\libgcc.a(_dvmd_tls.o)
                0x0008691c                __aeabi_idiv0
                0x0008691c                __aeabi_ldiv0
 *(.glue_7t)
 .glue_7t       0x00086920        0x0 linker stubs
 *(.glue_7)
 .glue_7        0x00086920        0x0 linker stubs
 *(.rodata .rodata* .gnu.linkonce.r.*)
 .rodata.Lcd.str1.4
                0x00086920        0xf src/Kernel/LCD.o
 *fill*         0x0008692f        0x1 
 .rodata.line2addr
                0x00086930        0x4 src/Kernel/LCD.o
                0x00086930                line2addr
 .rodata.Menu.str1.4
                0x00086934       0x9a src/Sources files/menu.o
 *fill*         0x000869ce        0x2 
 .rodata.Shell.str1.4
                0x000869d0       0x4c src/Kernel/shell.o
                                 0x50 (size before relaxing)
 .rodata.flashSequ
                0x00086a1c       0x14 src/Kernel/shell.o
                0x00086a1c                flashSequ
 .rodata.str1.4
                0x00086a30       0xb9 src/Kernel/shell.o
                                 0xbd (size before relaxing)
 *fill*         0x00086ae9        0x3 
 .rodata._cmdEntries
                0x00086aec       0x20 src/Kernel/shellcmd.o
                0x00086aec                _cmdEntries
 .rodata._cmd_set.str1.4
                0x00086b0c        0x6 src/Kernel/shellcmd.o
                                 0x22 (size before relaxing)
 *fill*         0x00086b12        0x2 
 .rodata._cmd_show.str1.4
                0x00086b14       0x45 src/Kernel/shellcmd.o
 *fill*         0x00086b59        0x3 
 .rodata.usart_console_settings
                0x00086b5c       0x18 src/Kernel/shellcom.o
                0x00086b5c                usart_console_settings
 .rodata.flashSequApp
                0x00086b74       0x1c src/Sources files/appli.o
                0x00086b74                flashSequApp
 .rodata.main.str1.4
                0x00086b90       0x1d src/Sources files/main.o
 *fill*         0x00086bad        0x3 
 .rodata._global_impure_ptr
                0x00086bb0        0x4 c:/program files (x86)/atmel/studio/7.0/toolchain/arm/arm-gnu-toolchain/bin/../lib/gcc/arm-none-eabi/6.3.1/../../../../arm-none-eabi/lib/thumb/v7-m\libc.a(lib_a-impure.o)
                0x00086bb0                _global_impure_ptr
 .rodata._svfprintf_r.str1.4
                0x00086bb4       0x42 c:/program files (x86)/atmel/studio/7.0/toolchain/arm/arm-gnu-toolchain/bin/../lib/gcc/arm-none-eabi/6.3.1/../../../../arm-none-eabi/lib/thumb/v7-m\libc.a(lib_a-svfprintf.o)
 *fill*         0x00086bf6        0x2 
 .rodata.blanks.7223
                0x00086bf8       0x10 c:/program files (x86)/atmel/studio/7.0/toolchain/arm/arm-gnu-toolchain/bin/../lib/gcc/arm-none-eabi/6.3.1/../../../../arm-none-eabi/lib/thumb/v7-m\libc.a(lib_a-svfprintf.o)
 .rodata.zeroes.7224
                0x00086c08       0x10 c:/program files (x86)/atmel/studio/7.0/toolchain/arm/arm-gnu-toolchain/bin/../lib/gcc/arm-none-eabi/6.3.1/../../../../arm-none-eabi/lib/thumb/v7-m\libc.a(lib_a-svfprintf.o)
 .rodata._dtoa_r.str1.4
                0x00086c18       0x10 c:/program files (x86)/atmel/studio/7.0/toolchain/arm/arm-gnu-toolchain/bin/../lib/gcc/arm-none-eabi/6.3.1/../../../../arm-none-eabi/lib/thumb/v7-m\libc.a(lib_a-dtoa.o)
                                 0x12 (size before relaxing)
 .rodata._setlocale_r.str1.4
                0x00086c28        0xa c:/program files (x86)/atmel/studio/7.0/toolchain/arm/arm-gnu-toolchain/bin/../lib/gcc/arm-none-eabi/6.3.1/../../../../arm-none-eabi/lib/thumb/v7-m\libc.a(lib_a-locale.o)
                                  0xd (size before relaxing)
 *fill*         0x00086c32        0x2 
 .rodata.str1.4
                0x00086c34        0x4 c:/program files (x86)/atmel/studio/7.0/toolchain/arm/arm-gnu-toolchain/bin/../lib/gcc/arm-none-eabi/6.3.1/../../../../arm-none-eabi/lib/thumb/v7-m\libc.a(lib_a-locale.o)
                                  0x2 (size before relaxing)
 .rodata.__mprec_bigtens
                0x00086c38       0x28 c:/program files (x86)/atmel/studio/7.0/toolchain/arm/arm-gnu-toolchain/bin/../lib/gcc/arm-none-eabi/6.3.1/../../../../arm-none-eabi/lib/thumb/v7-m\libc.a(lib_a-mprec.o)
                0x00086c38                __mprec_bigtens
 .rodata.__mprec_tens
                0x00086c60       0xc8 c:/program files (x86)/atmel/studio/7.0/toolchain/arm/arm-gnu-toolchain/bin/../lib/gcc/arm-none-eabi/6.3.1/../../../../arm-none-eabi/lib/thumb/v7-m\libc.a(lib_a-mprec.o)
                0x00086c60                __mprec_tens
 .rodata.p05.6055
                0x00086d28        0xc c:/program files (x86)/atmel/studio/7.0/toolchain/arm/arm-gnu-toolchain/bin/../lib/gcc/arm-none-eabi/6.3.1/../../../../arm-none-eabi/lib/thumb/v7-m\libc.a(lib_a-mprec.o)
 .rodata._ctype_
                0x00086d34      0x101 c:/program files (x86)/atmel/studio/7.0/toolchain/arm/arm-gnu-toolchain/bin/../lib/gcc/arm-none-eabi/6.3.1/../../../../arm-none-eabi/lib/thumb/v7-m\libc.a(lib_a-ctype_.o)
                0x00086d34                _ctype_
 *(.ARM.extab* .gnu.linkonce.armextab.*)
                0x00086e38                . = ALIGN (0x4)
 *fill*         0x00086e35        0x3 
 *(.init)
 .init          0x00086e38        0x4 c:/program files (x86)/atmel/studio/7.0/toolchain/arm/arm-gnu-toolchain/bin/../lib/gcc/arm-none-eabi/6.3.1/thumb/v7-m/crti.o
                0x00086e38                _init
 .init          0x00086e3c        0x8 c:/program files (x86)/atmel/studio/7.0/toolchain/arm/arm-gnu-toolchain/bin/../lib/gcc/arm-none-eabi/6.3.1/thumb/v7-m/crtn.o
                0x00086e44                . = ALIGN (0x4)
                0x00086e44                __preinit_array_start = .
 *(.preinit_array)
                0x00086e44                __preinit_array_end = .
                0x00086e44                . = ALIGN (0x4)
                0x00086e44                __init_array_start = .
 *(SORT(.init_array.*))
 .init_array.00000
                0x00086e44        0x4 c:/program files (x86)/atmel/studio/7.0/toolchain/arm/arm-gnu-toolchain/bin/../lib/gcc/arm-none-eabi/6.3.1/../../../../arm-none-eabi/lib/thumb/v7-m\libc.a(lib_a-__call_atexit.o)
 *(.init_array)
 .init_array    0x00086e48        0x4 c:/program files (x86)/atmel/studio/7.0/toolchain/arm/arm-gnu-toolchain/bin/../lib/gcc/arm-none-eabi/6.3.1/thumb/v7-m/crtbegin.o
                0x00086e4c                __init_array_end = .
                0x00086e4c                . = ALIGN (0x4)
 *crtbegin.o(.ctors)
 *(EXCLUDE_FILE(*crtend.o) .ctors)
 *(SORT(.ctors.*))
 *crtend.o(.ctors)
                0x00086e4c                . = ALIGN (0x4)
 *(.fini)
 .fini          0x00086e4c        0x4 c:/program files (x86)/atmel/studio/7.0/toolchain/arm/arm-gnu-toolchain/bin/../lib/gcc/arm-none-eabi/6.3.1/thumb/v7-m/crti.o
                0x00086e4c                _fini
 .fini          0x00086e50        0x8 c:/program files (x86)/atmel/studio/7.0/toolchain/arm/arm-gnu-toolchain/bin/../lib/gcc/arm-none-eabi/6.3.1/thumb/v7-m/crtn.o
                0x00086e58                . = ALIGN (0x4)
                0x00086e58                __fini_array_start = .
 *(.fini_array)
 .fini_array    0x00086e58        0x4 c:/program files (x86)/atmel/studio/7.0/toolchain/arm/arm-gnu-toolchain/bin/../lib/gcc/arm-none-eabi/6.3.1/thumb/v7-m/crtbegin.o
 *(SORT(.fini_array.*))
                0x00086e5c                __fini_array_end = .
 *crtbegin.o(.dtors)
 *(EXCLUDE_FILE(*crtend.o) .dtors)
 *(SORT(.dtors.*))
 *crtend.o(.dtors)
                0x00086e5c                . = ALIGN (0x4)
                0x00086e5c                _efixed = .
                [!provide]                PROVIDE (__exidx_start, .)

.vfp11_veneer   0x00086e5c        0x0
 .vfp11_veneer  0x00086e5c        0x0 linker stubs

.v4_bx          0x00086e5c        0x0
 .v4_bx         0x00086e5c        0x0 linker stubs

.iplt           0x00086e5c        0x0
 .iplt          0x00086e5c        0x0 c:/program files (x86)/atmel/studio/7.0/toolchain/arm/arm-gnu-toolchain/bin/../lib/gcc/arm-none-eabi/6.3.1/thumb/v7-m/crtbegin.o

.ARM.exidx      0x00086e5c        0x8
 *(.ARM.exidx* .gnu.linkonce.armexidx.*)
 .ARM.exidx     0x00086e5c        0x8 c:/program files (x86)/atmel/studio/7.0/toolchain/arm/arm-gnu-toolchain/bin/../lib/gcc/arm-none-eabi/6.3.1/thumb/v7-m\libgcc.a(_udivmoddi4.o)
                [!provide]                PROVIDE (__exidx_end, .)

.eh_frame       0x00086e64        0x0
 .eh_frame      0x00086e64        0x0 c:/program files (x86)/atmel/studio/7.0/toolchain/arm/arm-gnu-toolchain/bin/../lib/gcc/arm-none-eabi/6.3.1/thumb/v7-m/crtbegin.o

.rel.dyn        0x00086e64        0x0
 .rel.iplt      0x00086e64        0x0 c:/program files (x86)/atmel/studio/7.0/toolchain/arm/arm-gnu-toolchain/bin/../lib/gcc/arm-none-eabi/6.3.1/thumb/v7-m/crtbegin.o

.jcr            0x00086e64        0x0
 .jcr           0x00086e64        0x0 c:/program files (x86)/atmel/studio/7.0/toolchain/arm/arm-gnu-toolchain/bin/../lib/gcc/arm-none-eabi/6.3.1/thumb/v7-m/crtbegin.o

.igot.plt       0x00086e64        0x0
 .igot.plt      0x00086e64        0x0 c:/program files (x86)/atmel/studio/7.0/toolchain/arm/arm-gnu-toolchain/bin/../lib/gcc/arm-none-eabi/6.3.1/thumb/v7-m/crtbegin.o
                0x00086e64                . = ALIGN (0x4)
                0x00086e64                _etext = .

.relocate       0x20070000      0xf40 load address 0x00086e64
                0x20070000                . = ALIGN (0x4)
                0x20070000                _srelocate = .
 *(.ramfunc .ramfunc.*)
 .ramfunc       0x20070000        0xa src/ASF/common/services/delay/sam/cycle_counter.o
                0x20070000                portable_delay_cycles
 *fill*         0x2007000a        0x2 
 .ramfunc       0x2007000c      0x12c src/ASF/sam/utils/cmsis/sam3x/source/templates/system_sam3x.o
                0x2007000c                SystemInit
                0x200700b0                system_init_flash
 *(.data .data.*)
 .data.wCRCTable
                0x20070138      0x400 src/Kernel/CRC16MODBUS.o
                0x20070138                wCRCTable
 .data.pErrorFunc
                0x20070538        0x4 src/Kernel/error.o
                0x20070538                pErrorFunc
 .data.daysOfWeek
                0x2007053c       0x1c src/Kernel/shell.o
                0x2007053c                daysOfWeek
 .data.months   0x20070558       0x30 src/Kernel/shell.o
                0x20070558                months
 .data.g_interrupt_enabled
                0x20070588        0x1 src/ASF/common/utils/interrupt/interrupt_sam_nvic.o
                0x20070588                g_interrupt_enabled
 *fill*         0x20070589        0x3 
 .data.SystemCoreClock
                0x2007058c        0x4 src/ASF/sam/utils/cmsis/sam3x/source/templates/system_sam3x.o
                0x2007058c                SystemCoreClock
 .data._impure_ptr
                0x20070590        0x4 c:/program files (x86)/atmel/studio/7.0/toolchain/arm/arm-gnu-toolchain/bin/../lib/gcc/arm-none-eabi/6.3.1/../../../../arm-none-eabi/lib/thumb/v7-m\libc.a(lib_a-impure.o)
                0x20070590                _impure_ptr
 *fill*         0x20070594        0x4 
 .data.impure_data
                0x20070598      0x428 c:/program files (x86)/atmel/studio/7.0/toolchain/arm/arm-gnu-toolchain/bin/../lib/gcc/arm-none-eabi/6.3.1/../../../../arm-none-eabi/lib/thumb/v7-m\libc.a(lib_a-impure.o)
 .data.__atexit_recursive_mutex
                0x200709c0        0x4 c:/program files (x86)/atmel/studio/7.0/toolchain/arm/arm-gnu-toolchain/bin/../lib/gcc/arm-none-eabi/6.3.1/../../../../arm-none-eabi/lib/thumb/v7-m\libc.a(lib_a-__call_atexit.o)
                0x200709c0                __atexit_recursive_mutex
 .data.__global_locale
                0x200709c4      0x16c c:/program files (x86)/atmel/studio/7.0/toolchain/arm/arm-gnu-toolchain/bin/../lib/gcc/arm-none-eabi/6.3.1/../../../../arm-none-eabi/lib/thumb/v7-m\libc.a(lib_a-locale.o)
                0x200709c4                __global_locale
 .data.__malloc_av_
                0x20070b30      0x408 c:/program files (x86)/atmel/studio/7.0/toolchain/arm/arm-gnu-toolchain/bin/../lib/gcc/arm-none-eabi/6.3.1/../../../../arm-none-eabi/lib/thumb/v7-m\libc.a(lib_a-mallocr.o)
                0x20070b30                __malloc_av_
 .data.__malloc_sbrk_base
                0x20070f38        0x4 c:/program files (x86)/atmel/studio/7.0/toolchain/arm/arm-gnu-toolchain/bin/../lib/gcc/arm-none-eabi/6.3.1/../../../../arm-none-eabi/lib/thumb/v7-m\libc.a(lib_a-mallocr.o)
                0x20070f38                __malloc_sbrk_base
 .data.__malloc_trim_threshold
                0x20070f3c        0x4 c:/program files (x86)/atmel/studio/7.0/toolchain/arm/arm-gnu-toolchain/bin/../lib/gcc/arm-none-eabi/6.3.1/../../../../arm-none-eabi/lib/thumb/v7-m\libc.a(lib_a-mallocr.o)
                0x20070f3c                __malloc_trim_threshold
                0x20070f40                . = ALIGN (0x4)
                0x20070f40                _erelocate = .

.bss            0x20070f40      0x5c8 load address 0x00087da4
                0x20070f40                . = ALIGN (0x4)
                0x20070f40                _sbss = .
                0x20070f40                _szero = .
 *(.bss .bss.*)
 .bss           0x20070f40       0x1c c:/program files (x86)/atmel/studio/7.0/toolchain/arm/arm-gnu-toolchain/bin/../lib/gcc/arm-none-eabi/6.3.1/thumb/v7-m/crtbegin.o
 .bss.ul_reg_val.7386
                0x20070f5c        0x4 src/ASF/sam/drivers/usart/usart.o
 .bss.cpu_irq_critical_section_counter
                0x20070f60        0x4 src/ASF/common/utils/interrupt/interrupt_sam_nvic.o
 .bss.cpu_irq_prev_interrupt_state
                0x20070f64        0x1 src/ASF/common/utils/interrupt/interrupt_sam_nvic.o
 *fill*         0x20070f65        0x3 
 .bss.gs_interrupt_sources
                0x20070f68       0x70 src/ASF/sam/drivers/pio/pio_handler.o
 .bss.gs_ul_nb_sources
                0x20070fd8        0x4 src/ASF/sam/drivers/pio/pio_handler.o
 .bss.heap.5297
                0x20070fdc        0x4 src/ASF/sam/utils/syscalls/gcc/syscalls.o
 .bss.__malloc_current_mallinfo
                0x20070fe0       0x28 c:/program files (x86)/atmel/studio/7.0/toolchain/arm/arm-gnu-toolchain/bin/../lib/gcc/arm-none-eabi/6.3.1/../../../../arm-none-eabi/lib/thumb/v7-m\libc.a(lib_a-mallocr.o)
                0x20070fe0                __malloc_current_mallinfo
 .bss.__malloc_max_sbrked_mem
                0x20071008        0x4 c:/program files (x86)/atmel/studio/7.0/toolchain/arm/arm-gnu-toolchain/bin/../lib/gcc/arm-none-eabi/6.3.1/../../../../arm-none-eabi/lib/thumb/v7-m\libc.a(lib_a-mallocr.o)
                0x20071008                __malloc_max_sbrked_mem
 .bss.__malloc_max_total_mem
                0x2007100c        0x4 c:/program files (x86)/atmel/studio/7.0/toolchain/arm/arm-gnu-toolchain/bin/../lib/gcc/arm-none-eabi/6.3.1/../../../../arm-none-eabi/lib/thumb/v7-m\libc.a(lib_a-mallocr.o)
                0x2007100c                __malloc_max_total_mem
 .bss.__malloc_top_pad
                0x20071010        0x4 c:/program files (x86)/atmel/studio/7.0/toolchain/arm/arm-gnu-toolchain/bin/../lib/gcc/arm-none-eabi/6.3.1/../../../../arm-none-eabi/lib/thumb/v7-m\libc.a(lib_a-mallocr.o)
                0x20071010                __malloc_top_pad
 *(COMMON)
 COMMON         0x20071014       0x48 src/Sources files/menu.o
                0x20071014                menuParam
                0x2007101c                tabl
 COMMON         0x2007105c      0x124 src/Kernel/shell.o
                0x2007105c                shell
                0x20071070                shellBuf
                0x20071170                shellEscSeq
 COMMON         0x20071180       0x10 src/Kernel/shellcmd.o
                0x20071180                u2
                0x20071184                u1
                0x20071188                u4
                0x2007118c                u3
 COMMON         0x20071190      0x108 src/Kernel/shellcom.o
                0x20071190                shellcom
                0x20071198                shellcomTxBuf
 COMMON         0x20071298      0x148 src/Kernel/taskman.o
                0x20071298                tasks
                0x20071338                taskman
                0x20071340                dTasks
 COMMON         0x200713e0      0x100 src/Sources files/main.o
                0x200713e0                buf
 COMMON         0x200714e0       0x21 c:/program files (x86)/atmel/studio/7.0/toolchain/arm/arm-gnu-toolchain/bin/../lib/gcc/arm-none-eabi/6.3.1/../../../../arm-none-eabi/lib/thumb/v7-m\libc.a(lib_a-lock.o)
                0x200714e0                __lock___atexit_recursive_mutex
                0x200714e4                __lock___arc4random_mutex
                0x200714e8                __lock___env_recursive_mutex
                0x200714ec                __lock___sinit_recursive_mutex
                0x200714f0                __lock___malloc_recursive_mutex
                0x200714f4                __lock___at_quick_exit_mutex
                0x200714f8                __lock___dd_hash_mutex
                0x200714fc                __lock___tz_mutex
                0x20071500                __lock___sfp_recursive_mutex
 *fill*         0x20071501        0x3 
 COMMON         0x20071504        0x4 c:/program files (x86)/atmel/studio/7.0/toolchain/arm/arm-gnu-toolchain/bin/../lib/gcc/arm-none-eabi/6.3.1/../../../../arm-none-eabi/lib/thumb/v7-m\libc.a(lib_a-reent.o)
                0x20071504                errno
                0x20071508                . = ALIGN (0x4)
                0x20071508                _ebss = .
                0x20071508                _ezero = .

.stack          0x20071508     0x2000 load address 0x0008836c
                0x20071508                . = ALIGN (0x8)
                0x20071508                _sstack = .
                0x20073508                . = (. + __stack_size__)
 *fill*         0x20071508     0x2000 
                0x20073508                . = ALIGN (0x8)
                0x20073508                _estack = .
                0x20073508                . = ALIGN (0x4)
                0x20073508                _end = .
OUTPUT(Noyau.elf elf32-littlearm)

.ARM.attributes
                0x00000000       0x29
 .ARM.attributes
                0x00000000       0x1d c:/program files (x86)/atmel/studio/7.0/toolchain/arm/arm-gnu-toolchain/bin/../lib/gcc/arm-none-eabi/6.3.1/thumb/v7-m/crti.o
 .ARM.attributes
                0x0000001d       0x2d c:/program files (x86)/atmel/studio/7.0/toolchain/arm/arm-gnu-toolchain/bin/../lib/gcc/arm-none-eabi/6.3.1/thumb/v7-m/crtbegin.o
 .ARM.attributes
                0x0000004a       0x33 src/ASF/sam/drivers/rtc/rtc.o
 .ARM.attributes
                0x0000007d       0x33 src/Kernel/LCD.o
 .ARM.attributes
                0x000000b0       0x33 src/Sources files/menu.o
 .ARM.attributes
                0x000000e3       0x33 src/ASF/sam/drivers/tc/tc.o
 .ARM.attributes
                0x00000116       0x33 src/ASF/sam/drivers/usart/usart.o
 .ARM.attributes
                0x00000149       0x33 src/Kernel/CRC16MODBUS.o
 .ARM.attributes
                0x0000017c       0x33 src/Kernel/error.o
 .ARM.attributes
                0x000001af       0x33 src/Kernel/shell.o
 .ARM.attributes
                0x000001e2       0x33 src/Kernel/shellcmd.o
 .ARM.attributes
                0x00000215       0x33 src/Kernel/shellcom.o
 .ARM.attributes
                0x00000248       0x33 src/Kernel/taskman.o
 .ARM.attributes
                0x0000027b       0x33 src/Sources files/appli.o
 .ARM.attributes
                0x000002ae       0x33 src/Sources files/main.o
 .ARM.attributes
                0x000002e1       0x33 src/ASF/common/services/delay/sam/cycle_counter.o
 .ARM.attributes
                0x00000314       0x33 src/ASF/common/services/clock/sam3x/sysclk.o
 .ARM.attributes
                0x00000347       0x33 src/ASF/common/utils/interrupt/interrupt_sam_nvic.o
 .ARM.attributes
                0x0000037a       0x33 src/ASF/sam/boards/arduino_due_x/init.o
 .ARM.attributes
                0x000003ad       0x33 src/ASF/sam/drivers/pio/pio.o
 .ARM.attributes
                0x000003e0       0x33 src/ASF/sam/drivers/pio/pio_handler.o
 .ARM.attributes
                0x00000413       0x33 src/ASF/sam/drivers/pmc/pmc.o
 .ARM.attributes
                0x00000446       0x33 src/ASF/sam/utils/cmsis/sam3x/source/templates/exceptions.o
 .ARM.attributes
                0x00000479       0x33 src/ASF/sam/utils/cmsis/sam3x/source/templates/gcc/startup_sam3x.o
 .ARM.attributes
                0x000004ac       0x33 src/ASF/sam/utils/cmsis/sam3x/source/templates/system_sam3x.o
 .ARM.attributes
                0x000004df       0x33 src/ASF/sam/utils/syscalls/gcc/syscalls.o
 .ARM.attributes
                0x00000512       0x2d c:/program files (x86)/atmel/studio/7.0/toolchain/arm/arm-gnu-toolchain/bin/../lib/gcc/arm-none-eabi/6.3.1/../../../../arm-none-eabi/lib/thumb/v7-m\libc.a(lib_a-atoi.o)
 .ARM.attributes
                0x0000053f       0x2d c:/program files (x86)/atmel/studio/7.0/toolchain/arm/arm-gnu-toolchain/bin/../lib/gcc/arm-none-eabi/6.3.1/../../../../arm-none-eabi/lib/thumb/v7-m\libc.a(lib_a-impure.o)
 .ARM.attributes
                0x0000056c       0x2d c:/program files (x86)/atmel/studio/7.0/toolchain/arm/arm-gnu-toolchain/bin/../lib/gcc/arm-none-eabi/6.3.1/../../../../arm-none-eabi/lib/thumb/v7-m\libc.a(lib_a-init.o)
 .ARM.attributes
                0x00000599       0x2d c:/program files (x86)/atmel/studio/7.0/toolchain/arm/arm-gnu-toolchain/bin/../lib/gcc/arm-none-eabi/6.3.1/../../../../arm-none-eabi/lib/thumb/v7-m\libc.a(lib_a-memset.o)
 .ARM.attributes
                0x000005c6       0x2d c:/program files (x86)/atmel/studio/7.0/toolchain/arm/arm-gnu-toolchain/bin/../lib/gcc/arm-none-eabi/6.3.1/../../../../arm-none-eabi/lib/thumb/v7-m\libc.a(lib_a-sprintf.o)
 .ARM.attributes
                0x000005f3       0x2d c:/program files (x86)/atmel/studio/7.0/toolchain/arm/arm-gnu-toolchain/bin/../lib/gcc/arm-none-eabi/6.3.1/../../../../arm-none-eabi/lib/thumb/v7-m\libc.a(lib_a-strlen-stub.o)
 .ARM.attributes
                0x00000620       0x2d c:/program files (x86)/atmel/studio/7.0/toolchain/arm/arm-gnu-toolchain/bin/../lib/gcc/arm-none-eabi/6.3.1/../../../../arm-none-eabi/lib/thumb/v7-m\libc.a(lib_a-strtok.o)
 .ARM.attributes
                0x0000064d       0x2d c:/program files (x86)/atmel/studio/7.0/toolchain/arm/arm-gnu-toolchain/bin/../lib/gcc/arm-none-eabi/6.3.1/../../../../arm-none-eabi/lib/thumb/v7-m\libc.a(lib_a-strtok_r.o)
 .ARM.attributes
                0x0000067a       0x2d c:/program files (x86)/atmel/studio/7.0/toolchain/arm/arm-gnu-toolchain/bin/../lib/gcc/arm-none-eabi/6.3.1/../../../../arm-none-eabi/lib/thumb/v7-m\libc.a(lib_a-strtol.o)
 .ARM.attributes
                0x000006a7       0x2d c:/program files (x86)/atmel/studio/7.0/toolchain/arm/arm-gnu-toolchain/bin/../lib/gcc/arm-none-eabi/6.3.1/../../../../arm-none-eabi/lib/thumb/v7-m\libc.a(lib_a-svfprintf.o)
 .ARM.attributes
                0x000006d4       0x2d c:/program files (x86)/atmel/studio/7.0/toolchain/arm/arm-gnu-toolchain/bin/../lib/gcc/arm-none-eabi/6.3.1/../../../../arm-none-eabi/lib/thumb/v7-m\libc.a(lib_a-__call_atexit.o)
 .ARM.attributes
                0x00000701       0x2d c:/program files (x86)/atmel/studio/7.0/toolchain/arm/arm-gnu-toolchain/bin/../lib/gcc/arm-none-eabi/6.3.1/../../../../arm-none-eabi/lib/thumb/v7-m\libc.a(lib_a-atexit.o)
 .ARM.attributes
                0x0000072e       0x2d c:/program files (x86)/atmel/studio/7.0/toolchain/arm/arm-gnu-toolchain/bin/../lib/gcc/arm-none-eabi/6.3.1/../../../../arm-none-eabi/lib/thumb/v7-m\libc.a(lib_a-dtoa.o)
 .ARM.attributes
                0x0000075b       0x2d c:/program files (x86)/atmel/studio/7.0/toolchain/arm/arm-gnu-toolchain/bin/../lib/gcc/arm-none-eabi/6.3.1/../../../../arm-none-eabi/lib/thumb/v7-m\libc.a(lib_a-fini.o)
 .ARM.attributes
                0x00000788       0x2d c:/program files (x86)/atmel/studio/7.0/toolchain/arm/arm-gnu-toolchain/bin/../lib/gcc/arm-none-eabi/6.3.1/../../../../arm-none-eabi/lib/thumb/v7-m\libc.a(lib_a-locale.o)
 .ARM.attributes
                0x000007b5       0x2d c:/program files (x86)/atmel/studio/7.0/toolchain/arm/arm-gnu-toolchain/bin/../lib/gcc/arm-none-eabi/6.3.1/../../../../arm-none-eabi/lib/thumb/v7-m\libc.a(lib_a-localeconv.o)
 .ARM.attributes
                0x000007e2       0x2d c:/program files (x86)/atmel/studio/7.0/toolchain/arm/arm-gnu-toolchain/bin/../lib/gcc/arm-none-eabi/6.3.1/../../../../arm-none-eabi/lib/thumb/v7-m\libc.a(lib_a-lock.o)
 .ARM.attributes
                0x0000080f       0x2d c:/program files (x86)/atmel/studio/7.0/toolchain/arm/arm-gnu-toolchain/bin/../lib/gcc/arm-none-eabi/6.3.1/../../../../arm-none-eabi/lib/thumb/v7-m\libc.a(lib_a-mallocr.o)
 .ARM.attributes
                0x0000083c       0x2d c:/program files (x86)/atmel/studio/7.0/toolchain/arm/arm-gnu-toolchain/bin/../lib/gcc/arm-none-eabi/6.3.1/../../../../arm-none-eabi/lib/thumb/v7-m\libc.a(lib_a-mbtowc_r.o)
 .ARM.attributes
                0x00000869       0x2d c:/program files (x86)/atmel/studio/7.0/toolchain/arm/arm-gnu-toolchain/bin/../lib/gcc/arm-none-eabi/6.3.1/../../../../arm-none-eabi/lib/thumb/v7-m\libc.a(lib_a-memchr-stub.o)
 .ARM.attributes
                0x00000896       0x1b c:/program files (x86)/atmel/studio/7.0/toolchain/arm/arm-gnu-toolchain/bin/../lib/gcc/arm-none-eabi/6.3.1/../../../../arm-none-eabi/lib/thumb/v7-m\libc.a(lib_a-memcpy.o)
 .ARM.attributes
                0x000008b1       0x2d c:/program files (x86)/atmel/studio/7.0/toolchain/arm/arm-gnu-toolchain/bin/../lib/gcc/arm-none-eabi/6.3.1/../../../../arm-none-eabi/lib/thumb/v7-m\libc.a(lib_a-mlock.o)
 .ARM.attributes
                0x000008de       0x2d c:/program files (x86)/atmel/studio/7.0/toolchain/arm/arm-gnu-toolchain/bin/../lib/gcc/arm-none-eabi/6.3.1/../../../../arm-none-eabi/lib/thumb/v7-m\libc.a(lib_a-mprec.o)
 .ARM.attributes
                0x0000090b       0x2d c:/program files (x86)/atmel/studio/7.0/toolchain/arm/arm-gnu-toolchain/bin/../lib/gcc/arm-none-eabi/6.3.1/../../../../arm-none-eabi/lib/thumb/v7-m\libc.a(lib_a-sbrkr.o)
 .ARM.attributes
                0x00000938       0x2d c:/program files (x86)/atmel/studio/7.0/toolchain/arm/arm-gnu-toolchain/bin/../lib/gcc/arm-none-eabi/6.3.1/../../../../arm-none-eabi/lib/thumb/v7-m\libc.a(lib_a-svfiprintf.o)
 .ARM.attributes
                0x00000965       0x2d c:/program files (x86)/atmel/studio/7.0/toolchain/arm/arm-gnu-toolchain/bin/../lib/gcc/arm-none-eabi/6.3.1/../../../../arm-none-eabi/lib/thumb/v7-m\libc.a(lib_a-wctomb_r.o)
 .ARM.attributes
                0x00000992       0x2d c:/program files (x86)/atmel/studio/7.0/toolchain/arm/arm-gnu-toolchain/bin/../lib/gcc/arm-none-eabi/6.3.1/../../../../arm-none-eabi/lib/thumb/v7-m\libc.a(lib_a-__atexit.o)
 .ARM.attributes
                0x000009bf       0x2d c:/program files (x86)/atmel/studio/7.0/toolchain/arm/arm-gnu-toolchain/bin/../lib/gcc/arm-none-eabi/6.3.1/../../../../arm-none-eabi/lib/thumb/v7-m\libc.a(lib_a-callocr.o)
 .ARM.attributes
                0x000009ec       0x2d c:/program files (x86)/atmel/studio/7.0/toolchain/arm/arm-gnu-toolchain/bin/../lib/gcc/arm-none-eabi/6.3.1/../../../../arm-none-eabi/lib/thumb/v7-m\libc.a(lib_a-ctype_.o)
 .ARM.attributes
                0x00000a19       0x2d c:/program files (x86)/atmel/studio/7.0/toolchain/arm/arm-gnu-toolchain/bin/../lib/gcc/arm-none-eabi/6.3.1/../../../../arm-none-eabi/lib/thumb/v7-m\libc.a(lib_a-freer.o)
 .ARM.attributes
                0x00000a46       0x2d c:/program files (x86)/atmel/studio/7.0/toolchain/arm/arm-gnu-toolchain/bin/../lib/gcc/arm-none-eabi/6.3.1/../../../../arm-none-eabi/lib/thumb/v7-m\libc.a(lib_a-memmove.o)
 .ARM.attributes
                0x00000a73       0x2d c:/program files (x86)/atmel/studio/7.0/toolchain/arm/arm-gnu-toolchain/bin/../lib/gcc/arm-none-eabi/6.3.1/../../../../arm-none-eabi/lib/thumb/v7-m\libc.a(lib_a-reallocr.o)
 .ARM.attributes
                0x00000aa0       0x2d c:/program files (x86)/atmel/studio/7.0/toolchain/arm/arm-gnu-toolchain/bin/../lib/gcc/arm-none-eabi/6.3.1/../../../../arm-none-eabi/lib/thumb/v7-m\libc.a(lib_a-reent.o)
 .ARM.attributes
                0x00000acd       0x1d c:/program files (x86)/atmel/studio/7.0/toolchain/arm/arm-gnu-toolchain/bin/../lib/gcc/arm-none-eabi/6.3.1/thumb/v7-m\libgcc.a(_arm_addsubdf3.o)
 .ARM.attributes
                0x00000aea       0x1d c:/program files (x86)/atmel/studio/7.0/toolchain/arm/arm-gnu-toolchain/bin/../lib/gcc/arm-none-eabi/6.3.1/thumb/v7-m\libgcc.a(_arm_muldivdf3.o)
 .ARM.attributes
                0x00000b07       0x1d c:/program files (x86)/atmel/studio/7.0/toolchain/arm/arm-gnu-toolchain/bin/../lib/gcc/arm-none-eabi/6.3.1/thumb/v7-m\libgcc.a(_arm_cmpdf2.o)
 .ARM.attributes
                0x00000b24       0x1d c:/program files (x86)/atmel/studio/7.0/toolchain/arm/arm-gnu-toolchain/bin/../lib/gcc/arm-none-eabi/6.3.1/thumb/v7-m\libgcc.a(_arm_unorddf2.o)
 .ARM.attributes
                0x00000b41       0x1d c:/program files (x86)/atmel/studio/7.0/toolchain/arm/arm-gnu-toolchain/bin/../lib/gcc/arm-none-eabi/6.3.1/thumb/v7-m\libgcc.a(_arm_fixdfsi.o)
 .ARM.attributes
                0x00000b5e       0x1d c:/program files (x86)/atmel/studio/7.0/toolchain/arm/arm-gnu-toolchain/bin/../lib/gcc/arm-none-eabi/6.3.1/thumb/v7-m\libgcc.a(_aeabi_uldivmod.o)
 .ARM.attributes
                0x00000b7b       0x2d c:/program files (x86)/atmel/studio/7.0/toolchain/arm/arm-gnu-toolchain/bin/../lib/gcc/arm-none-eabi/6.3.1/thumb/v7-m\libgcc.a(_udivmoddi4.o)
 .ARM.attributes
                0x00000ba8       0x1d c:/program files (x86)/atmel/studio/7.0/toolchain/arm/arm-gnu-toolchain/bin/../lib/gcc/arm-none-eabi/6.3.1/thumb/v7-m\libgcc.a(_dvmd_tls.o)
 .ARM.attributes
                0x00000bc5       0x1d c:/program files (x86)/atmel/studio/7.0/toolchain/arm/arm-gnu-toolchain/bin/../lib/gcc/arm-none-eabi/6.3.1/thumb/v7-m/crtn.o

.comment        0x00000000       0x59
 .comment       0x00000000       0x59 src/ASF/sam/drivers/rtc/rtc.o
                                 0x5a (size before relaxing)
 .comment       0x00000059       0x5a src/Kernel/LCD.o
 .comment       0x00000059       0x5a src/Sources files/menu.o
 .comment       0x00000059       0x5a src/ASF/sam/drivers/tc/tc.o
 .comment       0x00000059       0x5a src/ASF/sam/drivers/usart/usart.o
 .comment       0x00000059       0x5a src/Kernel/CRC16MODBUS.o
 .comment       0x00000059       0x5a src/Kernel/error.o
 .comment       0x00000059       0x5a src/Kernel/shell.o
 .comment       0x00000059       0x5a src/Kernel/shellcmd.o
 .comment       0x00000059       0x5a src/Kernel/shellcom.o
 .comment       0x00000059       0x5a src/Kernel/taskman.o
 .comment       0x00000059       0x5a src/Sources files/appli.o
 .comment       0x00000059       0x5a src/Sources files/main.o
 .comment       0x00000059       0x5a src/ASF/common/services/delay/sam/cycle_counter.o
 .comment       0x00000059       0x5a src/ASF/common/services/clock/sam3x/sysclk.o
 .comment       0x00000059       0x5a src/ASF/common/utils/interrupt/interrupt_sam_nvic.o
 .comment       0x00000059       0x5a src/ASF/sam/boards/arduino_due_x/init.o
 .comment       0x00000059       0x5a src/ASF/sam/drivers/pio/pio.o
 .comment       0x00000059       0x5a src/ASF/sam/drivers/pio/pio_handler.o
 .comment       0x00000059       0x5a src/ASF/sam/drivers/pmc/pmc.o
 .comment       0x00000059       0x5a src/ASF/sam/utils/cmsis/sam3x/source/templates/exceptions.o
 .comment       0x00000059       0x5a src/ASF/sam/utils/cmsis/sam3x/source/templates/gcc/startup_sam3x.o
 .comment       0x00000059       0x5a src/ASF/sam/utils/cmsis/sam3x/source/templates/system_sam3x.o
 .comment       0x00000059       0x5a src/ASF/sam/utils/syscalls/gcc/syscalls.o

.debug_info     0x00000000    0x1a68c
 .debug_info    0x00000000     0x10ed src/ASF/sam/drivers/rtc/rtc.o
 .debug_info    0x000010ed     0x103c src/Kernel/LCD.o
 .debug_info    0x00002129     0x13f3 src/Sources files/menu.o
 .debug_info    0x0000351c     0x1260 src/ASF/sam/drivers/tc/tc.o
 .debug_info    0x0000477c     0x24e6 src/ASF/sam/drivers/usart/usart.o
 .debug_info    0x00006c62      0x111 src/Kernel/CRC16MODBUS.o
 .debug_info    0x00006d73      0xcdb src/Kernel/error.o
 .debug_info    0x00007a4e     0x154a src/Kernel/shell.o
 .debug_info    0x00008f98     0x15e2 src/Kernel/shellcmd.o
 .debug_info    0x0000a57a     0x14cb src/Kernel/shellcom.o
 .debug_info    0x0000ba45     0x1bb5 src/Kernel/taskman.o
 .debug_info    0x0000d5fa      0xbd6 src/Sources files/appli.o
 .debug_info    0x0000e1d0      0xc7b src/Sources files/main.o
 .debug_info    0x0000ee4b      0xa45 src/ASF/common/services/delay/sam/cycle_counter.o
 .debug_info    0x0000f890     0x11ad src/ASF/common/services/clock/sam3x/sysclk.o
 .debug_info    0x00010a3d      0xb01 src/ASF/common/utils/interrupt/interrupt_sam_nvic.o
 .debug_info    0x0001153e     0x108a src/ASF/sam/boards/arduino_due_x/init.o
 .debug_info    0x000125c8     0x1c61 src/ASF/sam/drivers/pio/pio.o
 .debug_info    0x00014229     0x17be src/ASF/sam/drivers/pio/pio_handler.o
 .debug_info    0x000159e7     0x19df src/ASF/sam/drivers/pmc/pmc.o
 .debug_info    0x000173c6      0xa39 src/ASF/sam/utils/cmsis/sam3x/source/templates/exceptions.o
 .debug_info    0x00017dff      0xd1b src/ASF/sam/utils/cmsis/sam3x/source/templates/gcc/startup_sam3x.o
 .debug_info    0x00018b1a      0xdc2 src/ASF/sam/utils/cmsis/sam3x/source/templates/system_sam3x.o
 .debug_info    0x000198dc      0xdb0 src/ASF/sam/utils/syscalls/gcc/syscalls.o

.debug_abbrev   0x00000000     0x3fe7
 .debug_abbrev  0x00000000      0x2e3 src/ASF/sam/drivers/rtc/rtc.o
 .debug_abbrev  0x000002e3      0x28d src/Kernel/LCD.o
 .debug_abbrev  0x00000570      0x2de src/Sources files/menu.o
 .debug_abbrev  0x0000084e      0x293 src/ASF/sam/drivers/tc/tc.o
 .debug_abbrev  0x00000ae1      0x406 src/ASF/sam/drivers/usart/usart.o
 .debug_abbrev  0x00000ee7       0xa6 src/Kernel/CRC16MODBUS.o
 .debug_abbrev  0x00000f8d      0x2a0 src/Kernel/error.o
 .debug_abbrev  0x0000122d      0x34f src/Kernel/shell.o
 .debug_abbrev  0x0000157c      0x329 src/Kernel/shellcmd.o
 .debug_abbrev  0x000018a5      0x36d src/Kernel/shellcom.o
 .debug_abbrev  0x00001c12      0x3e5 src/Kernel/taskman.o
 .debug_abbrev  0x00001ff7      0x236 src/Sources files/appli.o
 .debug_abbrev  0x0000222d      0x27f src/Sources files/main.o
 .debug_abbrev  0x000024ac      0x1b3 src/ASF/common/services/delay/sam/cycle_counter.o
 .debug_abbrev  0x0000265f      0x330 src/ASF/common/services/clock/sam3x/sysclk.o
 .debug_abbrev  0x0000298f      0x212 src/ASF/common/utils/interrupt/interrupt_sam_nvic.o
 .debug_abbrev  0x00002ba1      0x262 src/ASF/sam/boards/arduino_due_x/init.o
 .debug_abbrev  0x00002e03      0x3c7 src/ASF/sam/drivers/pio/pio.o
 .debug_abbrev  0x000031ca      0x329 src/ASF/sam/drivers/pio/pio_handler.o
 .debug_abbrev  0x000034f3      0x306 src/ASF/sam/drivers/pmc/pmc.o
 .debug_abbrev  0x000037f9      0x1a4 src/ASF/sam/utils/cmsis/sam3x/source/templates/exceptions.o
 .debug_abbrev  0x0000399d      0x1f2 src/ASF/sam/utils/cmsis/sam3x/source/templates/gcc/startup_sam3x.o
 .debug_abbrev  0x00003b8f      0x1f4 src/ASF/sam/utils/cmsis/sam3x/source/templates/system_sam3x.o
 .debug_abbrev  0x00003d83      0x264 src/ASF/sam/utils/syscalls/gcc/syscalls.o

.debug_loc      0x00000000     0x4cdd
 .debug_loc     0x00000000      0x8d3 src/ASF/sam/drivers/rtc/rtc.o
 .debug_loc     0x000008d3       0xd0 src/Kernel/LCD.o
 .debug_loc     0x000009a3      0x10c src/Sources files/menu.o
 .debug_loc     0x00000aaf      0x5a4 src/ASF/sam/drivers/tc/tc.o
 .debug_loc     0x00001053     0x1062 src/ASF/sam/drivers/usart/usart.o
 .debug_loc     0x000020b5      0x1ca src/Kernel/CRC16MODBUS.o
 .debug_loc     0x0000227f       0xea src/Kernel/error.o
 .debug_loc     0x00002369      0x29b src/Kernel/shell.o
 .debug_loc     0x00002604      0x35e src/Kernel/shellcmd.o
 .debug_loc     0x00002962      0x190 src/Kernel/shellcom.o
 .debug_loc     0x00002af2      0x1f6 src/Kernel/taskman.o
 .debug_loc     0x00002ce8       0xa0 src/Sources files/appli.o
 .debug_loc     0x00002d88       0xda src/Sources files/main.o
 .debug_loc     0x00002e62      0x183 src/ASF/common/services/clock/sam3x/sysclk.o
 .debug_loc     0x00002fe5       0x70 src/ASF/sam/boards/arduino_due_x/init.o
 .debug_loc     0x00003055      0xacc src/ASF/sam/drivers/pio/pio.o
 .debug_loc     0x00003b21      0x569 src/ASF/sam/drivers/pio/pio_handler.o
 .debug_loc     0x0000408a      0xaeb src/ASF/sam/drivers/pmc/pmc.o
 .debug_loc     0x00004b75       0x6b src/ASF/sam/utils/cmsis/sam3x/source/templates/gcc/startup_sam3x.o
 .debug_loc     0x00004be0       0xfd src/ASF/sam/utils/syscalls/gcc/syscalls.o

.debug_aranges  0x00000000      0xae8
 .debug_aranges
                0x00000000       0xb0 src/ASF/sam/drivers/rtc/rtc.o
 .debug_aranges
                0x000000b0       0x20 src/Kernel/LCD.o
 .debug_aranges
                0x000000d0       0x30 src/Sources files/menu.o
 .debug_aranges
                0x00000100       0xd0 src/ASF/sam/drivers/tc/tc.o
 .debug_aranges
                0x000001d0      0x2a8 src/ASF/sam/drivers/usart/usart.o
 .debug_aranges
                0x00000478       0x28 src/Kernel/CRC16MODBUS.o
 .debug_aranges
                0x000004a0       0x28 src/Kernel/error.o
 .debug_aranges
                0x000004c8       0x40 src/Kernel/shell.o
 .debug_aranges
                0x00000508       0x30 src/Kernel/shellcmd.o
 .debug_aranges
                0x00000538       0x28 src/Kernel/shellcom.o
 .debug_aranges
                0x00000560       0x28 src/Kernel/taskman.o
 .debug_aranges
                0x00000588       0x20 src/Sources files/appli.o
 .debug_aranges
                0x000005a8       0x28 src/Sources files/main.o
 .debug_aranges
                0x000005d0       0x20 src/ASF/common/services/delay/sam/cycle_counter.o
 .debug_aranges
                0x000005f0       0x40 src/ASF/common/services/clock/sam3x/sysclk.o
 .debug_aranges
                0x00000630       0x28 src/ASF/common/utils/interrupt/interrupt_sam_nvic.o
 .debug_aranges
                0x00000658       0x20 src/ASF/sam/boards/arduino_due_x/init.o
 .debug_aranges
                0x00000678      0x148 src/ASF/sam/drivers/pio/pio.o
 .debug_aranges
                0x000007c0       0x58 src/ASF/sam/drivers/pio/pio_handler.o
 .debug_aranges
                0x00000818      0x200 src/ASF/sam/drivers/pmc/pmc.o
 .debug_aranges
                0x00000a18       0x20 src/ASF/sam/utils/cmsis/sam3x/source/templates/exceptions.o
 .debug_aranges
                0x00000a38       0x20 src/ASF/sam/utils/cmsis/sam3x/source/templates/gcc/startup_sam3x.o
 .debug_aranges
                0x00000a58       0x30 src/ASF/sam/utils/cmsis/sam3x/source/templates/system_sam3x.o
 .debug_aranges
                0x00000a88       0x60 src/ASF/sam/utils/syscalls/gcc/syscalls.o

.debug_ranges   0x00000000      0x9b0
 .debug_ranges  0x00000000       0xa0 src/ASF/sam/drivers/rtc/rtc.o
 .debug_ranges  0x000000a0       0x10 src/Kernel/LCD.o
 .debug_ranges  0x000000b0       0x20 src/Sources files/menu.o
 .debug_ranges  0x000000d0       0xc0 src/ASF/sam/drivers/tc/tc.o
 .debug_ranges  0x00000190      0x298 src/ASF/sam/drivers/usart/usart.o
 .debug_ranges  0x00000428       0x18 src/Kernel/CRC16MODBUS.o
 .debug_ranges  0x00000440       0x18 src/Kernel/error.o
 .debug_ranges  0x00000458       0x30 src/Kernel/shell.o
 .debug_ranges  0x00000488       0x20 src/Kernel/shellcmd.o
 .debug_ranges  0x000004a8       0x18 src/Kernel/shellcom.o
 .debug_ranges  0x000004c0       0x30 src/Kernel/taskman.o
 .debug_ranges  0x000004f0       0x10 src/Sources files/appli.o
 .debug_ranges  0x00000500       0x18 src/Sources files/main.o
 .debug_ranges  0x00000518       0x10 src/ASF/common/services/delay/sam/cycle_counter.o
 .debug_ranges  0x00000528       0x30 src/ASF/common/services/clock/sam3x/sysclk.o
 .debug_ranges  0x00000558       0x18 src/ASF/common/utils/interrupt/interrupt_sam_nvic.o
 .debug_ranges  0x00000570       0x10 src/ASF/sam/boards/arduino_due_x/init.o
 .debug_ranges  0x00000580      0x150 src/ASF/sam/drivers/pio/pio.o
 .debug_ranges  0x000006d0       0x60 src/ASF/sam/drivers/pio/pio_handler.o
 .debug_ranges  0x00000730      0x1f0 src/ASF/sam/drivers/pmc/pmc.o
 .debug_ranges  0x00000920       0x10 src/ASF/sam/utils/cmsis/sam3x/source/templates/exceptions.o
 .debug_ranges  0x00000930       0x10 src/ASF/sam/utils/cmsis/sam3x/source/templates/gcc/startup_sam3x.o
 .debug_ranges  0x00000940       0x20 src/ASF/sam/utils/cmsis/sam3x/source/templates/system_sam3x.o
 .debug_ranges  0x00000960       0x50 src/ASF/sam/utils/syscalls/gcc/syscalls.o

.debug_macro    0x00000000    0x1ba21
 .debug_macro   0x00000000      0x572 src/ASF/sam/drivers/rtc/rtc.o
 .debug_macro   0x00000572      0x8ce src/ASF/sam/drivers/rtc/rtc.o
 .debug_macro   0x00000e40      0x16d src/ASF/sam/drivers/rtc/rtc.o
 .debug_macro   0x00000fad      0x64b src/ASF/sam/drivers/rtc/rtc.o
 .debug_macro   0x000015f8       0x76 src/ASF/sam/drivers/rtc/rtc.o
 .debug_macro   0x0000166e       0x16 src/ASF/sam/drivers/rtc/rtc.o
 .debug_macro   0x00001684      0x6e4 src/ASF/sam/drivers/rtc/rtc.o
 .debug_macro   0x00001d68       0x22 src/ASF/sam/drivers/rtc/rtc.o
 .debug_macro   0x00001d8a       0x87 src/ASF/sam/drivers/rtc/rtc.o
 .debug_macro   0x00001e11       0x51 src/ASF/sam/drivers/rtc/rtc.o
 .debug_macro   0x00001e62       0xef src/ASF/sam/drivers/rtc/rtc.o
 .debug_macro   0x00001f51       0x6a src/ASF/sam/drivers/rtc/rtc.o
 .debug_macro   0x00001fbb      0x1df src/ASF/sam/drivers/rtc/rtc.o
 .debug_macro   0x0000219a       0x20 src/ASF/sam/drivers/rtc/rtc.o
 .debug_macro   0x000021ba       0x3a src/ASF/sam/drivers/rtc/rtc.o
 .debug_macro   0x000021f4       0x2d src/ASF/sam/drivers/rtc/rtc.o
 .debug_macro   0x00002221      0xbb1 src/ASF/sam/drivers/rtc/rtc.o
 .debug_macro   0x00002dd2      0xab6 src/ASF/sam/drivers/rtc/rtc.o
 .debug_macro   0x00003888      0x569 src/ASF/sam/drivers/rtc/rtc.o
 .debug_macro   0x00003df1      0x2b5 src/ASF/sam/drivers/rtc/rtc.o
 .debug_macro   0x000040a6      0x31a src/ASF/sam/drivers/rtc/rtc.o
 .debug_macro   0x000043c0      0x74f src/ASF/sam/drivers/rtc/rtc.o
 .debug_macro   0x00004b0f       0x82 src/ASF/sam/drivers/rtc/rtc.o
 .debug_macro   0x00004b91      0x57b src/ASF/sam/drivers/rtc/rtc.o
 .debug_macro   0x0000510c       0x1c src/ASF/sam/drivers/rtc/rtc.o
 .debug_macro   0x00005128      0x6b7 src/ASF/sam/drivers/rtc/rtc.o
 .debug_macro   0x000057df      0x52d src/ASF/sam/drivers/rtc/rtc.o
 .debug_macro   0x00005d0c       0xbe src/ASF/sam/drivers/rtc/rtc.o
 .debug_macro   0x00005dca     0x2342 src/ASF/sam/drivers/rtc/rtc.o
 .debug_macro   0x0000810c      0x85d src/ASF/sam/drivers/rtc/rtc.o
 .debug_macro   0x00008969      0xdc9 src/ASF/sam/drivers/rtc/rtc.o
 .debug_macro   0x00009732       0x7c src/ASF/sam/drivers/rtc/rtc.o
 .debug_macro   0x000097ae      0x263 src/ASF/sam/drivers/rtc/rtc.o
 .debug_macro   0x00009a11       0x58 src/ASF/sam/drivers/rtc/rtc.o
 .debug_macro   0x00009a69      0x9a7 src/ASF/sam/drivers/rtc/rtc.o
 .debug_macro   0x0000a410      0x248 src/ASF/sam/drivers/rtc/rtc.o
 .debug_macro   0x0000a658      0x4df src/ASF/sam/drivers/rtc/rtc.o
 .debug_macro   0x0000ab37      0x6b3 src/ASF/sam/drivers/rtc/rtc.o
 .debug_macro   0x0000b1ea      0x59f src/ASF/sam/drivers/rtc/rtc.o
 .debug_macro   0x0000b789       0x46 src/ASF/sam/drivers/rtc/rtc.o
 .debug_macro   0x0000b7cf      0x34d src/ASF/sam/drivers/rtc/rtc.o
 .debug_macro   0x0000bb1c      0x28c src/ASF/sam/drivers/rtc/rtc.o
 .debug_macro   0x0000bda8     0x14d7 src/ASF/sam/drivers/rtc/rtc.o
 .debug_macro   0x0000d27f      0x7ba src/ASF/sam/drivers/rtc/rtc.o
 .debug_macro   0x0000da39       0x76 src/ASF/sam/drivers/rtc/rtc.o
 .debug_macro   0x0000daaf       0x82 src/ASF/sam/drivers/rtc/rtc.o
 .debug_macro   0x0000db31       0x76 src/ASF/sam/drivers/rtc/rtc.o
 .debug_macro   0x0000dba7       0x4c src/ASF/sam/drivers/rtc/rtc.o
 .debug_macro   0x0000dbf3      0x105 src/ASF/sam/drivers/rtc/rtc.o
 .debug_macro   0x0000dcf8      0x105 src/ASF/sam/drivers/rtc/rtc.o
 .debug_macro   0x0000ddfd      0x105 src/ASF/sam/drivers/rtc/rtc.o
 .debug_macro   0x0000df02       0x88 src/ASF/sam/drivers/rtc/rtc.o
 .debug_macro   0x0000df8a       0x88 src/ASF/sam/drivers/rtc/rtc.o
 .debug_macro   0x0000e012      0x3b4 src/ASF/sam/drivers/rtc/rtc.o
 .debug_macro   0x0000e3c6       0xb8 src/ASF/sam/drivers/rtc/rtc.o
 .debug_macro   0x0000e47e       0xb8 src/ASF/sam/drivers/rtc/rtc.o
 .debug_macro   0x0000e536       0xb8 src/ASF/sam/drivers/rtc/rtc.o
 .debug_macro   0x0000e5ee       0xb8 src/ASF/sam/drivers/rtc/rtc.o
 .debug_macro   0x0000e6a6      0x2b8 src/ASF/sam/drivers/rtc/rtc.o
 .debug_macro   0x0000e95e      0x125 src/ASF/sam/drivers/rtc/rtc.o
 .debug_macro   0x0000ea83      0x225 src/ASF/sam/drivers/rtc/rtc.o
 .debug_macro   0x0000eca8      0x225 src/ASF/sam/drivers/rtc/rtc.o
 .debug_macro   0x0000eecd       0x2e src/ASF/sam/drivers/rtc/rtc.o
 .debug_macro   0x0000eefb       0xac src/ASF/sam/drivers/rtc/rtc.o
 .debug_macro   0x0000efa7      0x14d src/ASF/sam/drivers/rtc/rtc.o
 .debug_macro   0x0000f0f4       0x7c src/ASF/sam/drivers/rtc/rtc.o
 .debug_macro   0x0000f170      0x205 src/ASF/sam/drivers/rtc/rtc.o
 .debug_macro   0x0000f375       0x64 src/ASF/sam/drivers/rtc/rtc.o
 .debug_macro   0x0000f3d9       0xa6 src/ASF/sam/drivers/rtc/rtc.o
 .debug_macro   0x0000f47f       0x7c src/ASF/sam/drivers/rtc/rtc.o
 .debug_macro   0x0000f4fb       0x16 src/ASF/sam/drivers/rtc/rtc.o
 .debug_macro   0x0000f511       0x22 src/ASF/sam/drivers/rtc/rtc.o
 .debug_macro   0x0000f533       0x22 src/ASF/sam/drivers/rtc/rtc.o
 .debug_macro   0x0000f555      0x115 src/ASF/sam/drivers/rtc/rtc.o
 .debug_macro   0x0000f66a      0x115 src/ASF/sam/drivers/rtc/rtc.o
 .debug_macro   0x0000f77f      0x115 src/ASF/sam/drivers/rtc/rtc.o
 .debug_macro   0x0000f894      0x115 src/ASF/sam/drivers/rtc/rtc.o
 .debug_macro   0x0000f9a9       0x1c src/ASF/sam/drivers/rtc/rtc.o
 .debug_macro   0x0000f9c5       0x2e src/ASF/sam/drivers/rtc/rtc.o
 .debug_macro   0x0000f9f3       0x22 src/ASF/sam/drivers/rtc/rtc.o
 .debug_macro   0x0000fa15       0x1c src/ASF/sam/drivers/rtc/rtc.o
 .debug_macro   0x0000fa31       0x58 src/ASF/sam/drivers/rtc/rtc.o
 .debug_macro   0x0000fa89       0x10 src/ASF/sam/drivers/rtc/rtc.o
 .debug_macro   0x0000fa99      0x273 src/ASF/sam/drivers/rtc/rtc.o
 .debug_macro   0x0000fd0c      0xd43 src/ASF/sam/drivers/rtc/rtc.o
 .debug_macro   0x00010a4f      0x131 src/ASF/sam/drivers/rtc/rtc.o
 .debug_macro   0x00010b80       0x58 src/ASF/sam/drivers/rtc/rtc.o
 .debug_macro   0x00010bd8       0x35 src/ASF/sam/drivers/rtc/rtc.o
 .debug_macro   0x00010c0d       0x9c src/ASF/sam/drivers/rtc/rtc.o
 .debug_macro   0x00010ca9       0x16 src/ASF/sam/drivers/rtc/rtc.o
 .debug_macro   0x00010cbf       0x35 src/ASF/sam/drivers/rtc/rtc.o
 .debug_macro   0x00010cf4      0x353 src/ASF/sam/drivers/rtc/rtc.o
 .debug_macro   0x00011047       0x10 src/ASF/sam/drivers/rtc/rtc.o
 .debug_macro   0x00011057       0x58 src/ASF/sam/drivers/rtc/rtc.o
 .debug_macro   0x000110af       0x1f src/ASF/sam/drivers/rtc/rtc.o
 .debug_macro   0x000110ce       0x43 src/ASF/sam/drivers/rtc/rtc.o
 .debug_macro   0x00011111       0x20 src/ASF/sam/drivers/rtc/rtc.o
 .debug_macro   0x00011131      0x187 src/ASF/sam/drivers/rtc/rtc.o
 .debug_macro   0x000112b8       0x10 src/ASF/sam/drivers/rtc/rtc.o
 .debug_macro   0x000112c8       0x1c src/ASF/sam/drivers/rtc/rtc.o
 .debug_macro   0x000112e4       0x52 src/ASF/sam/drivers/rtc/rtc.o
 .debug_macro   0x00011336       0x40 src/ASF/sam/drivers/rtc/rtc.o
 .debug_macro   0x00011376       0x10 src/ASF/sam/drivers/rtc/rtc.o
 .debug_macro   0x00011386       0x40 src/ASF/sam/drivers/rtc/rtc.o
 .debug_macro   0x000113c6       0xd7 src/ASF/sam/drivers/rtc/rtc.o
 .debug_macro   0x0001149d       0x16 src/ASF/sam/drivers/rtc/rtc.o
 .debug_macro   0x000114b3      0x18b src/ASF/sam/drivers/rtc/rtc.o
 .debug_macro   0x0001163e       0x22 src/ASF/sam/drivers/rtc/rtc.o
 .debug_macro   0x00011660       0x16 src/ASF/sam/drivers/rtc/rtc.o
 .debug_macro   0x00011676       0x16 src/ASF/sam/drivers/rtc/rtc.o
 .debug_macro   0x0001168c       0x29 src/ASF/sam/drivers/rtc/rtc.o
 .debug_macro   0x000116b5       0x75 src/ASF/sam/drivers/rtc/rtc.o
 .debug_macro   0x0001172a       0x45 src/ASF/sam/drivers/rtc/rtc.o
 .debug_macro   0x0001176f      0x3ca src/ASF/sam/drivers/rtc/rtc.o
 .debug_macro   0x00011b39      0x75f src/Kernel/LCD.o
 .debug_macro   0x00012298       0x34 src/Kernel/LCD.o
 .debug_macro   0x000122cc      0x2c6 src/Kernel/LCD.o
 .debug_macro   0x00012592      0x790 src/Kernel/LCD.o
 .debug_macro   0x00012d22       0x5e src/Kernel/LCD.o
 .debug_macro   0x00012d80       0x64 src/Kernel/LCD.o
 .debug_macro   0x00012de4       0x5f src/Kernel/LCD.o
 .debug_macro   0x00012e43       0x90 src/Kernel/LCD.o
 .debug_macro   0x00012ed3       0x28 src/Kernel/LCD.o
 .debug_macro   0x00012efb       0x23 src/Kernel/LCD.o
 .debug_macro   0x00012f1e       0x94 src/Kernel/LCD.o
 .debug_macro   0x00012fb2       0x40 src/Kernel/LCD.o
 .debug_macro   0x00012ff2       0x70 src/Kernel/LCD.o
 .debug_macro   0x00013062       0x34 src/Kernel/LCD.o
 .debug_macro   0x00013096       0x2e src/Kernel/LCD.o
 .debug_macro   0x000130c4       0x5e src/Kernel/LCD.o
 .debug_macro   0x00013122       0x3a src/Kernel/LCD.o
 .debug_macro   0x0001315c       0x22 src/Kernel/LCD.o
 .debug_macro   0x0001317e       0x34 src/Kernel/LCD.o
 .debug_macro   0x000131b2       0x16 src/Kernel/LCD.o
 .debug_macro   0x000131c8       0x82 src/Kernel/LCD.o
 .debug_macro   0x0001324a       0x64 src/Kernel/LCD.o
 .debug_macro   0x000132ae       0x22 src/Kernel/LCD.o
 .debug_macro   0x000132d0       0x10 src/Kernel/LCD.o
 .debug_macro   0x000132e0      0x6c6 src/Sources files/menu.o
 .debug_macro   0x000139a6      0x56c src/ASF/sam/drivers/tc/tc.o
 .debug_macro   0x00013f12       0x52 src/ASF/sam/drivers/tc/tc.o
 .debug_macro   0x00013f64       0x8d src/ASF/sam/drivers/tc/tc.o
 .debug_macro   0x00013ff1       0x16 src/ASF/sam/drivers/tc/tc.o
 .debug_macro   0x00014007       0x57 src/ASF/sam/drivers/tc/tc.o
 .debug_macro   0x0001405e       0x1c src/ASF/sam/drivers/tc/tc.o
 .debug_macro   0x0001407a      0x59b src/ASF/sam/drivers/usart/usart.o
 .debug_macro   0x00014615       0x28 src/ASF/sam/drivers/usart/usart.o
 .debug_macro   0x0001463d       0x15 src/Kernel/CRC16MODBUS.o
 .debug_macro   0x00014652      0x6d0 src/Kernel/error.o
 .debug_macro   0x00014d22      0x787 src/Kernel/shell.o
 .debug_macro   0x000154a9       0x10 src/Kernel/shell.o
 .debug_macro   0x000154b9      0x754 src/Kernel/shellcmd.o
 .debug_macro   0x00015c0d      0x749 src/Kernel/shellcom.o
 .debug_macro   0x00016356      0x75d src/Kernel/taskman.o
 .debug_macro   0x00016ab3      0x6cf src/Sources files/appli.o
 .debug_macro   0x00017182       0x7c src/Sources files/appli.o
 .debug_macro   0x000171fe      0x6c1 src/Sources files/main.o
 .debug_macro   0x000178bf       0x52 src/Sources files/main.o
 .debug_macro   0x00017911      0x55f src/ASF/common/services/delay/sam/cycle_counter.o
 .debug_macro   0x00017e70       0x22 src/ASF/common/services/delay/sam/cycle_counter.o
 .debug_macro   0x00017e92      0x5d1 src/ASF/common/services/clock/sam3x/sysclk.o
 .debug_macro   0x00018463      0x2c0 src/ASF/common/services/clock/sam3x/sysclk.o
 .debug_macro   0x00018723      0x55a src/ASF/common/utils/interrupt/interrupt_sam_nvic.o
 .debug_macro   0x00018c7d       0x3f src/ASF/common/utils/interrupt/interrupt_sam_nvic.o
 .debug_macro   0x00018cbc      0x616 src/ASF/sam/boards/arduino_due_x/init.o
 .debug_macro   0x000192d2       0x16 src/ASF/sam/boards/arduino_due_x/init.o
 .debug_macro   0x000192e8       0x6a src/ASF/sam/boards/arduino_due_x/init.o
 .debug_macro   0x00019352      0x56b src/ASF/sam/drivers/pio/pio.o
 .debug_macro   0x000198bd       0x8e src/ASF/sam/drivers/pio/pio.o
 .debug_macro   0x0001994b      0x56f src/ASF/sam/drivers/pio/pio_handler.o
 .debug_macro   0x00019eba      0x565 src/ASF/sam/drivers/pmc/pmc.o
 .debug_macro   0x0001a41f       0x58 src/ASF/sam/drivers/pmc/pmc.o
 .debug_macro   0x0001a477      0x564 src/ASF/sam/utils/cmsis/sam3x/source/templates/exceptions.o
 .debug_macro   0x0001a9db      0x572 src/ASF/sam/utils/cmsis/sam3x/source/templates/gcc/startup_sam3x.o
 .debug_macro   0x0001af4d      0x572 src/ASF/sam/utils/cmsis/sam3x/source/templates/system_sam3x.o
 .debug_macro   0x0001b4bf       0x26 src/ASF/sam/utils/cmsis/sam3x/source/templates/system_sam3x.o
 .debug_macro   0x0001b4e5      0x1d6 src/ASF/sam/utils/syscalls/gcc/syscalls.o
 .debug_macro   0x0001b6bb       0x97 src/ASF/sam/utils/syscalls/gcc/syscalls.o
 .debug_macro   0x0001b752       0xf6 src/ASF/sam/utils/syscalls/gcc/syscalls.o
 .debug_macro   0x0001b848       0x4c src/ASF/sam/utils/syscalls/gcc/syscalls.o
 .debug_macro   0x0001b894       0x16 src/ASF/sam/utils/syscalls/gcc/syscalls.o
 .debug_macro   0x0001b8aa       0x10 src/ASF/sam/utils/syscalls/gcc/syscalls.o
 .debug_macro   0x0001b8ba       0x10 src/ASF/sam/utils/syscalls/gcc/syscalls.o
 .debug_macro   0x0001b8ca       0x35 src/ASF/sam/utils/syscalls/gcc/syscalls.o
 .debug_macro   0x0001b8ff      0x122 src/ASF/sam/utils/syscalls/gcc/syscalls.o

.debug_line     0x00000000    0x1399f
 .debug_line    0x00000000      0xd08 src/ASF/sam/drivers/rtc/rtc.o
 .debug_line    0x00000d08      0xf35 src/Kernel/LCD.o
 .debug_line    0x00001c3d      0xf44 src/Sources files/menu.o
 .debug_line    0x00002b81      0xce6 src/ASF/sam/drivers/tc/tc.o
 .debug_line    0x00003867     0x1222 src/ASF/sam/drivers/usart/usart.o
 .debug_line    0x00004a89       0x7c src/Kernel/CRC16MODBUS.o
 .debug_line    0x00004b05      0xf36 src/Kernel/error.o
 .debug_line    0x00005a3b     0x1006 src/Kernel/shell.o
 .debug_line    0x00006a41      0xfbf src/Kernel/shellcmd.o
 .debug_line    0x00007a00      0xf58 src/Kernel/shellcom.o
 .debug_line    0x00008958      0xf98 src/Kernel/taskman.o
 .debug_line    0x000098f0      0xeef src/Sources files/appli.o
 .debug_line    0x0000a7df      0xf3b src/Sources files/main.o
 .debug_line    0x0000b71a      0xb4e src/ASF/common/services/delay/sam/cycle_counter.o
 .debug_line    0x0000c268      0xcba src/ASF/common/services/clock/sam3x/sysclk.o
 .debug_line    0x0000cf22      0xb62 src/ASF/common/utils/interrupt/interrupt_sam_nvic.o
 .debug_line    0x0000da84      0xd4d src/ASF/sam/boards/arduino_due_x/init.o
 .debug_line    0x0000e7d1      0xec9 src/ASF/sam/drivers/pio/pio.o
 .debug_line    0x0000f69a      0xc0d src/ASF/sam/drivers/pio/pio_handler.o
 .debug_line    0x000102a7     0x10c0 src/ASF/sam/drivers/pmc/pmc.o
 .debug_line    0x00011367      0xb23 src/ASF/sam/utils/cmsis/sam3x/source/templates/exceptions.o
 .debug_line    0x00011e8a      0xb6c src/ASF/sam/utils/cmsis/sam3x/source/templates/gcc/startup_sam3x.o
 .debug_line    0x000129f6      0xb9e src/ASF/sam/utils/cmsis/sam3x/source/templates/system_sam3x.o
 .debug_line    0x00013594      0x40b src/ASF/sam/utils/syscalls/gcc/syscalls.o

.debug_str      0x00000000    0x653ee
 .debug_str     0x00000000    0x5c726 src/ASF/sam/drivers/rtc/rtc.o
                              0x5cadc (size before relaxing)
 .debug_str     0x0005c726     0x554a src/Kernel/LCD.o
                              0x61d39 (size before relaxing)
 .debug_str     0x00061c70      0x570 src/Sources files/menu.o
                              0x61f54 (size before relaxing)
 .debug_str     0x000621e0      0x31d src/ASF/sam/drivers/tc/tc.o
                              0x5cb52 (size before relaxing)
 .debug_str     0x000624fd      0xba0 src/ASF/sam/drivers/usart/usart.o
                              0x5d420 (size before relaxing)
 .debug_str     0x0006309d       0x60 src/Kernel/CRC16MODBUS.o
                               0x2616 (size before relaxing)
 .debug_str     0x000630fd       0x39 src/Kernel/error.o
                              0x61ae1 (size before relaxing)
 .debug_str     0x00063136      0x263 src/Kernel/shell.o
                              0x61de3 (size before relaxing)
 .debug_str     0x00063399      0x132 src/Kernel/shellcmd.o
                              0x61e96 (size before relaxing)
 .debug_str     0x000634cb      0x285 src/Kernel/shellcom.o
                              0x6223a (size before relaxing)
 .debug_str     0x00063750      0x377 src/Kernel/taskman.o
                              0x624a8 (size before relaxing)
 .debug_str     0x00063ac7       0x30 src/Sources files/appli.o
                              0x61a04 (size before relaxing)
 .debug_str     0x00063af7       0x60 src/Sources files/main.o
                              0x617b3 (size before relaxing)
 .debug_str     0x00063b57       0x35 src/ASF/common/services/delay/sam/cycle_counter.o
                              0x5c91e (size before relaxing)
 .debug_str     0x00063b8c      0x346 src/ASF/common/services/clock/sam3x/sysclk.o
                              0x60855 (size before relaxing)
 .debug_str     0x00063ed2       0x45 src/ASF/common/utils/interrupt/interrupt_sam_nvic.o
                              0x5c7fa (size before relaxing)
 .debug_str     0x00063f17       0x94 src/ASF/sam/boards/arduino_due_x/init.o
                              0x60f37 (size before relaxing)
 .debug_str     0x00063fab      0x382 src/ASF/sam/drivers/pio/pio.o
                              0x5d14e (size before relaxing)
 .debug_str     0x0006432d      0x125 src/ASF/sam/drivers/pio/pio_handler.o
                              0x5d247 (size before relaxing)
 .debug_str     0x00064452      0x57e src/ASF/sam/drivers/pmc/pmc.o
                              0x5d1ca (size before relaxing)
 .debug_str     0x000649d0       0x4d src/ASF/sam/utils/cmsis/sam3x/source/templates/exceptions.o
                              0x5c7c3 (size before relaxing)
 .debug_str     0x00064a1d       0xd4 src/ASF/sam/utils/cmsis/sam3x/source/templates/gcc/startup_sam3x.o
                              0x5c8bf (size before relaxing)
 .debug_str     0x00064af1      0x195 src/ASF/sam/utils/cmsis/sam3x/source/templates/system_sam3x.o
                              0x5ca9b (size before relaxing)
 .debug_str     0x00064c86      0x768 src/ASF/sam/utils/syscalls/gcc/syscalls.o
                               0x73f7 (size before relaxing)

.debug_frame    0x00000000     0x2458
 .debug_frame   0x00000000      0x1a4 src/ASF/sam/drivers/rtc/rtc.o
 .debug_frame   0x000001a4       0x48 src/Kernel/LCD.o
 .debug_frame   0x000001ec       0x94 src/Sources files/menu.o
 .debug_frame   0x00000280      0x1a8 src/ASF/sam/drivers/tc/tc.o
 .debug_frame   0x00000428      0x5cc src/ASF/sam/drivers/usart/usart.o
 .debug_frame   0x000009f4       0x3c src/Kernel/CRC16MODBUS.o
 .debug_frame   0x00000a30       0x74 src/Kernel/error.o
 .debug_frame   0x00000aa4       0xa8 src/Kernel/shell.o
 .debug_frame   0x00000b4c       0x68 src/Kernel/shellcmd.o
 .debug_frame   0x00000bb4       0x74 src/Kernel/shellcom.o
 .debug_frame   0x00000c28       0x6c src/Kernel/taskman.o
 .debug_frame   0x00000c94       0x48 src/Sources files/appli.o
 .debug_frame   0x00000cdc       0x48 src/Sources files/main.o
 .debug_frame   0x00000d24       0x20 src/ASF/common/services/delay/sam/cycle_counter.o
 .debug_frame   0x00000d44       0x88 src/ASF/common/services/clock/sam3x/sysclk.o
 .debug_frame   0x00000dcc       0x30 src/ASF/common/utils/interrupt/interrupt_sam_nvic.o
 .debug_frame   0x00000dfc       0x28 src/ASF/sam/boards/arduino_due_x/init.o
 .debug_frame   0x00000e24      0x2b8 src/ASF/sam/drivers/pio/pio.o
 .debug_frame   0x000010dc       0xf8 src/ASF/sam/drivers/pio/pio_handler.o
 .debug_frame   0x000011d4      0x3ec src/ASF/sam/drivers/pmc/pmc.o
 .debug_frame   0x000015c0       0x20 src/ASF/sam/utils/cmsis/sam3x/source/templates/exceptions.o
 .debug_frame   0x000015e0       0x28 src/ASF/sam/utils/cmsis/sam3x/source/templates/gcc/startup_sam3x.o
 .debug_frame   0x00001608       0x40 src/ASF/sam/utils/cmsis/sam3x/source/templates/system_sam3x.o
 .debug_frame   0x00001648       0xa0 src/ASF/sam/utils/syscalls/gcc/syscalls.o
 .debug_frame   0x000016e8       0x30 c:/program files (x86)/atmel/studio/7.0/toolchain/arm/arm-gnu-toolchain/bin/../lib/gcc/arm-none-eabi/6.3.1/../../../../arm-none-eabi/lib/thumb/v7-m\libc.a(lib_a-atoi.o)
 .debug_frame   0x00001718       0x2c c:/program files (x86)/atmel/studio/7.0/toolchain/arm/arm-gnu-toolchain/bin/../lib/gcc/arm-none-eabi/6.3.1/../../../../arm-none-eabi/lib/thumb/v7-m\libc.a(lib_a-init.o)
 .debug_frame   0x00001744       0x34 c:/program files (x86)/atmel/studio/7.0/toolchain/arm/arm-gnu-toolchain/bin/../lib/gcc/arm-none-eabi/6.3.1/../../../../arm-none-eabi/lib/thumb/v7-m\libc.a(lib_a-memset.o)
 .debug_frame   0x00001778       0x84 c:/program files (x86)/atmel/studio/7.0/toolchain/arm/arm-gnu-toolchain/bin/../lib/gcc/arm-none-eabi/6.3.1/../../../../arm-none-eabi/lib/thumb/v7-m\libc.a(lib_a-sprintf.o)
 .debug_frame   0x000017fc       0x20 c:/program files (x86)/atmel/studio/7.0/toolchain/arm/arm-gnu-toolchain/bin/../lib/gcc/arm-none-eabi/6.3.1/../../../../arm-none-eabi/lib/thumb/v7-m\libc.a(lib_a-strlen-stub.o)
 .debug_frame   0x0000181c       0x20 c:/program files (x86)/atmel/studio/7.0/toolchain/arm/arm-gnu-toolchain/bin/../lib/gcc/arm-none-eabi/6.3.1/../../../../arm-none-eabi/lib/thumb/v7-m\libc.a(lib_a-strtok.o)
 .debug_frame   0x0000183c       0x48 c:/program files (x86)/atmel/studio/7.0/toolchain/arm/arm-gnu-toolchain/bin/../lib/gcc/arm-none-eabi/6.3.1/../../../../arm-none-eabi/lib/thumb/v7-m\libc.a(lib_a-strtok_r.o)
 .debug_frame   0x00001884       0x9c c:/program files (x86)/atmel/studio/7.0/toolchain/arm/arm-gnu-toolchain/bin/../lib/gcc/arm-none-eabi/6.3.1/../../../../arm-none-eabi/lib/thumb/v7-m\libc.a(lib_a-strtol.o)
 .debug_frame   0x00001920       0x40 c:/program files (x86)/atmel/studio/7.0/toolchain/arm/arm-gnu-toolchain/bin/../lib/gcc/arm-none-eabi/6.3.1/../../../../arm-none-eabi/lib/thumb/v7-m\libc.a(lib_a-svfprintf.o)
 .debug_frame   0x00001960       0x5c c:/program files (x86)/atmel/studio/7.0/toolchain/arm/arm-gnu-toolchain/bin/../lib/gcc/arm-none-eabi/6.3.1/../../../../arm-none-eabi/lib/thumb/v7-m\libc.a(lib_a-__call_atexit.o)
 .debug_frame   0x000019bc       0x20 c:/program files (x86)/atmel/studio/7.0/toolchain/arm/arm-gnu-toolchain/bin/../lib/gcc/arm-none-eabi/6.3.1/../../../../arm-none-eabi/lib/thumb/v7-m\libc.a(lib_a-atexit.o)